[STARTING] Binary PSO Optimization for benchmarks/arithmetic/adder.blif
   Mode: COMBINED | Particles: 100 | Iterations: 100
[INFO] Iteration 1/100 — >> EXPLOITATION <<
Calculating Reference QoR...
ref_lut = 257.0000/ ref_levels = 51.0000
Calculating Reference QoR...
ref_lut = 257.0000/ ref_levels = 51.0000
Calculating Reference QoR...
ref_lut = 257.0000/ ref_levels = 51.0000
Calculating Reference QoR...
ref_lut = 257.0000/ ref_levels = 51.0000
Calculating Reference QoR...
ref_lut = 257.0000/ ref_levels = 51.0000
Calculating Reference QoR...
ref_lut = 257.0000/ ref_levels = 51.0000
Calculating Reference QoR...
ref_lut = 257.0000/ ref_levels = 51.0000
Calculating Reference QoR...
ref_lut = 257.0000/ ref_levels = 51.0000
    Best Score This Iteration: 1.514992 improve 24.25 %
[INFO] Iteration 2/100 — >> EXPLOITATION <<
Calculating Reference QoR...
ref_lut = 257.0000/ ref_levels = 51.0000
Calculating Reference QoR...
ref_lut = 257.0000/ ref_levels = 51.0000
Calculating Reference QoR...
ref_lut = 257.0000/ ref_levels = 51.0000
Calculating Reference QoR...
ref_lut = 257.0000/ ref_levels = 51.0000
Calculating Reference QoR...
ref_lut = 257.0000/ ref_levels = 51.0000
Calculating Reference QoR...
ref_lut = 257.0000/ ref_levels = 51.0000
Calculating Reference QoR...
ref_lut = 257.0000/ ref_levels = 51.0000
Calculating Reference QoR...
ref_lut = 257.0000/ ref_levels = 51.0000
Calculating Reference QoR...
ref_lut = 257.0000/ ref_levels = 51.0000
    Best Score This Iteration: 1.514992 improve 24.25 %
[INFO] Iteration 3/100 — >> EXPLOITATION <<
Calculating Reference QoR...
ref_lut = 257.0000/ ref_levels = 51.0000
Calculating Reference QoR...
ref_lut = 257.0000/ ref_levels = 51.0000
Calculating Reference QoR...
ref_lut = 257.0000/ ref_levels = 51.0000
Calculating Reference QoR...
ref_lut = 257.0000/ ref_levels = 51.0000
Calculating Reference QoR...
ref_lut = 257.0000/ ref_levels = 51.0000
Calculating Reference QoR...
ref_lut = 257.0000/ ref_levels = 51.0000
Calculating Reference QoR...
ref_lut = 257.0000/ ref_levels = 51.0000
Calculating Reference QoR...
ref_lut = 257.0000/ ref_levels = 51.0000
Calculating Reference QoR...
ref_lut = 257.0000/ ref_levels = 51.0000
    Best Score This Iteration: 1.514992 improve 24.25 %
[INFO] Iteration 4/100 — >> EXPLOITATION <<
Calculating Reference QoR...
ref_lut = 257.0000/ ref_levels = 51.0000
Calculating Reference QoR...
ref_lut = 257.0000/ ref_levels = 51.0000
Calculating Reference QoR...
ref_lut = 257.0000/ ref_levels = 51.0000
Calculating Reference QoR...
ref_lut = 257.0000/ ref_levels = 51.0000
Calculating Reference QoR...
ref_lut = 257.0000/ ref_levels = 51.0000
Calculating Reference QoR...
ref_lut = 257.0000/ ref_levels = 51.0000
Calculating Reference QoR...
ref_lut = 257.0000/ ref_levels = 51.0000
Calculating Reference QoR...
ref_lut = 257.0000/ ref_levels = 51.0000
Calculating Reference QoR...
ref_lut = 257.0000/ ref_levels = 51.0000
    Best Score This Iteration: 1.514992 improve 24.25 %
[INFO] Iteration 5/100 — >> EXPLOITATION <<
Calculating Reference QoR...
ref_lut = 257.0000/ ref_levels = 51.0000
Calculating Reference QoR...
ref_lut = 257.0000/ ref_levels = 51.0000
Calculating Reference QoR...
ref_lut = 257.0000/ ref_levels = 51.0000
Calculating Reference QoR...
ref_lut = 257.0000/ ref_levels = 51.0000
Calculating Reference QoR...
ref_lut = 257.0000/ ref_levels = 51.0000
Calculating Reference QoR...
ref_lut = 257.0000/ ref_levels = 51.0000
Calculating Reference QoR...
ref_lut = 257.0000/ ref_levels = 51.0000
Calculating Reference QoR...
ref_lut = 257.0000/ ref_levels = 51.0000
Calculating Reference QoR...
ref_lut = 257.0000/ ref_levels = 51.0000
    Best Score This Iteration: 1.514992 improve 24.25 %
[INFO] Iteration 6/100 — >> EXPLOITATION <<
Calculating Reference QoR...
ref_lut = 257.0000/ ref_levels = 51.0000
Calculating Reference QoR...
ref_lut = 257.0000/ ref_levels = 51.0000
Calculating Reference QoR...
ref_lut = 257.0000/ ref_levels = 51.0000
Calculating Reference QoR...
ref_lut = 257.0000/ ref_levels = 51.0000
Calculating Reference QoR...
ref_lut = 257.0000/ ref_levels = 51.0000
Calculating Reference QoR...
ref_lut = 257.0000/ ref_levels = 51.0000
Calculating Reference QoR...
ref_lut = 257.0000/ ref_levels = 51.0000
Calculating Reference QoR...
ref_lut = 257.0000/ ref_levels = 51.0000
Calculating Reference QoR...
ref_lut = 257.0000/ ref_levels = 51.0000
    Best Score This Iteration: 1.514992 improve 24.25 %
[INFO] Iteration 7/100 — >> EXPLOITATION <<
Calculating Reference QoR...
ref_lut = 257.0000/ ref_levels = 51.0000
Calculating Reference QoR...
ref_lut = 257.0000/ ref_levels = 51.0000
Calculating Reference QoR...
ref_lut = 257.0000/ ref_levels = 51.0000
Calculating Reference QoR...
ref_lut = 257.0000/ ref_levels = 51.0000
Calculating Reference QoR...
ref_lut = 257.0000/ ref_levels = 51.0000
Calculating Reference QoR...
ref_lut = 257.0000/ ref_levels = 51.0000
Calculating Reference QoR...
ref_lut = 257.0000/ ref_levels = 51.0000
Calculating Reference QoR...
ref_lut = 257.0000/ ref_levels = 51.0000
Calculating Reference QoR...
ref_lut = 257.0000/ ref_levels = 51.0000
    Best Score This Iteration: 1.514992 improve 24.25 %
[INFO] Iteration 8/100 — >> EXPLOITATION <<
Calculating Reference QoR...
ref_lut = 257.0000/ ref_levels = 51.0000
Calculating Reference QoR...
ref_lut = 257.0000/ ref_levels = 51.0000
Calculating Reference QoR...
ref_lut = 257.0000/ ref_levels = 51.0000
Calculating Reference QoR...
ref_lut = 257.0000/ ref_levels = 51.0000
Calculating Reference QoR...
ref_lut = 257.0000/ ref_levels = 51.0000
Calculating Reference QoR...
ref_lut = 257.0000/ ref_levels = 51.0000
Calculating Reference QoR...
ref_lut = 257.0000/ ref_levels = 51.0000
Calculating Reference QoR...
ref_lut = 257.0000/ ref_levels = 51.0000
Calculating Reference QoR...
ref_lut = 257.0000/ ref_levels = 51.0000
    Best Score This Iteration: 1.514992 improve 24.25 %
[INFO] Iteration 9/100 — >> EXPLOITATION <<
Calculating Reference QoR...
ref_lut = 257.0000/ ref_levels = 51.0000
Calculating Reference QoR...
ref_lut = 257.0000/ ref_levels = 51.0000
Calculating Reference QoR...
ref_lut = 257.0000/ ref_levels = 51.0000
Calculating Reference QoR...
ref_lut = 257.0000/ ref_levels = 51.0000
Calculating Reference QoR...
ref_lut = 257.0000/ ref_levels = 51.0000
Calculating Reference QoR...
ref_lut = 257.0000/ ref_levels = 51.0000
Calculating Reference QoR...
ref_lut = 257.0000/ ref_levels = 51.0000
Calculating Reference QoR...
ref_lut = 257.0000/ ref_levels = 51.0000
Calculating Reference QoR...
ref_lut = 257.0000/ ref_levels = 51.0000
    Best Score This Iteration: 1.514992 improve 24.25 %
[INFO] Iteration 10/100 — >> EXPLOITATION <<
Calculating Reference QoR...
ref_lut = 257.0000/ ref_levels = 51.0000
Calculating Reference QoR...
ref_lut = 257.0000/ ref_levels = 51.0000
Calculating Reference QoR...
ref_lut = 257.0000/ ref_levels = 51.0000
Calculating Reference QoR...
ref_lut = 257.0000/ ref_levels = 51.0000
Calculating Reference QoR...
ref_lut = 257.0000/ ref_levels = 51.0000
Calculating Reference QoR...
ref_lut = 257.0000/ ref_levels = 51.0000
Calculating Reference QoR...
ref_lut = 257.0000/ ref_levels = 51.0000
Calculating Reference QoR...
ref_lut = 257.0000/ ref_levels = 51.0000
Calculating Reference QoR...
ref_lut = 257.0000/ ref_levels = 51.0000
    Best Score This Iteration: 1.514992 improve 24.25 %
[INFO] Iteration 11/100 — >> EXPLOITATION <<
Calculating Reference QoR...
ref_lut = 257.0000/ ref_levels = 51.0000
Calculating Reference QoR...
ref_lut = 257.0000/ ref_levels = 51.0000
Calculating Reference QoR...
ref_lut = 257.0000/ ref_levels = 51.0000
Calculating Reference QoR...
ref_lut = 257.0000/ ref_levels = 51.0000
Calculating Reference QoR...
ref_lut = 257.0000/ ref_levels = 51.0000
Calculating Reference QoR...
ref_lut = 257.0000/ ref_levels = 51.0000
Calculating Reference QoR...
ref_lut = 257.0000/ ref_levels = 51.0000
Calculating Reference QoR...
ref_lut = 257.0000/ ref_levels = 51.0000
Calculating Reference QoR...
ref_lut = 257.0000/ ref_levels = 51.0000
    Best Score This Iteration: 1.514992 improve 24.25 %
[INFO] Iteration 12/100 — << EXPLORATION >>
Calculating Reference QoR...
ref_lut = 257.0000/ ref_levels = 51.0000
Calculating Reference QoR...
ref_lut = 257.0000/ ref_levels = 51.0000
Calculating Reference QoR...
ref_lut = 257.0000/ ref_levels = 51.0000
Calculating Reference QoR...
ref_lut = 257.0000/ ref_levels = 51.0000
Calculating Reference QoR...
ref_lut = 257.0000/ ref_levels = 51.0000
Calculating Reference QoR...
ref_lut = 257.0000/ ref_levels = 51.0000
Calculating Reference QoR...
ref_lut = 257.0000/ ref_levels = 51.0000
Calculating Reference QoR...
ref_lut = 257.0000/ ref_levels = 51.0000
Calculating Reference QoR...
ref_lut = 257.0000/ ref_levels = 51.0000
    Best Score This Iteration: 1.514992 improve 24.25 %
[INFO] Iteration 13/100 — << EXPLORATION >>
Calculating Reference QoR...
ref_lut = 257.0000/ ref_levels = 51.0000
Calculating Reference QoR...
ref_lut = 257.0000/ ref_levels = 51.0000
Calculating Reference QoR...
ref_lut = 257.0000/ ref_levels = 51.0000
Calculating Reference QoR...
ref_lut = 257.0000/ ref_levels = 51.0000
Calculating Reference QoR...
ref_lut = 257.0000/ ref_levels = 51.0000
Calculating Reference QoR...
ref_lut = 257.0000/ ref_levels = 51.0000
Calculating Reference QoR...
ref_lut = 257.0000/ ref_levels = 51.0000
Calculating Reference QoR...
ref_lut = 257.0000/ ref_levels = 51.0000
Calculating Reference QoR...
ref_lut = 257.0000/ ref_levels = 51.0000
    Best Score This Iteration: 1.514839 improve 24.26 %
[INFO] Iteration 14/100 — >> EXPLOITATION <<
Calculating Reference QoR...
ref_lut = 257.0000/ ref_levels = 51.0000
Calculating Reference QoR...
ref_lut = 257.0000/ ref_levels = 51.0000
Calculating Reference QoR...
ref_lut = 257.0000/ ref_levels = 51.0000
Calculating Reference QoR...
ref_lut = 257.0000/ ref_levels = 51.0000
Calculating Reference QoR...
ref_lut = 257.0000/ ref_levels = 51.0000
Calculating Reference QoR...
ref_lut = 257.0000/ ref_levels = 51.0000
Calculating Reference QoR...
ref_lut = 257.0000/ ref_levels = 51.0000
Calculating Reference QoR...
ref_lut = 257.0000/ ref_levels = 51.0000
Calculating Reference QoR...
ref_lut = 257.0000/ ref_levels = 51.0000
    Best Score This Iteration: 1.514839 improve 24.26 %
[INFO] Iteration 15/100 — >> EXPLOITATION <<
Calculating Reference QoR...
ref_lut = 257.0000/ ref_levels = 51.0000
Calculating Reference QoR...
ref_lut = 257.0000/ ref_levels = 51.0000
Calculating Reference QoR...
ref_lut = 257.0000/ ref_levels = 51.0000
Calculating Reference QoR...
ref_lut = 257.0000/ ref_levels = 51.0000
Calculating Reference QoR...
ref_lut = 257.0000/ ref_levels = 51.0000
Calculating Reference QoR...
ref_lut = 257.0000/ ref_levels = 51.0000
Calculating Reference QoR...
ref_lut = 257.0000/ ref_levels = 51.0000
Calculating Reference QoR...
ref_lut = 257.0000/ ref_levels = 51.0000
Calculating Reference QoR...
ref_lut = 257.0000/ ref_levels = 51.0000
    Best Score This Iteration: 1.511254 improve 24.44 %
[INFO] Iteration 16/100 — >> EXPLOITATION <<
Calculating Reference QoR...
ref_lut = 257.0000/ ref_levels = 51.0000
Calculating Reference QoR...
ref_lut = 257.0000/ ref_levels = 51.0000
Calculating Reference QoR...
ref_lut = 257.0000/ ref_levels = 51.0000
Calculating Reference QoR...
ref_lut = 257.0000/ ref_levels = 51.0000
Calculating Reference QoR...
ref_lut = 257.0000/ ref_levels = 51.0000
Calculating Reference QoR...
ref_lut = 257.0000/ ref_levels = 51.0000
Calculating Reference QoR...
ref_lut = 257.0000/ ref_levels = 51.0000
Calculating Reference QoR...
ref_lut = 257.0000/ ref_levels = 51.0000
Calculating Reference QoR...
ref_lut = 257.0000/ ref_levels = 51.0000
    Best Score This Iteration: 1.511254 improve 24.44 %
[INFO] Iteration 17/100 — >> EXPLOITATION <<
Calculating Reference QoR...
ref_lut = 257.0000/ ref_levels = 51.0000
Calculating Reference QoR...
ref_lut = 257.0000/ ref_levels = 51.0000
Calculating Reference QoR...
ref_lut = 257.0000/ ref_levels = 51.0000
Calculating Reference QoR...
ref_lut = 257.0000/ ref_levels = 51.0000
Calculating Reference QoR...
ref_lut = 257.0000/ ref_levels = 51.0000
Calculating Reference QoR...
ref_lut = 257.0000/ ref_levels = 51.0000
Calculating Reference QoR...
ref_lut = 257.0000/ ref_levels = 51.0000
Calculating Reference QoR...
ref_lut = 257.0000/ ref_levels = 51.0000
Calculating Reference QoR...
ref_lut = 257.0000/ ref_levels = 51.0000
    Best Score This Iteration: 1.511254 improve 24.44 %
[INFO] Iteration 18/100 — >> EXPLOITATION <<
Calculating Reference QoR...
ref_lut = 257.0000/ ref_levels = 51.0000
Calculating Reference QoR...
ref_lut = 257.0000/ ref_levels = 51.0000
Calculating Reference QoR...
ref_lut = 257.0000/ ref_levels = 51.0000
Calculating Reference QoR...
ref_lut = 257.0000/ ref_levels = 51.0000
Calculating Reference QoR...
ref_lut = 257.0000/ ref_levels = 51.0000
Calculating Reference QoR...
ref_lut = 257.0000/ ref_levels = 51.0000
Calculating Reference QoR...
ref_lut = 257.0000/ ref_levels = 51.0000
Calculating Reference QoR...
ref_lut = 257.0000/ ref_levels = 51.0000
Calculating Reference QoR...
ref_lut = 257.0000/ ref_levels = 51.0000
    Best Score This Iteration: 1.511254 improve 24.44 %
[INFO] Iteration 19/100 — >> EXPLOITATION <<
Calculating Reference QoR...
ref_lut = 257.0000/ ref_levels = 51.0000
Calculating Reference QoR...
ref_lut = 257.0000/ ref_levels = 51.0000
Calculating Reference QoR...
ref_lut = 257.0000/ ref_levels = 51.0000
Calculating Reference QoR...
ref_lut = 257.0000/ ref_levels = 51.0000
Calculating Reference QoR...
ref_lut = 257.0000/ ref_levels = 51.0000
Calculating Reference QoR...
ref_lut = 257.0000/ ref_levels = 51.0000
Calculating Reference QoR...
ref_lut = 257.0000/ ref_levels = 51.0000
Calculating Reference QoR...
ref_lut = 257.0000/ ref_levels = 51.0000
Calculating Reference QoR...
ref_lut = 257.0000/ ref_levels = 51.0000
    Best Score This Iteration: 1.511254 improve 24.44 %
[INFO] Iteration 20/100 — >> EXPLOITATION <<
Calculating Reference QoR...
ref_lut = 257.0000/ ref_levels = 51.0000
Calculating Reference QoR...
ref_lut = 257.0000/ ref_levels = 51.0000
Calculating Reference QoR...
ref_lut = 257.0000/ ref_levels = 51.0000
Calculating Reference QoR...
ref_lut = 257.0000/ ref_levels = 51.0000
Calculating Reference QoR...
ref_lut = 257.0000/ ref_levels = 51.0000
Calculating Reference QoR...
ref_lut = 257.0000/ ref_levels = 51.0000
Calculating Reference QoR...
ref_lut = 257.0000/ ref_levels = 51.0000
Calculating Reference QoR...
ref_lut = 257.0000/ ref_levels = 51.0000
Calculating Reference QoR...
ref_lut = 257.0000/ ref_levels = 51.0000
    Best Score This Iteration: 1.511254 improve 24.44 %
[INFO] Iteration 21/100 — >> EXPLOITATION <<
Calculating Reference QoR...
ref_lut = 257.0000/ ref_levels = 51.0000
Calculating Reference QoR...
ref_lut = 257.0000/ ref_levels = 51.0000
Calculating Reference QoR...
ref_lut = 257.0000/ ref_levels = 51.0000
Calculating Reference QoR...
ref_lut = 257.0000/ ref_levels = 51.0000
Calculating Reference QoR...
ref_lut = 257.0000/ ref_levels = 51.0000
Calculating Reference QoR...
ref_lut = 257.0000/ ref_levels = 51.0000
Calculating Reference QoR...
ref_lut = 257.0000/ ref_levels = 51.0000
Calculating Reference QoR...
ref_lut = 257.0000/ ref_levels = 51.0000
Calculating Reference QoR...
ref_lut = 257.0000/ ref_levels = 51.0000
Refining best with hill climbing...
Calculating Reference QoR...
ref_lut = 257.0000/ ref_levels = 51.0000
:D Hill climbing improved QoR.
    Best Score This Iteration: 1.491646 improve 25.42 %
[INFO] Iteration 22/100 — >> EXPLOITATION <<
    Best Score This Iteration: 1.491646 improve 25.42 %
[INFO] Iteration 23/100 — >> EXPLOITATION <<
    Best Score This Iteration: 1.491646 improve 25.42 %
[INFO] Iteration 24/100 — >> EXPLOITATION <<
    Best Score This Iteration: 1.491646 improve 25.42 %
[INFO] Iteration 25/100 — >> EXPLOITATION <<
    Best Score This Iteration: 1.491646 improve 25.42 %
[INFO] Iteration 26/100 — << EXPLORATION >>
    Best Score This Iteration: 1.491646 improve 25.42 %
[INFO] Iteration 27/100 — << EXPLORATION >>
    Best Score This Iteration: 1.491646 improve 25.42 %
[INFO] Iteration 28/100 — << EXPLORATION >>
    Best Score This Iteration: 1.491646 improve 25.42 %
[INFO] Iteration 29/100 — << EXPLORATION >>
    Best Score This Iteration: 1.491646 improve 25.42 %
[INFO] Iteration 30/100 — << EXPLORATION >>
[STALL] Injecting diversity and elite memory...
    Best Score This Iteration: 1.491646 improve 25.42 %
[INFO] Iteration 31/100 — << EXPLORATION >>
    Best Score This Iteration: 1.491646 improve 25.42 %
[INFO] Iteration 32/100 — << EXPLORATION >>
    Best Score This Iteration: 1.491646 improve 25.42 %
[INFO] Iteration 33/100 — << EXPLORATION >>
    Best Score This Iteration: 1.491646 improve 25.42 %
[INFO] Iteration 34/100 — << EXPLORATION >>
    Best Score This Iteration: 1.491646 improve 25.42 %
[INFO] Iteration 35/100 — << EXPLORATION >>
    Best Score This Iteration: 1.491646 improve 25.42 %
[INFO] Iteration 36/100 — << EXPLORATION >>
    Best Score This Iteration: 1.491646 improve 25.42 %
[INFO] Iteration 37/100 — << EXPLORATION >>
    Best Score This Iteration: 1.491646 improve 25.42 %
[INFO] Iteration 38/100 — << EXPLORATION >>
    Best Score This Iteration: 1.491646 improve 25.42 %
[INFO] Iteration 39/100 — << EXPLORATION >>
    Best Score This Iteration: 1.491646 improve 25.42 %
[INFO] Iteration 40/100 — << EXPLORATION >>
    Best Score This Iteration: 1.491646 improve 25.42 %
[INFO] Iteration 41/100 — << EXPLORATION >>
Refining best with hill climbing...
    Best Score This Iteration: 1.491646 improve 25.42 %
[INFO] Iteration 42/100 — << EXPLORATION >>
    Best Score This Iteration: 1.491646 improve 25.42 %
[INFO] Iteration 43/100 — << EXPLORATION >>
    Best Score This Iteration: 1.491646 improve 25.42 %
[INFO] Iteration 44/100 — << EXPLORATION >>
    Best Score This Iteration: 1.491646 improve 25.42 %
[INFO] Iteration 45/100 — << EXPLORATION >>
[STALL] Injecting diversity and elite memory...
    Best Score This Iteration: 1.491646 improve 25.42 %
[INFO] Iteration 46/100 — << EXPLORATION >>
    Best Score This Iteration: 1.491646 improve 25.42 %
[INFO] Iteration 47/100 — << EXPLORATION >>
    Best Score This Iteration: 1.491646 improve 25.42 %
[INFO] Iteration 48/100 — << EXPLORATION >>
    Best Score This Iteration: 1.491646 improve 25.42 %
[INFO] Iteration 49/100 — << EXPLORATION >>
    Best Score This Iteration: 1.491646 improve 25.42 %
[INFO] Iteration 50/100 — << EXPLORATION >>
    Best Score This Iteration: 1.491646 improve 25.42 %
[INFO] Iteration 51/100 — << EXPLORATION >>
    Best Score This Iteration: 1.491646 improve 25.42 %
[INFO] Iteration 52/100 — << EXPLORATION >>
    Best Score This Iteration: 1.491646 improve 25.42 %
[INFO] Iteration 53/100 — << EXPLORATION >>
    Best Score This Iteration: 1.491646 improve 25.42 %
[INFO] Iteration 54/100 — << EXPLORATION >>
    Best Score This Iteration: 1.491646 improve 25.42 %
[INFO] Iteration 55/100 — << EXPLORATION >>
    Best Score This Iteration: 1.491646 improve 25.42 %
[INFO] Iteration 56/100 — << EXPLORATION >>
    Best Score This Iteration: 1.491646 improve 25.42 %
[INFO] Iteration 57/100 — << EXPLORATION >>
    Best Score This Iteration: 1.491341 improve 25.43 %
[INFO] Iteration 58/100 — >> EXPLOITATION <<
    Best Score This Iteration: 1.491341 improve 25.43 %
[INFO] Iteration 59/100 — >> EXPLOITATION <<
    Best Score This Iteration: 1.491341 improve 25.43 %
[INFO] Iteration 60/100 — >> EXPLOITATION <<
    Best Score This Iteration: 1.491341 improve 25.43 %
[INFO] Iteration 61/100 — >> EXPLOITATION <<
Refining best with hill climbing...
:D Hill climbing improved QoR.
    Best Score This Iteration: 1.487449 improve 25.63 %
[INFO] Iteration 62/100 — >> EXPLOITATION <<
    Best Score This Iteration: 1.487449 improve 25.63 %
[INFO] Iteration 63/100 — >> EXPLOITATION <<
    Best Score This Iteration: 1.487449 improve 25.63 %
[INFO] Iteration 64/100 — >> EXPLOITATION <<
    Best Score This Iteration: 1.487449 improve 25.63 %
[INFO] Iteration 65/100 — >> EXPLOITATION <<
    Best Score This Iteration: 1.487449 improve 25.63 %
[INFO] Iteration 66/100 — >> EXPLOITATION <<
    Best Score This Iteration: 1.487449 improve 25.63 %
[INFO] Iteration 67/100 — >> EXPLOITATION <<
    Best Score This Iteration: 1.487449 improve 25.63 %
[INFO] Iteration 68/100 — << EXPLORATION >>
    Best Score This Iteration: 1.487449 improve 25.63 %
[INFO] Iteration 69/100 — << EXPLORATION >>
    Best Score This Iteration: 1.487449 improve 25.63 %
[INFO] Iteration 70/100 — << EXPLORATION >>
    Best Score This Iteration: 1.487449 improve 25.63 %
[INFO] Iteration 71/100 — << EXPLORATION >>
    Best Score This Iteration: 1.483864 improve 25.81 %
[INFO] Iteration 72/100 — >> EXPLOITATION <<
    Best Score This Iteration: 1.483864 improve 25.81 %
[INFO] Iteration 73/100 — >> EXPLOITATION <<
    Best Score This Iteration: 1.483864 improve 25.81 %
[INFO] Iteration 74/100 — >> EXPLOITATION <<
    Best Score This Iteration: 1.483864 improve 25.81 %
[INFO] Iteration 75/100 — >> EXPLOITATION <<
    Best Score This Iteration: 1.483864 improve 25.81 %
[INFO] Iteration 76/100 — >> EXPLOITATION <<
    Best Score This Iteration: 1.483864 improve 25.81 %
[INFO] Iteration 77/100 — >> EXPLOITATION <<
    Best Score This Iteration: 1.483864 improve 25.81 %
[INFO] Iteration 78/100 — >> EXPLOITATION <<
    Best Score This Iteration: 1.483864 improve 25.81 %
[INFO] Iteration 79/100 — >> EXPLOITATION <<
    Best Score This Iteration: 1.483864 improve 25.81 %
[INFO] Iteration 80/100 — >> EXPLOITATION <<
    Best Score This Iteration: 1.483864 improve 25.81 %
[INFO] Iteration 81/100 — >> EXPLOITATION <<
Refining best with hill climbing...
:D Hill climbing improved QoR.
    Best Score This Iteration: 1.476081 improve 26.20 %
[INFO] Iteration 82/100 — << EXPLORATION >>
    Best Score This Iteration: 1.476081 improve 26.20 %
[INFO] Iteration 83/100 — << EXPLORATION >>
    Best Score This Iteration: 1.476081 improve 26.20 %
[INFO] Iteration 84/100 — << EXPLORATION >>
    Best Score This Iteration: 1.476081 improve 26.20 %
[INFO] Iteration 85/100 — << EXPLORATION >>
    Best Score This Iteration: 1.476081 improve 26.20 %
[INFO] Iteration 86/100 — << EXPLORATION >>
[STALL] Injecting diversity and elite memory...
    Best Score This Iteration: 1.476081 improve 26.20 %
[INFO] Iteration 87/100 — << EXPLORATION >>
    Best Score This Iteration: 1.476081 improve 26.20 %
[INFO] Iteration 88/100 — << EXPLORATION >>
    Best Score This Iteration: 1.476081 improve 26.20 %
[INFO] Iteration 89/100 — << EXPLORATION >>
    Best Score This Iteration: 1.476081 improve 26.20 %
[INFO] Iteration 90/100 — << EXPLORATION >>
    Best Score This Iteration: 1.476081 improve 26.20 %
[INFO] Iteration 91/100 — << EXPLORATION >>
    Best Score This Iteration: 1.476081 improve 26.20 %
[INFO] Iteration 92/100 — << EXPLORATION >>
    Best Score This Iteration: 1.476081 improve 26.20 %
[INFO] Iteration 93/100 — << EXPLORATION >>
    Best Score This Iteration: 1.476081 improve 26.20 %
[INFO] Iteration 94/100 — << EXPLORATION >>
    Best Score This Iteration: 1.476081 improve 26.20 %
[INFO] Iteration 95/100 — << EXPLORATION >>
    Best Score This Iteration: 1.476081 improve 26.20 %
[INFO] Iteration 96/100 — << EXPLORATION >>
    Best Score This Iteration: 1.476081 improve 26.20 %
[INFO] Iteration 97/100 — << EXPLORATION >>
    Best Score This Iteration: 1.476081 improve 26.20 %
[INFO] Iteration 98/100 — << EXPLORATION >>
    Best Score This Iteration: 1.476081 improve 26.20 %
[INFO] Iteration 99/100 — << EXPLORATION >>
    Best Score This Iteration: 1.476081 improve 26.20 %
[INFO] Iteration 100/100 — << EXPLORATION >>
    Best Score This Iteration: 1.476081 improve 26.20 %
[📄] Convergence CSV saved to logs/convergence.csv

[RESULTS]
Best Position (binary): 00111010110010000100001011001110110110111011011111001101011011100001001011111000
Best Score (QoR): 1.476081
QoR Improvement: 26.20%
Elapsed Time: 476.04 seconds
----------------------------------
[📄] Results saved to logs/final_result.csv
