[STARTING] Binary PSO Optimization for benchmarks/arithmetic/multiplier.blif
   Mode: COMBINED | Particles: 100 | Iterations: 100
[INFO] Iteration 1/100 — >> EXPLOITATION <<
Calculating Reference QoR...
ref_lut = 5917.0000/ ref_levels = 53.0000
Calculating Reference QoR...
ref_lut = 5917.0000/ ref_levels = 53.0000
Calculating Reference QoR...
ref_lut = 5917.0000/ ref_levels = 53.0000
Calculating Reference QoR...
ref_lut = 5917.0000/ ref_levels = 53.0000
Calculating Reference QoR...
ref_lut = 5917.0000/ ref_levels = 53.0000
Calculating Reference QoR...
ref_lut = 5917.0000/ ref_levels = 53.0000
Calculating Reference QoR...
ref_lut = 5917.0000/ ref_levels = 53.0000
Calculating Reference QoR...
ref_lut = 5917.0000/ ref_levels = 53.0000
Calculating Reference QoR...
ref_lut = 5917.0000/ ref_levels = 53.0000
    Best Score This Iteration: 1.646532 improve 17.67 %
[INFO] Iteration 2/100 — >> EXPLOITATION <<
Calculating Reference QoR...
ref_lut = 5917.0000/ ref_levels = 53.0000
Calculating Reference QoR...
ref_lut = 5917.0000/ ref_levels = 53.0000
Calculating Reference QoR...
ref_lut = 5917.0000/ ref_levels = 53.0000
Calculating Reference QoR...
ref_lut = 5917.0000/ ref_levels = 53.0000
Calculating Reference QoR...
ref_lut = 5917.0000/ ref_levels = 53.0000
Calculating Reference QoR...
ref_lut = 5917.0000/ ref_levels = 53.0000
Calculating Reference QoR...
ref_lut = 5917.0000/ ref_levels = 53.0000
Calculating Reference QoR...
ref_lut = 5917.0000/ ref_levels = 53.0000
Calculating Reference QoR...
ref_lut = 5917.0000/ ref_levels = 53.0000
    Best Score This Iteration: 1.639096 improve 18.05 %
[INFO] Iteration 3/100 — >> EXPLOITATION <<
Calculating Reference QoR...
ref_lut = 5917.0000/ ref_levels = 53.0000
Calculating Reference QoR...
ref_lut = 5917.0000/ ref_levels = 53.0000
Calculating Reference QoR...
ref_lut = 5917.0000/ ref_levels = 53.0000
Calculating Reference QoR...
ref_lut = 5917.0000/ ref_levels = 53.0000
Calculating Reference QoR...
ref_lut = 5917.0000/ ref_levels = 53.0000
Calculating Reference QoR...
ref_lut = 5917.0000/ ref_levels = 53.0000
Calculating Reference QoR...
ref_lut = 5917.0000/ ref_levels = 53.0000
Calculating Reference QoR...
ref_lut = 5917.0000/ ref_levels = 53.0000
Calculating Reference QoR...
ref_lut = 5917.0000/ ref_levels = 53.0000
    Best Score This Iteration: 1.636344 improve 18.18 %
[INFO] Iteration 4/100 — >> EXPLOITATION <<
Calculating Reference QoR...
ref_lut = 5917.0000/ ref_levels = 53.0000
Calculating Reference QoR...
ref_lut = 5917.0000/ ref_levels = 53.0000
Calculating Reference QoR...
ref_lut = 5917.0000/ ref_levels = 53.0000
Calculating Reference QoR...
ref_lut = 5917.0000/ ref_levels = 53.0000
Calculating Reference QoR...
ref_lut = 5917.0000/ ref_levels = 53.0000
Calculating Reference QoR...
ref_lut = 5917.0000/ ref_levels = 53.0000
    Best Score This Iteration: 1.618043 improve 19.10 %
[INFO] Iteration 5/100 — >> EXPLOITATION <<
Calculating Reference QoR...
ref_lut = 5917.0000/ ref_levels = 53.0000
Calculating Reference QoR...
ref_lut = 5917.0000/ ref_levels = 53.0000
Calculating Reference QoR...
ref_lut = 5917.0000/ ref_levels = 53.0000
Calculating Reference QoR...
ref_lut = 5917.0000/ ref_levels = 53.0000
Calculating Reference QoR...
ref_lut = 5917.0000/ ref_levels = 53.0000
Calculating Reference QoR...
ref_lut = 5917.0000/ ref_levels = 53.0000
Calculating Reference QoR...
ref_lut = 5917.0000/ ref_levels = 53.0000
Calculating Reference QoR...
ref_lut = 5917.0000/ ref_levels = 53.0000
Calculating Reference QoR...
ref_lut = 5917.0000/ ref_levels = 53.0000
    Best Score This Iteration: 1.618043 improve 19.10 %
[INFO] Iteration 6/100 — >> EXPLOITATION <<
Calculating Reference QoR...
ref_lut = 5917.0000/ ref_levels = 53.0000
Calculating Reference QoR...
ref_lut = 5917.0000/ ref_levels = 53.0000
Calculating Reference QoR...
ref_lut = 5917.0000/ ref_levels = 53.0000
Calculating Reference QoR...
ref_lut = 5917.0000/ ref_levels = 53.0000
Calculating Reference QoR...
ref_lut = 5917.0000/ ref_levels = 53.0000
Calculating Reference QoR...
ref_lut = 5917.0000/ ref_levels = 53.0000
Calculating Reference QoR...
ref_lut = 5917.0000/ ref_levels = 53.0000
Calculating Reference QoR...
ref_lut = 5917.0000/ ref_levels = 53.0000
Calculating Reference QoR...
ref_lut = 5917.0000/ ref_levels = 53.0000
    Best Score This Iteration: 1.618043 improve 19.10 %
[INFO] Iteration 7/100 — >> EXPLOITATION <<
Calculating Reference QoR...
ref_lut = 5917.0000/ ref_levels = 53.0000
Calculating Reference QoR...
ref_lut = 5917.0000/ ref_levels = 53.0000
Calculating Reference QoR...
ref_lut = 5917.0000/ ref_levels = 53.0000
Calculating Reference QoR...
ref_lut = 5917.0000/ ref_levels = 53.0000
    Best Score This Iteration: 1.618043 improve 19.10 %
[INFO] Iteration 8/100 — >> EXPLOITATION <<
Calculating Reference QoR...
ref_lut = 5917.0000/ ref_levels = 53.0000
Calculating Reference QoR...
ref_lut = 5917.0000/ ref_levels = 53.0000
Calculating Reference QoR...
ref_lut = 5917.0000/ ref_levels = 53.0000
Calculating Reference QoR...
ref_lut = 5917.0000/ ref_levels = 53.0000
Calculating Reference QoR...
ref_lut = 5917.0000/ ref_levels = 53.0000
Calculating Reference QoR...
ref_lut = 5917.0000/ ref_levels = 53.0000
Calculating Reference QoR...
ref_lut = 5917.0000/ ref_levels = 53.0000
Calculating Reference QoR...
ref_lut = 5917.0000/ ref_levels = 53.0000
Calculating Reference QoR...
ref_lut = 5917.0000/ ref_levels = 53.0000
    Best Score This Iteration: 1.601251 improve 19.94 %
[INFO] Iteration 9/100 — >> EXPLOITATION <<
Calculating Reference QoR...
ref_lut = 5917.0000/ ref_levels = 53.0000
Calculating Reference QoR...
ref_lut = 5917.0000/ ref_levels = 53.0000
Calculating Reference QoR...
ref_lut = 5917.0000/ ref_levels = 53.0000
Calculating Reference QoR...
ref_lut = 5917.0000/ ref_levels = 53.0000
Calculating Reference QoR...
ref_lut = 5917.0000/ ref_levels = 53.0000
Calculating Reference QoR...
ref_lut = 5917.0000/ ref_levels = 53.0000
Calculating Reference QoR...
ref_lut = 5917.0000/ ref_levels = 53.0000
Calculating Reference QoR...
ref_lut = 5917.0000/ ref_levels = 53.0000
Calculating Reference QoR...
ref_lut = 5917.0000/ ref_levels = 53.0000
    Best Score This Iteration: 1.601251 improve 19.94 %
[INFO] Iteration 10/100 — >> EXPLOITATION <<
Calculating Reference QoR...
ref_lut = 5917.0000/ ref_levels = 53.0000
Calculating Reference QoR...
ref_lut = 5917.0000/ ref_levels = 53.0000
Calculating Reference QoR...
ref_lut = 5917.0000/ ref_levels = 53.0000
Calculating Reference QoR...
ref_lut = 5917.0000/ ref_levels = 53.0000
Calculating Reference QoR...
ref_lut = 5917.0000/ ref_levels = 53.0000
Calculating Reference QoR...
ref_lut = 5917.0000/ ref_levels = 53.0000
Calculating Reference QoR...
ref_lut = 5917.0000/ ref_levels = 53.0000
Calculating Reference QoR...
ref_lut = 5917.0000/ ref_levels = 53.0000
Calculating Reference QoR...
ref_lut = 5917.0000/ ref_levels = 53.0000
    Best Score This Iteration: 1.601251 improve 19.94 %
[INFO] Iteration 11/100 — >> EXPLOITATION <<
Calculating Reference QoR...
ref_lut = 5917.0000/ ref_levels = 53.0000
Calculating Reference QoR...
ref_lut = 5917.0000/ ref_levels = 53.0000
Calculating Reference QoR...
ref_lut = 5917.0000/ ref_levels = 53.0000
Calculating Reference QoR...
ref_lut = 5917.0000/ ref_levels = 53.0000
Calculating Reference QoR...
ref_lut = 5917.0000/ ref_levels = 53.0000
Calculating Reference QoR...
ref_lut = 5917.0000/ ref_levels = 53.0000
Calculating Reference QoR...
ref_lut = 5917.0000/ ref_levels = 53.0000
Calculating Reference QoR...
ref_lut = 5917.0000/ ref_levels = 53.0000
Calculating Reference QoR...
ref_lut = 5917.0000/ ref_levels = 53.0000
    Best Score This Iteration: 1.601251 improve 19.94 %
[INFO] Iteration 12/100 — >> EXPLOITATION <<
Calculating Reference QoR...
ref_lut = 5917.0000/ ref_levels = 53.0000
Calculating Reference QoR...
ref_lut = 5917.0000/ ref_levels = 53.0000
Calculating Reference QoR...
ref_lut = 5917.0000/ ref_levels = 53.0000
Calculating Reference QoR...
ref_lut = 5917.0000/ ref_levels = 53.0000
Calculating Reference QoR...
ref_lut = 5917.0000/ ref_levels = 53.0000
Calculating Reference QoR...
ref_lut = 5917.0000/ ref_levels = 53.0000
Calculating Reference QoR...
ref_lut = 5917.0000/ ref_levels = 53.0000
Calculating Reference QoR...
ref_lut = 5917.0000/ ref_levels = 53.0000
Calculating Reference QoR...
ref_lut = 5917.0000/ ref_levels = 53.0000
    Best Score This Iteration: 1.601251 improve 19.94 %
[INFO] Iteration 13/100 — >> EXPLOITATION <<
Calculating Reference QoR...
ref_lut = 5917.0000/ ref_levels = 53.0000
Calculating Reference QoR...
ref_lut = 5917.0000/ ref_levels = 53.0000
Calculating Reference QoR...
ref_lut = 5917.0000/ ref_levels = 53.0000
Calculating Reference QoR...
ref_lut = 5917.0000/ ref_levels = 53.0000
Calculating Reference QoR...
ref_lut = 5917.0000/ ref_levels = 53.0000
Calculating Reference QoR...
ref_lut = 5917.0000/ ref_levels = 53.0000
Calculating Reference QoR...
ref_lut = 5917.0000/ ref_levels = 53.0000
Calculating Reference QoR...
ref_lut = 5917.0000/ ref_levels = 53.0000
Calculating Reference QoR...
ref_lut = 5917.0000/ ref_levels = 53.0000
    Best Score This Iteration: 1.601251 improve 19.94 %
[INFO] Iteration 14/100 — >> EXPLOITATION <<
Calculating Reference QoR...
ref_lut = 5917.0000/ ref_levels = 53.0000
Calculating Reference QoR...
ref_lut = 5917.0000/ ref_levels = 53.0000
Calculating Reference QoR...
ref_lut = 5917.0000/ ref_levels = 53.0000
Calculating Reference QoR...
ref_lut = 5917.0000/ ref_levels = 53.0000
Calculating Reference QoR...
ref_lut = 5917.0000/ ref_levels = 53.0000
Calculating Reference QoR...
ref_lut = 5917.0000/ ref_levels = 53.0000
Calculating Reference QoR...
ref_lut = 5917.0000/ ref_levels = 53.0000
Calculating Reference QoR...
ref_lut = 5917.0000/ ref_levels = 53.0000
Calculating Reference QoR...
ref_lut = 5917.0000/ ref_levels = 53.0000
    Best Score This Iteration: 1.601251 improve 19.94 %
[INFO] Iteration 15/100 — >> EXPLOITATION <<
Calculating Reference QoR...
ref_lut = 5917.0000/ ref_levels = 53.0000
Calculating Reference QoR...
ref_lut = 5917.0000/ ref_levels = 53.0000
Calculating Reference QoR...
ref_lut = 5917.0000/ ref_levels = 53.0000
Calculating Reference QoR...
ref_lut = 5917.0000/ ref_levels = 53.0000
Calculating Reference QoR...
ref_lut = 5917.0000/ ref_levels = 53.0000
Calculating Reference QoR...
ref_lut = 5917.0000/ ref_levels = 53.0000
Calculating Reference QoR...
ref_lut = 5917.0000/ ref_levels = 53.0000
Calculating Reference QoR...
ref_lut = 5917.0000/ ref_levels = 53.0000
Calculating Reference QoR...
ref_lut = 5917.0000/ ref_levels = 53.0000
    Best Score This Iteration: 1.601251 improve 19.94 %
[INFO] Iteration 16/100 — >> EXPLOITATION <<
Calculating Reference QoR...
ref_lut = 5917.0000/ ref_levels = 53.0000
Calculating Reference QoR...
ref_lut = 5917.0000/ ref_levels = 53.0000
Calculating Reference QoR...
ref_lut = 5917.0000/ ref_levels = 53.0000
Calculating Reference QoR...
ref_lut = 5917.0000/ ref_levels = 53.0000
Calculating Reference QoR...
ref_lut = 5917.0000/ ref_levels = 53.0000
Calculating Reference QoR...
ref_lut = 5917.0000/ ref_levels = 53.0000
Calculating Reference QoR...
ref_lut = 5917.0000/ ref_levels = 53.0000
Calculating Reference QoR...
ref_lut = 5917.0000/ ref_levels = 53.0000
Calculating Reference QoR...
ref_lut = 5917.0000/ ref_levels = 53.0000
    Best Score This Iteration: 1.601251 improve 19.94 %
[INFO] Iteration 17/100 — >> EXPLOITATION <<
Calculating Reference QoR...
ref_lut = 5917.0000/ ref_levels = 53.0000
Calculating Reference QoR...
ref_lut = 5917.0000/ ref_levels = 53.0000
Calculating Reference QoR...
ref_lut = 5917.0000/ ref_levels = 53.0000
Calculating Reference QoR...
ref_lut = 5917.0000/ ref_levels = 53.0000
Calculating Reference QoR...
ref_lut = 5917.0000/ ref_levels = 53.0000
Calculating Reference QoR...
ref_lut = 5917.0000/ ref_levels = 53.0000
Calculating Reference QoR...
ref_lut = 5917.0000/ ref_levels = 53.0000
Calculating Reference QoR...
ref_lut = 5917.0000/ ref_levels = 53.0000
Calculating Reference QoR...
ref_lut = 5917.0000/ ref_levels = 53.0000
    Best Score This Iteration: 1.601251 improve 19.94 %
[INFO] Iteration 18/100 — >> EXPLOITATION <<
Calculating Reference QoR...
ref_lut = 5917.0000/ ref_levels = 53.0000
Calculating Reference QoR...
ref_lut = 5917.0000/ ref_levels = 53.0000
Calculating Reference QoR...
ref_lut = 5917.0000/ ref_levels = 53.0000
Calculating Reference QoR...
ref_lut = 5917.0000/ ref_levels = 53.0000
Calculating Reference QoR...
ref_lut = 5917.0000/ ref_levels = 53.0000
Calculating Reference QoR...
ref_lut = 5917.0000/ ref_levels = 53.0000
Calculating Reference QoR...
ref_lut = 5917.0000/ ref_levels = 53.0000
Calculating Reference QoR...
ref_lut = 5917.0000/ ref_levels = 53.0000
Calculating Reference QoR...
ref_lut = 5917.0000/ ref_levels = 53.0000
    Best Score This Iteration: 1.601251 improve 19.94 %
[INFO] Iteration 19/100 — << EXPLORATION >>
Calculating Reference QoR...
ref_lut = 5917.0000/ ref_levels = 53.0000
Calculating Reference QoR...
ref_lut = 5917.0000/ ref_levels = 53.0000
Calculating Reference QoR...
ref_lut = 5917.0000/ ref_levels = 53.0000
Calculating Reference QoR...
ref_lut = 5917.0000/ ref_levels = 53.0000
Calculating Reference QoR...
ref_lut = 5917.0000/ ref_levels = 53.0000
Calculating Reference QoR...
ref_lut = 5917.0000/ ref_levels = 53.0000
Calculating Reference QoR...
ref_lut = 5917.0000/ ref_levels = 53.0000
Calculating Reference QoR...
ref_lut = 5917.0000/ ref_levels = 53.0000
Calculating Reference QoR...
ref_lut = 5917.0000/ ref_levels = 53.0000
    Best Score This Iteration: 1.601251 improve 19.94 %
[INFO] Iteration 20/100 — << EXPLORATION >>
Calculating Reference QoR...
ref_lut = 5917.0000/ ref_levels = 53.0000
Calculating Reference QoR...
ref_lut = 5917.0000/ ref_levels = 53.0000
Calculating Reference QoR...
ref_lut = 5917.0000/ ref_levels = 53.0000
Calculating Reference QoR...
ref_lut = 5917.0000/ ref_levels = 53.0000
Calculating Reference QoR...
ref_lut = 5917.0000/ ref_levels = 53.0000
Calculating Reference QoR...
ref_lut = 5917.0000/ ref_levels = 53.0000
Calculating Reference QoR...
ref_lut = 5917.0000/ ref_levels = 53.0000
Calculating Reference QoR...
ref_lut = 5917.0000/ ref_levels = 53.0000
Calculating Reference QoR...
ref_lut = 5917.0000/ ref_levels = 53.0000
    Best Score This Iteration: 1.601251 improve 19.94 %
[INFO] Iteration 21/100 — << EXPLORATION >>
Calculating Reference QoR...
ref_lut = 5917.0000/ ref_levels = 53.0000
Calculating Reference QoR...
ref_lut = 5917.0000/ ref_levels = 53.0000
Calculating Reference QoR...
ref_lut = 5917.0000/ ref_levels = 53.0000
Calculating Reference QoR...
ref_lut = 5917.0000/ ref_levels = 53.0000
    Best Score This Iteration: 1.601251 improve 19.94 %
[INFO] Iteration 22/100 — << EXPLORATION >>
Calculating Reference QoR...
ref_lut = 5917.0000/ ref_levels = 53.0000
Calculating Reference QoR...
ref_lut = 5917.0000/ ref_levels = 53.0000
Calculating Reference QoR...
ref_lut = 5917.0000/ ref_levels = 53.0000
Calculating Reference QoR...
ref_lut = 5917.0000/ ref_levels = 53.0000
Calculating Reference QoR...
ref_lut = 5917.0000/ ref_levels = 53.0000
Calculating Reference QoR...
ref_lut = 5917.0000/ ref_levels = 53.0000
Calculating Reference QoR...
ref_lut = 5917.0000/ ref_levels = 53.0000
Calculating Reference QoR...
ref_lut = 5917.0000/ ref_levels = 53.0000
Calculating Reference QoR...
ref_lut = 5917.0000/ ref_levels = 53.0000
    Best Score This Iteration: 1.601251 improve 19.94 %
[INFO] Iteration 23/100 — << EXPLORATION >>
Calculating Reference QoR...
ref_lut = 5917.0000/ ref_levels = 53.0000
Calculating Reference QoR...
ref_lut = 5917.0000/ ref_levels = 53.0000
Calculating Reference QoR...
ref_lut = 5917.0000/ ref_levels = 53.0000
Calculating Reference QoR...
ref_lut = 5917.0000/ ref_levels = 53.0000
Calculating Reference QoR...
ref_lut = 5917.0000/ ref_levels = 53.0000
Calculating Reference QoR...
ref_lut = 5917.0000/ ref_levels = 53.0000
Calculating Reference QoR...
ref_lut = 5917.0000/ ref_levels = 53.0000
Calculating Reference QoR...
ref_lut = 5917.0000/ ref_levels = 53.0000
Calculating Reference QoR...
ref_lut = 5917.0000/ ref_levels = 53.0000
[STALL] Injecting diversity and elite memory...
    Best Score This Iteration: 1.601251 improve 19.94 %
[INFO] Iteration 24/100 — << EXPLORATION >>
Calculating Reference QoR...
ref_lut = 5917.0000/ ref_levels = 53.0000
Calculating Reference QoR...
ref_lut = 5917.0000/ ref_levels = 53.0000
Calculating Reference QoR...
ref_lut = 5917.0000/ ref_levels = 53.0000
Calculating Reference QoR...
ref_lut = 5917.0000/ ref_levels = 53.0000
Calculating Reference QoR...
ref_lut = 5917.0000/ ref_levels = 53.0000
Calculating Reference QoR...
ref_lut = 5917.0000/ ref_levels = 53.0000
Calculating Reference QoR...
ref_lut = 5917.0000/ ref_levels = 53.0000
Calculating Reference QoR...
ref_lut = 5917.0000/ ref_levels = 53.0000
Calculating Reference QoR...
ref_lut = 5917.0000/ ref_levels = 53.0000
    Best Score This Iteration: 1.601251 improve 19.94 %
[INFO] Iteration 25/100 — << EXPLORATION >>
Calculating Reference QoR...
ref_lut = 5917.0000/ ref_levels = 53.0000
Calculating Reference QoR...
ref_lut = 5917.0000/ ref_levels = 53.0000
Calculating Reference QoR...
ref_lut = 5917.0000/ ref_levels = 53.0000
Calculating Reference QoR...
ref_lut = 5917.0000/ ref_levels = 53.0000
Calculating Reference QoR...
ref_lut = 5917.0000/ ref_levels = 53.0000
Calculating Reference QoR...
ref_lut = 5917.0000/ ref_levels = 53.0000
Calculating Reference QoR...
ref_lut = 5917.0000/ ref_levels = 53.0000
Calculating Reference QoR...
ref_lut = 5917.0000/ ref_levels = 53.0000
Calculating Reference QoR...
ref_lut = 5917.0000/ ref_levels = 53.0000
    Best Score This Iteration: 1.601251 improve 19.94 %
[INFO] Iteration 26/100 — << EXPLORATION >>
Calculating Reference QoR...
ref_lut = 5917.0000/ ref_levels = 53.0000
Calculating Reference QoR...
ref_lut = 5917.0000/ ref_levels = 53.0000
Calculating Reference QoR...
ref_lut = 5917.0000/ ref_levels = 53.0000
Calculating Reference QoR...
ref_lut = 5917.0000/ ref_levels = 53.0000
Calculating Reference QoR...
ref_lut = 5917.0000/ ref_levels = 53.0000
Calculating Reference QoR...
ref_lut = 5917.0000/ ref_levels = 53.0000
Calculating Reference QoR...
ref_lut = 5917.0000/ ref_levels = 53.0000
Calculating Reference QoR...
ref_lut = 5917.0000/ ref_levels = 53.0000
Calculating Reference QoR...
ref_lut = 5917.0000/ ref_levels = 53.0000
    Best Score This Iteration: 1.601251 improve 19.94 %
[INFO] Iteration 27/100 — << EXPLORATION >>
Calculating Reference QoR...
ref_lut = 5917.0000/ ref_levels = 53.0000
Calculating Reference QoR...
ref_lut = 5917.0000/ ref_levels = 53.0000
Calculating Reference QoR...
ref_lut = 5917.0000/ ref_levels = 53.0000
Calculating Reference QoR...
ref_lut = 5917.0000/ ref_levels = 53.0000
Calculating Reference QoR...
ref_lut = 5917.0000/ ref_levels = 53.0000
Calculating Reference QoR...
ref_lut = 5917.0000/ ref_levels = 53.0000
Calculating Reference QoR...
ref_lut = 5917.0000/ ref_levels = 53.0000
Calculating Reference QoR...
ref_lut = 5917.0000/ ref_levels = 53.0000
    Best Score This Iteration: 1.601251 improve 19.94 %
[INFO] Iteration 28/100 — << EXPLORATION >>
Calculating Reference QoR...
ref_lut = 5917.0000/ ref_levels = 53.0000
Calculating Reference QoR...
ref_lut = 5917.0000/ ref_levels = 53.0000
Calculating Reference QoR...
ref_lut = 5917.0000/ ref_levels = 53.0000
Calculating Reference QoR...
ref_lut = 5917.0000/ ref_levels = 53.0000
Calculating Reference QoR...
ref_lut = 5917.0000/ ref_levels = 53.0000
Calculating Reference QoR...
ref_lut = 5917.0000/ ref_levels = 53.0000
Calculating Reference QoR...
ref_lut = 5917.0000/ ref_levels = 53.0000
Calculating Reference QoR...
ref_lut = 5917.0000/ ref_levels = 53.0000
Calculating Reference QoR...
ref_lut = 5917.0000/ ref_levels = 53.0000
    Best Score This Iteration: 1.601251 improve 19.94 %
[INFO] Iteration 29/100 — << EXPLORATION >>
Calculating Reference QoR...
ref_lut = 5917.0000/ ref_levels = 53.0000
Calculating Reference QoR...
ref_lut = 5917.0000/ ref_levels = 53.0000
Calculating Reference QoR...
ref_lut = 5917.0000/ ref_levels = 53.0000
Calculating Reference QoR...
ref_lut = 5917.0000/ ref_levels = 53.0000
Calculating Reference QoR...
ref_lut = 5917.0000/ ref_levels = 53.0000
Calculating Reference QoR...
ref_lut = 5917.0000/ ref_levels = 53.0000
Calculating Reference QoR...
ref_lut = 5917.0000/ ref_levels = 53.0000
Calculating Reference QoR...
ref_lut = 5917.0000/ ref_levels = 53.0000
Calculating Reference QoR...
ref_lut = 5917.0000/ ref_levels = 53.0000
    Best Score This Iteration: 1.601251 improve 19.94 %
[INFO] Iteration 30/100 — << EXPLORATION >>
Calculating Reference QoR...
ref_lut = 5917.0000/ ref_levels = 53.0000
Calculating Reference QoR...
ref_lut = 5917.0000/ ref_levels = 53.0000
Calculating Reference QoR...
ref_lut = 5917.0000/ ref_levels = 53.0000
Calculating Reference QoR...
ref_lut = 5917.0000/ ref_levels = 53.0000
Calculating Reference QoR...
ref_lut = 5917.0000/ ref_levels = 53.0000
Calculating Reference QoR...
ref_lut = 5917.0000/ ref_levels = 53.0000
Calculating Reference QoR...
ref_lut = 5917.0000/ ref_levels = 53.0000
Calculating Reference QoR...
ref_lut = 5917.0000/ ref_levels = 53.0000
Calculating Reference QoR...
ref_lut = 5917.0000/ ref_levels = 53.0000
    Best Score This Iteration: 1.601251 improve 19.94 %
[INFO] Iteration 31/100 — << EXPLORATION >>
Calculating Reference QoR...
ref_lut = 5917.0000/ ref_levels = 53.0000
Calculating Reference QoR...
ref_lut = 5917.0000/ ref_levels = 53.0000
Calculating Reference QoR...
ref_lut = 5917.0000/ ref_levels = 53.0000
Calculating Reference QoR...
ref_lut = 5917.0000/ ref_levels = 53.0000
Calculating Reference QoR...
ref_lut = 5917.0000/ ref_levels = 53.0000
Calculating Reference QoR...
ref_lut = 5917.0000/ ref_levels = 53.0000
Calculating Reference QoR...
ref_lut = 5917.0000/ ref_levels = 53.0000
Calculating Reference QoR...
ref_lut = 5917.0000/ ref_levels = 53.0000
Calculating Reference QoR...
ref_lut = 5917.0000/ ref_levels = 53.0000
    Best Score This Iteration: 1.601251 improve 19.94 %
[INFO] Iteration 32/100 — << EXPLORATION >>
Calculating Reference QoR...
ref_lut = 5917.0000/ ref_levels = 53.0000
Calculating Reference QoR...
ref_lut = 5917.0000/ ref_levels = 53.0000
Calculating Reference QoR...
ref_lut = 5917.0000/ ref_levels = 53.0000
Calculating Reference QoR...
ref_lut = 5917.0000/ ref_levels = 53.0000
Calculating Reference QoR...
ref_lut = 5917.0000/ ref_levels = 53.0000
Calculating Reference QoR...
ref_lut = 5917.0000/ ref_levels = 53.0000
Calculating Reference QoR...
ref_lut = 5917.0000/ ref_levels = 53.0000
Calculating Reference QoR...
ref_lut = 5917.0000/ ref_levels = 53.0000
Calculating Reference QoR...
ref_lut = 5917.0000/ ref_levels = 53.0000
    Best Score This Iteration: 1.601251 improve 19.94 %
[INFO] Iteration 33/100 — << EXPLORATION >>
Calculating Reference QoR...
ref_lut = 5917.0000/ ref_levels = 53.0000
Calculating Reference QoR...
ref_lut = 5917.0000/ ref_levels = 53.0000
Calculating Reference QoR...
ref_lut = 5917.0000/ ref_levels = 53.0000
Calculating Reference QoR...
ref_lut = 5917.0000/ ref_levels = 53.0000
Calculating Reference QoR...
ref_lut = 5917.0000/ ref_levels = 53.0000
Calculating Reference QoR...
ref_lut = 5917.0000/ ref_levels = 53.0000
Calculating Reference QoR...
ref_lut = 5917.0000/ ref_levels = 53.0000
Calculating Reference QoR...
ref_lut = 5917.0000/ ref_levels = 53.0000
Calculating Reference QoR...
ref_lut = 5917.0000/ ref_levels = 53.0000
    Best Score This Iteration: 1.600237 improve 19.99 %
[INFO] Iteration 34/100 — >> EXPLOITATION <<
Calculating Reference QoR...
ref_lut = 5917.0000/ ref_levels = 53.0000
Calculating Reference QoR...
ref_lut = 5917.0000/ ref_levels = 53.0000
Calculating Reference QoR...
ref_lut = 5917.0000/ ref_levels = 53.0000
Calculating Reference QoR...
ref_lut = 5917.0000/ ref_levels = 53.0000
Calculating Reference QoR...
ref_lut = 5917.0000/ ref_levels = 53.0000
Calculating Reference QoR...
ref_lut = 5917.0000/ ref_levels = 53.0000
Calculating Reference QoR...
ref_lut = 5917.0000/ ref_levels = 53.0000
Calculating Reference QoR...
ref_lut = 5917.0000/ ref_levels = 53.0000
Calculating Reference QoR...
ref_lut = 5917.0000/ ref_levels = 53.0000
    Best Score This Iteration: 1.600237 improve 19.99 %
[INFO] Iteration 35/100 — >> EXPLOITATION <<
Calculating Reference QoR...
ref_lut = 5917.0000/ ref_levels = 53.0000
Calculating Reference QoR...
ref_lut = 5917.0000/ ref_levels = 53.0000
Calculating Reference QoR...
ref_lut = 5917.0000/ ref_levels = 53.0000
Calculating Reference QoR...
ref_lut = 5917.0000/ ref_levels = 53.0000
Calculating Reference QoR...
ref_lut = 5917.0000/ ref_levels = 53.0000
Calculating Reference QoR...
ref_lut = 5917.0000/ ref_levels = 53.0000
Calculating Reference QoR...
ref_lut = 5917.0000/ ref_levels = 53.0000
Calculating Reference QoR...
ref_lut = 5917.0000/ ref_levels = 53.0000
Calculating Reference QoR...
ref_lut = 5917.0000/ ref_levels = 53.0000
    Best Score This Iteration: 1.600237 improve 19.99 %
[INFO] Iteration 36/100 — >> EXPLOITATION <<
Calculating Reference QoR...
ref_lut = 5917.0000/ ref_levels = 53.0000
Calculating Reference QoR...
ref_lut = 5917.0000/ ref_levels = 53.0000
Calculating Reference QoR...
ref_lut = 5917.0000/ ref_levels = 53.0000
Calculating Reference QoR...
ref_lut = 5917.0000/ ref_levels = 53.0000
Calculating Reference QoR...
ref_lut = 5917.0000/ ref_levels = 53.0000
Calculating Reference QoR...
ref_lut = 5917.0000/ ref_levels = 53.0000
Calculating Reference QoR...
ref_lut = 5917.0000/ ref_levels = 53.0000
Calculating Reference QoR...
ref_lut = 5917.0000/ ref_levels = 53.0000
Calculating Reference QoR...
ref_lut = 5917.0000/ ref_levels = 53.0000
    Best Score This Iteration: 1.600237 improve 19.99 %
[INFO] Iteration 37/100 — >> EXPLOITATION <<
Calculating Reference QoR...
ref_lut = 5917.0000/ ref_levels = 53.0000
Calculating Reference QoR...
ref_lut = 5917.0000/ ref_levels = 53.0000
Calculating Reference QoR...
ref_lut = 5917.0000/ ref_levels = 53.0000
Calculating Reference QoR...
ref_lut = 5917.0000/ ref_levels = 53.0000
Calculating Reference QoR...
ref_lut = 5917.0000/ ref_levels = 53.0000
Calculating Reference QoR...
ref_lut = 5917.0000/ ref_levels = 53.0000
Calculating Reference QoR...
ref_lut = 5917.0000/ ref_levels = 53.0000
Calculating Reference QoR...
ref_lut = 5917.0000/ ref_levels = 53.0000
Calculating Reference QoR...
ref_lut = 5917.0000/ ref_levels = 53.0000
    Best Score This Iteration: 1.586777 improve 20.66 %
[INFO] Iteration 38/100 — >> EXPLOITATION <<
Calculating Reference QoR...
ref_lut = 5917.0000/ ref_levels = 53.0000
Calculating Reference QoR...
ref_lut = 5917.0000/ ref_levels = 53.0000
Calculating Reference QoR...
ref_lut = 5917.0000/ ref_levels = 53.0000
Calculating Reference QoR...
ref_lut = 5917.0000/ ref_levels = 53.0000
Calculating Reference QoR...
ref_lut = 5917.0000/ ref_levels = 53.0000
Calculating Reference QoR...
ref_lut = 5917.0000/ ref_levels = 53.0000
Calculating Reference QoR...
ref_lut = 5917.0000/ ref_levels = 53.0000
Calculating Reference QoR...
ref_lut = 5917.0000/ ref_levels = 53.0000
Calculating Reference QoR...
ref_lut = 5917.0000/ ref_levels = 53.0000
    Best Score This Iteration: 1.586777 improve 20.66 %
[INFO] Iteration 39/100 — >> EXPLOITATION <<
Calculating Reference QoR...
ref_lut = 5917.0000/ ref_levels = 53.0000
Calculating Reference QoR...
ref_lut = 5917.0000/ ref_levels = 53.0000
Calculating Reference QoR...
ref_lut = 5917.0000/ ref_levels = 53.0000
Calculating Reference QoR...
ref_lut = 5917.0000/ ref_levels = 53.0000
Calculating Reference QoR...
ref_lut = 5917.0000/ ref_levels = 53.0000
Calculating Reference QoR...
ref_lut = 5917.0000/ ref_levels = 53.0000
Calculating Reference QoR...
ref_lut = 5917.0000/ ref_levels = 53.0000
Calculating Reference QoR...
ref_lut = 5917.0000/ ref_levels = 53.0000
Calculating Reference QoR...
ref_lut = 5917.0000/ ref_levels = 53.0000
    Best Score This Iteration: 1.586777 improve 20.66 %
[INFO] Iteration 40/100 — >> EXPLOITATION <<
Calculating Reference QoR...
ref_lut = 5917.0000/ ref_levels = 53.0000
Calculating Reference QoR...
ref_lut = 5917.0000/ ref_levels = 53.0000
Calculating Reference QoR...
ref_lut = 5917.0000/ ref_levels = 53.0000
Calculating Reference QoR...
ref_lut = 5917.0000/ ref_levels = 53.0000
Calculating Reference QoR...
ref_lut = 5917.0000/ ref_levels = 53.0000
Calculating Reference QoR...
ref_lut = 5917.0000/ ref_levels = 53.0000
Calculating Reference QoR...
ref_lut = 5917.0000/ ref_levels = 53.0000
Calculating Reference QoR...
ref_lut = 5917.0000/ ref_levels = 53.0000
Calculating Reference QoR...
ref_lut = 5917.0000/ ref_levels = 53.0000
    Best Score This Iteration: 1.586777 improve 20.66 %
[INFO] Iteration 41/100 — >> EXPLOITATION <<
Calculating Reference QoR...
ref_lut = 5917.0000/ ref_levels = 53.0000
Calculating Reference QoR...
ref_lut = 5917.0000/ ref_levels = 53.0000
Calculating Reference QoR...
ref_lut = 5917.0000/ ref_levels = 53.0000
Calculating Reference QoR...
ref_lut = 5917.0000/ ref_levels = 53.0000
Calculating Reference QoR...
ref_lut = 5917.0000/ ref_levels = 53.0000
Calculating Reference QoR...
ref_lut = 5917.0000/ ref_levels = 53.0000
Calculating Reference QoR...
ref_lut = 5917.0000/ ref_levels = 53.0000
Calculating Reference QoR...
ref_lut = 5917.0000/ ref_levels = 53.0000
Calculating Reference QoR...
ref_lut = 5917.0000/ ref_levels = 53.0000
    Best Score This Iteration: 1.586777 improve 20.66 %
[INFO] Iteration 42/100 — >> EXPLOITATION <<
Calculating Reference QoR...
ref_lut = 5917.0000/ ref_levels = 53.0000
Calculating Reference QoR...
ref_lut = 5917.0000/ ref_levels = 53.0000
Calculating Reference QoR...
ref_lut = 5917.0000/ ref_levels = 53.0000
Calculating Reference QoR...
ref_lut = 5917.0000/ ref_levels = 53.0000
Calculating Reference QoR...
ref_lut = 5917.0000/ ref_levels = 53.0000
Calculating Reference QoR...
ref_lut = 5917.0000/ ref_levels = 53.0000
Calculating Reference QoR...
ref_lut = 5917.0000/ ref_levels = 53.0000
Calculating Reference QoR...
ref_lut = 5917.0000/ ref_levels = 53.0000
Calculating Reference QoR...
ref_lut = 5917.0000/ ref_levels = 53.0000
    Best Score This Iteration: 1.586777 improve 20.66 %
[INFO] Iteration 43/100 — >> EXPLOITATION <<
Calculating Reference QoR...
ref_lut = 5917.0000/ ref_levels = 53.0000
Calculating Reference QoR...
ref_lut = 5917.0000/ ref_levels = 53.0000
Calculating Reference QoR...
ref_lut = 5917.0000/ ref_levels = 53.0000
Calculating Reference QoR...
ref_lut = 5917.0000/ ref_levels = 53.0000
Calculating Reference QoR...
ref_lut = 5917.0000/ ref_levels = 53.0000
Calculating Reference QoR...
ref_lut = 5917.0000/ ref_levels = 53.0000
Calculating Reference QoR...
ref_lut = 5917.0000/ ref_levels = 53.0000
Calculating Reference QoR...
ref_lut = 5917.0000/ ref_levels = 53.0000
Calculating Reference QoR...
ref_lut = 5917.0000/ ref_levels = 53.0000
    Best Score This Iteration: 1.586777 improve 20.66 %
[INFO] Iteration 44/100 — >> EXPLOITATION <<
Calculating Reference QoR...
ref_lut = 5917.0000/ ref_levels = 53.0000
Calculating Reference QoR...
ref_lut = 5917.0000/ ref_levels = 53.0000
Calculating Reference QoR...
ref_lut = 5917.0000/ ref_levels = 53.0000
Calculating Reference QoR...
ref_lut = 5917.0000/ ref_levels = 53.0000
Calculating Reference QoR...
ref_lut = 5917.0000/ ref_levels = 53.0000
Calculating Reference QoR...
ref_lut = 5917.0000/ ref_levels = 53.0000
Calculating Reference QoR...
ref_lut = 5917.0000/ ref_levels = 53.0000
Calculating Reference QoR...
ref_lut = 5917.0000/ ref_levels = 53.0000
Calculating Reference QoR...
ref_lut = 5917.0000/ ref_levels = 53.0000
    Best Score This Iteration: 1.586777 improve 20.66 %
[INFO] Iteration 45/100 — >> EXPLOITATION <<
Calculating Reference QoR...
ref_lut = 5917.0000/ ref_levels = 53.0000
Calculating Reference QoR...
ref_lut = 5917.0000/ ref_levels = 53.0000
Calculating Reference QoR...
ref_lut = 5917.0000/ ref_levels = 53.0000
Calculating Reference QoR...
ref_lut = 5917.0000/ ref_levels = 53.0000
Calculating Reference QoR...
ref_lut = 5917.0000/ ref_levels = 53.0000
Calculating Reference QoR...
ref_lut = 5917.0000/ ref_levels = 53.0000
Calculating Reference QoR...
ref_lut = 5917.0000/ ref_levels = 53.0000
Calculating Reference QoR...
ref_lut = 5917.0000/ ref_levels = 53.0000
Calculating Reference QoR...
ref_lut = 5917.0000/ ref_levels = 53.0000
    Best Score This Iteration: 1.586777 improve 20.66 %
[INFO] Iteration 46/100 — >> EXPLOITATION <<
Calculating Reference QoR...
ref_lut = 5917.0000/ ref_levels = 53.0000
Calculating Reference QoR...
ref_lut = 5917.0000/ ref_levels = 53.0000
Calculating Reference QoR...
ref_lut = 5917.0000/ ref_levels = 53.0000
Calculating Reference QoR...
ref_lut = 5917.0000/ ref_levels = 53.0000
Calculating Reference QoR...
ref_lut = 5917.0000/ ref_levels = 53.0000
Calculating Reference QoR...
ref_lut = 5917.0000/ ref_levels = 53.0000
Calculating Reference QoR...
ref_lut = 5917.0000/ ref_levels = 53.0000
Calculating Reference QoR...
ref_lut = 5917.0000/ ref_levels = 53.0000
Calculating Reference QoR...
ref_lut = 5917.0000/ ref_levels = 53.0000
    Best Score This Iteration: 1.586777 improve 20.66 %
[INFO] Iteration 47/100 — >> EXPLOITATION <<
Calculating Reference QoR...
ref_lut = 5917.0000/ ref_levels = 53.0000
Calculating Reference QoR...
ref_lut = 5917.0000/ ref_levels = 53.0000
Calculating Reference QoR...
ref_lut = 5917.0000/ ref_levels = 53.0000
Calculating Reference QoR...
ref_lut = 5917.0000/ ref_levels = 53.0000
Calculating Reference QoR...
ref_lut = 5917.0000/ ref_levels = 53.0000
Calculating Reference QoR...
ref_lut = 5917.0000/ ref_levels = 53.0000
Calculating Reference QoR...
ref_lut = 5917.0000/ ref_levels = 53.0000
Calculating Reference QoR...
ref_lut = 5917.0000/ ref_levels = 53.0000
Calculating Reference QoR...
ref_lut = 5917.0000/ ref_levels = 53.0000
    Best Score This Iteration: 1.586777 improve 20.66 %
[INFO] Iteration 48/100 — << EXPLORATION >>
Calculating Reference QoR...
ref_lut = 5917.0000/ ref_levels = 53.0000
Calculating Reference QoR...
ref_lut = 5917.0000/ ref_levels = 53.0000
Calculating Reference QoR...
ref_lut = 5917.0000/ ref_levels = 53.0000
Calculating Reference QoR...
ref_lut = 5917.0000/ ref_levels = 53.0000
Calculating Reference QoR...
ref_lut = 5917.0000/ ref_levels = 53.0000
Calculating Reference QoR...
ref_lut = 5917.0000/ ref_levels = 53.0000
Calculating Reference QoR...
ref_lut = 5917.0000/ ref_levels = 53.0000
Calculating Reference QoR...
ref_lut = 5917.0000/ ref_levels = 53.0000
Calculating Reference QoR...
ref_lut = 5917.0000/ ref_levels = 53.0000
    Best Score This Iteration: 1.586777 improve 20.66 %
[INFO] Iteration 49/100 — << EXPLORATION >>
Calculating Reference QoR...
ref_lut = 5917.0000/ ref_levels = 53.0000
Calculating Reference QoR...
ref_lut = 5917.0000/ ref_levels = 53.0000
Calculating Reference QoR...
ref_lut = 5917.0000/ ref_levels = 53.0000
Calculating Reference QoR...
ref_lut = 5917.0000/ ref_levels = 53.0000
Calculating Reference QoR...
ref_lut = 5917.0000/ ref_levels = 53.0000
Calculating Reference QoR...
ref_lut = 5917.0000/ ref_levels = 53.0000
Calculating Reference QoR...
ref_lut = 5917.0000/ ref_levels = 53.0000
    Best Score This Iteration: 1.586777 improve 20.66 %
[INFO] Iteration 50/100 — << EXPLORATION >>
Calculating Reference QoR...
ref_lut = 5917.0000/ ref_levels = 53.0000
Calculating Reference QoR...
ref_lut = 5917.0000/ ref_levels = 53.0000
Calculating Reference QoR...
ref_lut = 5917.0000/ ref_levels = 53.0000
Calculating Reference QoR...
ref_lut = 5917.0000/ ref_levels = 53.0000
Calculating Reference QoR...
ref_lut = 5917.0000/ ref_levels = 53.0000
Calculating Reference QoR...
ref_lut = 5917.0000/ ref_levels = 53.0000
Calculating Reference QoR...
ref_lut = 5917.0000/ ref_levels = 53.0000
Calculating Reference QoR...
ref_lut = 5917.0000/ ref_levels = 53.0000
Calculating Reference QoR...
ref_lut = 5917.0000/ ref_levels = 53.0000
    Best Score This Iteration: 1.586777 improve 20.66 %
[INFO] Iteration 51/100 — << EXPLORATION >>
Calculating Reference QoR...
ref_lut = 5917.0000/ ref_levels = 53.0000
Calculating Reference QoR...
ref_lut = 5917.0000/ ref_levels = 53.0000
Calculating Reference QoR...
ref_lut = 5917.0000/ ref_levels = 53.0000
Calculating Reference QoR...
ref_lut = 5917.0000/ ref_levels = 53.0000
Calculating Reference QoR...
ref_lut = 5917.0000/ ref_levels = 53.0000
Calculating Reference QoR...
ref_lut = 5917.0000/ ref_levels = 53.0000
Calculating Reference QoR...
ref_lut = 5917.0000/ ref_levels = 53.0000
Calculating Reference QoR...
ref_lut = 5917.0000/ ref_levels = 53.0000
Calculating Reference QoR...
ref_lut = 5917.0000/ ref_levels = 53.0000
    Best Score This Iteration: 1.586777 improve 20.66 %
[INFO] Iteration 52/100 — << EXPLORATION >>
Calculating Reference QoR...
ref_lut = 5917.0000/ ref_levels = 53.0000
Calculating Reference QoR...
ref_lut = 5917.0000/ ref_levels = 53.0000
Calculating Reference QoR...
ref_lut = 5917.0000/ ref_levels = 53.0000
Calculating Reference QoR...
ref_lut = 5917.0000/ ref_levels = 53.0000
Calculating Reference QoR...
ref_lut = 5917.0000/ ref_levels = 53.0000
Calculating Reference QoR...
ref_lut = 5917.0000/ ref_levels = 53.0000
Calculating Reference QoR...
ref_lut = 5917.0000/ ref_levels = 53.0000
Calculating Reference QoR...
ref_lut = 5917.0000/ ref_levels = 53.0000
Calculating Reference QoR...
ref_lut = 5917.0000/ ref_levels = 53.0000
[STALL] Injecting diversity and elite memory...
    Best Score This Iteration: 1.586777 improve 20.66 %
[INFO] Iteration 53/100 — << EXPLORATION >>
Calculating Reference QoR...
ref_lut = 5917.0000/ ref_levels = 53.0000
Calculating Reference QoR...
ref_lut = 5917.0000/ ref_levels = 53.0000
Calculating Reference QoR...
ref_lut = 5917.0000/ ref_levels = 53.0000
Calculating Reference QoR...
ref_lut = 5917.0000/ ref_levels = 53.0000
Calculating Reference QoR...
ref_lut = 5917.0000/ ref_levels = 53.0000
Calculating Reference QoR...
ref_lut = 5917.0000/ ref_levels = 53.0000
Calculating Reference QoR...
ref_lut = 5917.0000/ ref_levels = 53.0000
Calculating Reference QoR...
ref_lut = 5917.0000/ ref_levels = 53.0000
Calculating Reference QoR...
ref_lut = 5917.0000/ ref_levels = 53.0000
    Best Score This Iteration: 1.586777 improve 20.66 %
[INFO] Iteration 54/100 — << EXPLORATION >>
Calculating Reference QoR...
ref_lut = 5917.0000/ ref_levels = 53.0000
Calculating Reference QoR...
ref_lut = 5917.0000/ ref_levels = 53.0000
Calculating Reference QoR...
ref_lut = 5917.0000/ ref_levels = 53.0000
Calculating Reference QoR...
ref_lut = 5917.0000/ ref_levels = 53.0000
Calculating Reference QoR...
ref_lut = 5917.0000/ ref_levels = 53.0000
    Best Score This Iteration: 1.586777 improve 20.66 %
[INFO] Iteration 55/100 — << EXPLORATION >>
Calculating Reference QoR...
ref_lut = 5917.0000/ ref_levels = 53.0000
Calculating Reference QoR...
ref_lut = 5917.0000/ ref_levels = 53.0000
Calculating Reference QoR...
ref_lut = 5917.0000/ ref_levels = 53.0000
Calculating Reference QoR...
ref_lut = 5917.0000/ ref_levels = 53.0000
Calculating Reference QoR...
ref_lut = 5917.0000/ ref_levels = 53.0000
Calculating Reference QoR...
ref_lut = 5917.0000/ ref_levels = 53.0000
Calculating Reference QoR...
ref_lut = 5917.0000/ ref_levels = 53.0000
Calculating Reference QoR...
ref_lut = 5917.0000/ ref_levels = 53.0000
Calculating Reference QoR...
ref_lut = 5917.0000/ ref_levels = 53.0000
    Best Score This Iteration: 1.586777 improve 20.66 %
[INFO] Iteration 56/100 — << EXPLORATION >>
Calculating Reference QoR...
ref_lut = 5917.0000/ ref_levels = 53.0000
Calculating Reference QoR...
ref_lut = 5917.0000/ ref_levels = 53.0000
Calculating Reference QoR...
ref_lut = 5917.0000/ ref_levels = 53.0000
Calculating Reference QoR...
ref_lut = 5917.0000/ ref_levels = 53.0000
Calculating Reference QoR...
ref_lut = 5917.0000/ ref_levels = 53.0000
Calculating Reference QoR...
ref_lut = 5917.0000/ ref_levels = 53.0000
Calculating Reference QoR...
ref_lut = 5917.0000/ ref_levels = 53.0000
Calculating Reference QoR...
ref_lut = 5917.0000/ ref_levels = 53.0000
Calculating Reference QoR...
ref_lut = 5917.0000/ ref_levels = 53.0000
    Best Score This Iteration: 1.586777 improve 20.66 %
[INFO] Iteration 57/100 — << EXPLORATION >>
Calculating Reference QoR...
ref_lut = 5917.0000/ ref_levels = 53.0000
Calculating Reference QoR...
ref_lut = 5917.0000/ ref_levels = 53.0000
Calculating Reference QoR...
ref_lut = 5917.0000/ ref_levels = 53.0000
Calculating Reference QoR...
ref_lut = 5917.0000/ ref_levels = 53.0000
Calculating Reference QoR...
ref_lut = 5917.0000/ ref_levels = 53.0000
Calculating Reference QoR...
ref_lut = 5917.0000/ ref_levels = 53.0000
Calculating Reference QoR...
ref_lut = 5917.0000/ ref_levels = 53.0000
Calculating Reference QoR...
ref_lut = 5917.0000/ ref_levels = 53.0000
Calculating Reference    Best Score This Iteration: 1.586777 improve 20.66 %
[INFO] Iteration 58/100 — << EXPLORATION >>
Calculating Reference QoR...
ref_lut = 5917.0000/ ref_levels = 53.0000
Calculating Reference QoR...
ref_lut = 5917.0000/ ref_levels = 53.0000
Calculating Reference QoR...
ref_lut = 5917.0000/ ref_levels = 53.0000
Calculating Reference QoR...
ref_lut = 5917.0000/ ref_levels = 53.0000
Calculating Reference QoR...
ref_lut = 5917.0000/ ref_levels = 53.0000
Calculating Reference QoR...
ref_lut = 5917.0000/ ref_levels = 53.0000
Calculating Reference QoR...
ref_lut = 5917.0000/ ref_levels = 53.0000
Calculating Reference QoR...
ref_lut = 5917.0000/ ref_levels = 53.0000
Calculating Reference QoR...
ref_lut = 5917.0000/ ref_levels = 53.0000
    Best Score This Iteration: 1.586777 improve 20.66 %
[INFO] Iteration 59/100 — << EXPLORATION >>
Calculating Reference QoR...
ref_lut = 5917.0000/ ref_levels = 53.0000
Calculating Reference QoR...
ref_lut = 5917.0000/ ref_levels = 53.0000
Calculating Reference QoR...
ref_lut = 5917.0000/ ref_levels = 53.0000
Calculating Reference QoR...
ref_lut = 5917.0000/ ref_levels = 53.0000
Calculating Reference QoR...
ref_lut = 5917.0000/ ref_levels = 53.0000
Calculating Reference QoR...
ref_lut = 5917.0000/ ref_levels = 53.0000
Calculating Reference QoR...
ref_lut = 5917.0000/ ref_levels = 53.0000
Calculating Reference QoR...
ref_lut = 5917.0000/ ref_levels = 53.0000
Calculating Reference QoR...
ref_lut = 5917.0000/ ref_levels = 53.0000
    Best Score This Iteration: 1.586777 improve 20.66 %
[INFO] Iteration 60/100 — << EXPLORATION >>
Calculating Reference QoR...
ref_lut = 5917.0000/ ref_levels = 53.0000
Calculating Reference QoR...
ref_lut = 5917.0000/ ref_levels = 53.0000
Calculating Reference QoR...
ref_lut = 5917.0000/ ref_levels = 53.0000
Calculating Reference QoR...
ref_lut = 5917.0000/ ref_levels = 53.0000
Calculating Reference QoR...
ref_lut = 5917.0000/ ref_levels = 53.0000
Calculating Reference QoR...
ref_lut = 5917.0000/ ref_levels = 53.0000
Calculating Reference QoR...
ref_lut = 5917.0000/ ref_levels = 53.0000
Calculating Reference QoR...
ref_lut = 5917.0000/ ref_levels = 53.0000
Calculating Reference QoR...
ref_lut = 5917.0000/ ref_levels = 53.0000
    Best Score This Iteration: 1.586777 improve 20.66 %
[INFO] Iteration 61/100 — << EXPLORATION >>
Calculating Reference QoR...
ref_lut = 5917.0000/ ref_levels = 53.0000
Calculating Reference QoR...
ref_lut = 5917.0000/ ref_levels = 53.0000
Calculating Reference QoR...
ref_lut = 5917.0000/ ref_levels = 53.0000
Calculating Reference QoR...
ref_lut = 5917.0000/ ref_levels = 53.0000
Calculating Reference QoR...
ref_lut = 5917.0000/ ref_levels = 53.0000
Calculating Reference QoR...
ref_lut = 5917.0000/ ref_levels = 53.0000
Calculating Reference QoR...
ref_lut = 5917.0000/ ref_levels = 53.0000
Calculating Reference QoR...
ref_lut = 5917.0000/ ref_levels = 53.0000
    Best Score This Iteration: 1.586777 improve 20.66 %
[INFO] Iteration 62/100 — << EXPLORATION >>
Calculating Reference QoR...
ref_lut = 5917.0000/ ref_levels = 53.0000
Calculating Reference QoR...
ref_lut = 5917.0000/ ref_levels = 53.0000
Calculating Reference QoR...
ref_lut = 5917.0000/ ref_levels = 53.0000
Calculating Reference QoR...
ref_lut = 5917.0000/ ref_levels = 53.0000
Calculating Reference QoR...
ref_lut = 5917.0000/ ref_levels = 53.0000
Calculating Reference QoR...
ref_lut = 5917.0000/ ref_levels = 53.0000
Calculating Reference QoR...
ref_lut = 5917.0000/ ref_levels = 53.0000
Calculating Reference QoR...
ref_lut = 5917.0000/ ref_levels = 53.0000
Calculating Reference QoR...
ref_lut = 5917.0000/ ref_levels = 53.0000
    Best Score This Iteration: 1.586777 improve 20.66 %
[INFO] Iteration 63/100 — << EXPLORATION >>
Calculating Reference QoR...
ref_lut = 5917.0000/ ref_levels = 53.0000
Calculating Reference QoR...
ref_lut = 5917.0000/ ref_levels = 53.0000
Calculating Reference QoR...
ref_lut = 5917.0000/ ref_levels = 53.0000
Calculating Reference QoR...
ref_lut = 5917.0000/ ref_levels = 53.0000
Calculating Reference QoR...
ref_lut = 5917.0000/ ref_levels = 53.0000
Calculating Reference QoR...
ref_lut = 5917.0000/ ref_levels = 53.0000
Calculating Reference QoR...
ref_lut = 5917.0000/ ref_levels = 53.0000
Calculating Reference QoR...
ref_lut = 5917.0000/ ref_levels = 53.0000
Calculating Reference QoR...
ref_lut = 5917.0000/ ref_levels = 53.0000
    Best Score This Iteration: 1.586777 improve 20.66 %
[INFO] Iteration 64/100 — << EXPLORATION >>
Calculating Reference QoR...
ref_lut = 5917.0000/ ref_levels = 53.0000
Calculating Reference QoR...
ref_lut = 5917.0000/ ref_levels = 53.0000
Calculating Reference QoR...
ref_lut = 5917.0000/ ref_levels = 53.0000
Calculating Reference QoR...
ref_lut = 5917.0000/ ref_levels = 53.0000
Calculating Reference QoR...
ref_lut = 5917.0000/ ref_levels = 53.0000
Calculating Reference QoR...
ref_lut = 5917.0000/ ref_levels = 53.0000
Calculating Reference QoR...
ref_lut = 5917.0000/ ref_levels = 53.0000
Calculating Reference QoR...
ref_lut = 5917.0000/ ref_levels = 53.0000
Calculating Reference QoR...
ref_lut = 5917.0000/ ref_levels = 53.0000
    Best Score This Iteration: 1.586777 improve 20.66 %
[INFO] Iteration 65/100 — << EXPLORATION >>
Calculating Reference QoR...
ref_lut = 5917.0000/ ref_levels = 53.0000
Calculating Reference QoR...
ref_lut = 5917.0000/ ref_levels = 53.0000
Calculating Reference QoR...
ref_lut = 5917.0000/ ref_levels = 53.0000
Calculating Reference QoR...
ref_lut = 5917.0000/ ref_levels = 53.0000
Calculating Reference QoR...
ref_lut = 5917.0000/ ref_levels = 53.0000
Calculating Reference QoR...
ref_lut = 5917.0000/ ref_levels = 53.0000
Calculating Reference QoR...
ref_lut = 5917.0000/ ref_levels = 53.0000
Calculating Reference QoR...
ref_lut = 5917.0000/ ref_levels = 53.0000
Calculating Reference QoR...
ref_lut = 5917.0000/ ref_levels = 53.0000
    Best Score This Iteration: 1.586777 improve 20.66 %
[INFO] Iteration 66/100 — << EXPLORATION >>
Calculating Reference QoR...
ref_lut = 5917.0000/ ref_levels = 53.0000
Calculating Reference QoR...
ref_lut = 5917.0000/ ref_levels = 53.0000
Calculating Reference QoR...
ref_lut = 5917.0000/ ref_levels = 53.0000
Calculating Reference QoR...
ref_lut = 5917.0000/ ref_levels = 53.0000
Calculating Reference QoR...
ref_lut = 5917.0000/ ref_levels = 53.0000
Calculating Reference QoR...
ref_lut = 5917.0000/ ref_levels = 53.0000
    Best Score This Iteration: 1.586777 improve 20.66 %
[INFO] Iteration 67/100 — << EXPLORATION >>
Calculating Reference QoR...
ref_lut = 5917.0000/ ref_levels = 53.0000
Calculating Reference QoR...
ref_lut = 5917.0000/ ref_levels = 53.0000
Calculating Reference QoR...
ref_lut = 5917.0000/ ref_levels = 53.0000
Calculating Reference QoR...
ref_lut = 5917.0000/ ref_levels = 53.0000
Calculating Reference QoR...
ref_lut = 5917.0000/ ref_levels = 53.0000
Calculating Reference QoR...
ref_lut = 5917.0000/ ref_levels = 53.0000
Calculating Reference QoR...
ref_lut = 5917.0000/ ref_levels = 53.0000
Calculating Reference QoR...
ref_lut = 5917.0000/ ref_levels = 53.0000
Calculating Reference QoR...
ref_lut = 5917.0000/ ref_levels = 53.0000
[STALL] Injecting diversity and elite memory...
    Best Score This Iteration: 1.586777 improve 20.66 %
[INFO] Iteration 68/100 — << EXPLORATION >>
Calculating Reference QoR...
ref_lut = 5917.0000/ ref_levels = 53.0000
Calculating Reference QoR...
ref_lut = 5917.0000/ ref_levels = 53.0000
Calculating Reference QoR...
ref_lut = 5917.0000/ ref_levels = 53.0000
Calculating Reference QoR...
ref_lut = 5917.0000/ ref_levels = 53.0000
Calculating Reference QoR...
ref_lut = 5917.0000/ ref_levels = 53.0000
Calculating Reference QoR...
ref_lut = 5917.0000/ ref_levels = 53.0000
Calculating Reference QoR...
ref_lut = 5917.0000/ ref_levels = 53.0000
Calculating Reference QoR...
ref_lut = 5917.0000/ ref_levels = 53.0000
Calculating Reference QoR...
ref_lut = 5917.0000/ ref_levels = 53.0000
    Best Score This Iteration: 1.586777 improve 20.66 %
[INFO] Iteration 69/100 — << EXPLORATION >>
Calculating Reference QoR...
ref_lut = 5917.0000/ ref_levels = 53.0000
Calculating Reference QoR...
ref_lut = 5917.0000/ ref_levels = 53.0000
Calculating Reference QoR...
ref_lut = 5917.0000/ ref_levels = 53.0000
Calculating Reference QoR...
ref_lut = 5917.0000/ ref_levels = 53.0000
Calculating Reference QoR...
ref_lut = 5917.0000/ ref_levels = 53.0000
Calculating Reference QoR...
ref_lut = 5917.0000/ ref_levels = 53.0000
Calculating Reference QoR...
ref_lut = 5917.0000/ ref_levels = 53.0000
Calculating Reference QoR...
ref_lut = 5917.0000/ ref_levels = 53.0000
Calculating Reference QoR...
ref_lut = 5917.0000/ ref_levels = 53.0000
    Best Score This Iteration: 1.586777 improve 20.66 %
[INFO] Iteration 70/100 — << EXPLORATION >>
Calculating Reference QoR...
ref_lut = 5917.0000/ ref_levels = 53.0000
Calculating Reference QoR...
ref_lut = 5917.0000/ ref_levels = 53.0000
Calculating Reference QoR...
ref_lut = 5917.0000/ ref_levels = 53.0000
Calculating Reference QoR...
ref_lut = 5917.0000/ ref_levels = 53.0000
Calculating Reference QoR...
ref_lut = 5917.0000/ ref_levels = 53.0000
Calculating Reference QoR...
ref_lut = 5917.0000/ ref_levels = 53.0000
Calculating Reference QoR...
ref_lut = 5917.0000/ ref_levels = 53.0000
Calculating Reference QoR...
ref_lut = 5917.0000/ ref_levels = 53.0000
Calculating Reference QoR...
ref_lut = 5917.0000/ ref_levels = 53.0000
    Best Score This Iteration: 1.586777 improve 20.66 %
[INFO] Iteration 71/100 — << EXPLORATION >>
Calculating Reference QoR...
ref_lut = 5917.0000/ ref_levels = 53.0000
Calculating Reference QoR...
ref_lut = 5917.0000/ ref_levels = 53.0000
Calculating Reference QoR...
ref_lut = 5917.0000/ ref_levels = 53.0000
Calculating Reference QoR...
ref_lut = 5917.0000/ ref_levels = 53.0000
Calculating Reference QoR...
ref_lut = 5917.0000/ ref_levels = 53.0000
Calculating Reference QoR...
ref_lut = 5917.0000/ ref_levels = 53.0000
Calculating Reference QoR...
ref_lut = 5917.0000/ ref_levels = 53.0000
Calculating Reference QoR...
ref_lut = 5917.0000/ ref_levels = 53.0000
Calculating Reference QoR...
ref_lut = 5917.0000/ ref_levels = 53.0000
    Best Score This Iteration: 1.586777 improve 20.66 %
[INFO] Iteration 72/100 — << EXPLORATION >>
Calculating Reference QoR...
ref_lut = 5917.0000/ ref_levels = 53.0000
Calculating Reference QoR...
ref_lut = 5917.0000/ ref_levels = 53.0000
Calculating Reference QoR...
ref_lut = 5917.0000/ ref_levels = 53.0000
Calculating Reference QoR...
ref_lut = 5917.0000/ ref_levels = 53.0000
Calculating Reference QoR...
ref_lut = 5917.0000/ ref_levels = 53.0000
Calculating Reference QoR...
ref_lut = 5917.0000/ ref_levels = 53.0000
Calculating Reference QoR...
ref_lut = 5917.0000/ ref_levels = 53.0000
Calculating Reference QoR...
ref_lut = 5917.0000/ ref_levels = 53.0000
Calculating Reference QoR...
ref_lut = 5917.0000/ ref_levels = 53.0000
    Best Score This Iteration: 1.586777 improve 20.66 %
[INFO] Iteration 73/100 — << EXPLORATION >>
Calculating Reference QoR...
ref_lut = 5917.0000/ ref_levels = 53.0000
Calculating Reference QoR...
ref_lut = 5917.0000/ ref_levels = 53.0000
Calculating Reference QoR...
ref_lut = 5917.0000/ ref_levels = 53.0000
Calculating Reference QoR...
ref_lut = 5917.0000/ ref_levels = 53.0000
Calculating Reference QoR...
ref_lut = 5917.0000/ ref_levels = 53.0000
Calculating Reference QoR...
ref_lut = 5917.0000/ ref_levels = 53.0000
Calculating Reference QoR...
ref_lut = 5917.0000/ ref_levels = 53.0000
Calculating Reference QoR...
ref_lut = 5917.0000/ ref_levels = 53.0000
Calculating Reference QoR...
ref_lut = 5917.0000/ ref_levels = 53.0000
    Best Score This Iteration: 1.586777 improve 20.66 %
[INFO] Iteration 74/100 — << EXPLORATION >>
Calculating Reference QoR...
ref_lut = 5917.0000/ ref_levels = 53.0000
Calculating Reference QoR...
ref_lut = 5917.0000/ ref_levels = 53.0000
Calculating Reference QoR...
ref_lut = 5917.0000/ ref_levels = 53.0000
Calculating Reference QoR...
ref_lut = 5917.0000/ ref_levels = 53.0000
Calculating Reference QoR...
ref_lut = 5917.0000/ ref_levels = 53.0000
Calculating Reference QoR...
ref_lut = 5917.0000/ ref_levels = 53.0000
Calculating Reference QoR...
ref_lut = 5917.0000/ ref_levels = 53.0000
Calculating Reference QoR...
ref_lut = 5917.0000/ ref_levels = 53.0000
Calculating Reference QoR...
ref_lut = 5917.0000/ ref_levels = 53.0000
    Best Score This Iteration: 1.586777 improve 20.66 %
[INFO] Iteration 75/100 — << EXPLORATION >>
Calculating Reference QoR...
ref_lut = 5917.0000/ ref_levels = 53.0000
Calculating Reference QoR...
ref_lut = 5917.0000/ ref_levels = 53.0000
Calculating Reference QoR...
ref_lut = 5917.0000/ ref_levels = 53.0000
Calculating Reference QoR...
ref_lut = 5917.0000/ ref_levels = 53.0000
Calculating Reference QoR...
ref_lut = 5917.0000/ ref_levels = 53.0000
Calculating Reference QoR...
ref_lut = 5917.0000/ ref_levels = 53.0000
Calculating Reference QoR...
ref_lut = 5917.0000/ ref_levels = 53.0000
Calculating Reference QoR...
ref_lut = 5917.0000/ ref_levels = 53.0000
Calculating Reference QoR...
ref_lut = 5917.0000/ ref_levels = 53.0000
    Best Score This Iteration: 1.586777 improve 20.66 %
[INFO] Iteration 76/100 — << EXPLORATION >>
Calculating Reference QoR...
ref_lut = 5917.0000/ ref_levels = 53.0000
Calculating Reference QoR...
ref_lut = 5917.0000/ ref_levels = 53.0000
Calculating Reference QoR...
ref_lut = 5917.0000/ ref_levels = 53.0000
Calculating Reference QoR...
ref_lut = 5917.0000/ ref_levels = 53.0000
Calculating Reference QoR...
ref_lut = 5917.0000/ ref_levels = 53.0000
Calculating Reference QoR...
ref_lut = 5917.0000/ ref_levels = 53.0000
Calculating Reference QoR...
ref_lut = 5917.0000/ ref_levels = 53.0000
Calculating Reference QoR...
ref_lut = 5917.0000/ ref_levels = 53.0000
Calculating Reference QoR...
ref_lut = 5917.0000/ ref_levels = 53.0000
    Best Score This Iteration: 1.586777 improve 20.66 %
[INFO] Iteration 77/100 — << EXPLORATION >>
Calculating Reference QoR...
ref_lut = 5917.0000/ ref_levels = 53.0000
Calculating Reference QoR...
ref_lut = 5917.0000/ ref_levels = 53.0000
Calculating Reference QoR...
ref_lut = 5917.0000/ ref_levels = 53.0000
Calculating Reference QoR...
ref_lut = 5917.0000/ ref_levels = 53.0000
Calculating Reference QoR...
ref_lut = 5917.0000/ ref_levels = 53.0000
Calculating Reference QoR...
ref_lut = 5917.0000/ ref_levels = 53.0000
Calculating Reference QoR...
ref_lut = 5917.0000/ ref_levels = 53.0000
Calculating Reference QoR...
ref_lut = 5917.0000/ ref_levels = 53.0000
Calculating Reference QoR...
ref_lut = 5917.0000/ ref_levels = 53.0000
    Best Score This Iteration: 1.586777 improve 20.66 %
[INFO] Iteration 78/100 — << EXPLORATION >>
Calculating Reference QoR...
ref_lut = 5917.0000/ ref_levels = 53.0000
Calculating Reference QoR...
ref_lut = 5917.0000/ ref_levels = 53.0000
Calculating Reference QoR...
ref_lut = 5917.0000/ ref_levels = 53.0000
Calculating Reference QoR...
ref_lut = 5917.0000/ ref_levels = 53.0000
Calculating Reference QoR...
ref_lut = 5917.0000/ ref_levels = 53.0000
Calculating Reference QoR...
ref_lut = 5917.0000/ ref_levels = 53.0000
Calculating Reference QoR...
ref_lut = 5917.0000/ ref_levels = 53.0000
Calculating Reference QoR...
ref_lut = 5917.0000/ ref_levels = 53.0000
    Best Score This Iteration: 1.586777 improve 20.66 %
[INFO] Iteration 79/100 — << EXPLORATION >>
Calculating Reference QoR...
ref_lut = 5917.0000/ ref_levels = 53.0000
Calculating Reference QoR...
ref_lut = 5917.0000/ ref_levels = 53.0000
Calculating Reference QoR...
ref_lut = 5917.0000/ ref_levels = 53.0000
Calculating Reference QoR...
ref_lut = 5917.0000/ ref_levels = 53.0000
Calculating Reference QoR...
ref_lut = 5917.0000/ ref_levels = 53.0000
Calculating Reference QoR...
ref_lut = 5917.0000/ ref_levels = 53.0000
Calculating Reference QoR...
ref_lut = 5917.0000/ ref_levels = 53.0000
Calculating Reference QoR...
ref_lut = 5917.0000/ ref_levels = 53.0000
Calculating Reference QoR...
ref_lut = 5917.0000/ ref_levels = 53.0000
    Best Score This Iteration: 1.586777 improve 20.66 %
[INFO] Iteration 80/100 — << EXPLORATION >>
Calculating Reference QoR...
ref_lut = 5917.0000/ ref_levels = 53.0000
Calculating Reference QoR...
ref_lut = 5917.0000/ ref_levels = 53.0000
Calculating Reference QoR...
ref_lut = 5917.0000/ ref_levels = 53.0000
Calculating Reference QoR...
ref_lut = 5917.0000/ ref_levels = 53.0000
Calculating Reference QoR...
ref_lut = 5917.0000/ ref_levels = 53.0000
Calculating Reference QoR...
ref_lut = 5917.0000/ ref_levels = 53.0000
Calculating Reference QoR...
ref_lut = 5917.0000/ ref_levels = 53.0000
Calculating Reference QoR...
ref_lut = 5917.0000/ ref_levels = 53.0000
Calculating Reference QoR...
ref_lut = 5917.0000/ ref_levels = 53.0000
    Best Score This Iteration: 1.586777 improve 20.66 %
[INFO] Iteration 81/100 — << EXPLORATION >>
Calculating Reference QoR...
ref_lut = 5917.0000/ ref_levels = 53.0000
Calculating Reference QoR...
ref_lut = 5917.0000/ ref_levels = 53.0000
Calculating Reference QoR...
ref_lut = 5917.0000/ ref_levels = 53.0000
Calculating Reference QoR...
ref_lut = 5917.0000/ ref_levels = 53.0000
Calculating Reference QoR...
ref_lut = 5917.0000/ ref_levels = 53.0000
Calculating Reference QoR...
ref_lut = 5917.0000/ ref_levels = 53.0000
Calculating Reference QoR...
ref_lut = 5917.0000/ ref_levels = 53.0000
Calculating Reference QoR...
ref_lut = 5917.0000/ ref_levels = 53.0000
Calculating Reference QoR...
ref_lut = 5917.0000/ ref_levels = 53.0000
    Best Score This Iteration: 1.586777 improve 20.66 %
[INFO] Iteration 82/100 — << EXPLORATION >>
Calculating Reference QoR...
ref_lut = 5917.0000/ ref_levels = 53.0000
Calculating Reference QoR...
ref_lut = 5917.0000/ ref_levels = 53.0000
Calculating Reference QoR...
ref_lut = 5917.0000/ ref_levels = 53.0000
Calculating Reference QoR...
ref_lut = 5917.0000/ ref_levels = 53.0000
Calculating Reference QoR...
ref_lut = 5917.0000/ ref_levels = 53.0000
Calculating Reference QoR...
ref_lut = 5917.0000/ ref_levels = 53.0000
Calculating Reference QoR...
ref_lut = 5917.0000/ ref_levels = 53.0000
Calculating Reference QoR...
ref_lut = 5917.0000/ ref_levels = 53.0000
Calculating Reference QoR...
ref_lut = 5917.0000/ ref_levels = 53.0000
[STALL] Injecting diversity and elite memory...
    Best Score This Iteration: 1.586777 improve 20.66 %
[INFO] Iteration 83/100 — << EXPLORATION >>
Calculating Reference QoR...
ref_lut = 5917.0000/ ref_levels = 53.0000
Calculating Reference QoR...
ref_lut = 5917.0000/ ref_levels = 53.0000
Calculating Reference QoR...
ref_lut = 5917.0000/ ref_levels = 53.0000
Calculating Reference QoR...
ref_lut = 5917.0000/ ref_levels = 53.0000
Calculating Reference QoR...
ref_lut = 5917.0000/ ref_levels = 53.0000
Calculating Reference QoR...
ref_lut = 5917.0000/ ref_levels = 53.0000
Calculating Reference QoR...
ref_lut = 5917.0000/ ref_levels = 53.0000
Calculating Reference QoR...
ref_lut = 5917.0000/ ref_levels = 53.0000
Calculating Reference QoR...
ref_lut = 5917.0000/ ref_levels = 53.0000
    Best Score This Iteration: 1.586777 improve 20.66 %
[INFO] Iteration 84/100 — << EXPLORATION >>
Calculating Reference QoR...
ref_lut = 5917.0000/ ref_levels = 53.0000
Calculating Reference QoR...
ref_lut = 5917.0000/ ref_levels = 53.0000
Calculating Reference QoR...
ref_lut = 5917.0000/ ref_levels = 53.0000
Calculating Reference QoR...
ref_lut = 5917.0000/ ref_levels = 53.0000
Calculating Reference QoR...
ref_lut = 5917.0000/ ref_levels = 53.0000
Calculating Reference QoR...
ref_lut = 5917.0000/ ref_levels = 53.0000
Calculating Reference QoR...
ref_lut = 5917.0000/ ref_levels = 53.0000
Calculating Reference QoR...
ref_lut = 5917.0000/ ref_levels = 53.0000
Calculating Reference QoR...
ref_lut = 5917.0000/ ref_levels = 53.0000
    Best Score This Iteration: 1.586777 improve 20.66 %
[INFO] Iteration 85/100 — << EXPLORATION >>
Calculating Reference QoR...
ref_lut = 5917.0000/ ref_levels = 53.0000
Calculating Reference QoR...
ref_lut = 5917.0000/ ref_levels = 53.0000
Calculating Reference QoR...
ref_lut = 5917.0000/ ref_levels = 53.0000
Calculating Reference QoR...
ref_lut = 5917.0000/ ref_levels = 53.0000
Calculating Reference QoR...
ref_lut = 5917.0000/ ref_levels = 53.0000
Calculating Reference QoR...
ref_lut = 5917.0000/ ref_levels = 53.0000
Calculating Reference QoR...
ref_lut = 5917.0000/ ref_levels = 53.0000
Calculating Reference QoR...
ref_lut = 5917.0000/ ref_levels = 53.0000
Calculating Reference QoR...
ref_lut = 5917.0000/ ref_levels =    Best Score This Iteration: 1.586777 improve 20.66 %
[INFO] Iteration 86/100 — << EXPLORATION >>
Calculating Reference QoR...
ref_lut = 5917.0000/ ref_levels = 53.0000
Calculating Reference QoR...
ref_lut = 5917.0000/ ref_levels = 53.0000
Calculating Reference QoR...
ref_lut = 5917.0000/ ref_levels = 53.0000
Calculating Reference QoR...
ref_lut = 5917.0000/ ref_levels = 53.0000
Calculating Reference QoR...
ref_lut = 5917.0000/ ref_levels = 53.0000
Calculating Reference QoR...
ref_lut = 5917.0000/ ref_levels = 53.0000
Calculating Reference QoR...
ref_lut = 5917.0000/ ref_levels = 53.0000
Calculating Reference QoR...
ref_lut = 5917.0000/ ref_levels = 53.0000
Calculating Reference QoR...
ref_lut = 5917.0000/ ref_levels = 53.0000
    Best Score This Iteration: 1.586777 improve 20.66 %
[INFO] Iteration 87/100 — << EXPLORATION >>
Calculating Reference QoR...
ref_lut = 5917.0000/ ref_levels = 53.0000
Calculating Reference QoR...
ref_lut = 5917.0000/ ref_levels = 53.0000
Calculating Reference QoR...
ref_lut = 5917.0000/ ref_levels = 53.0000
Calculating Reference QoR...
ref_lut = 5917.0000/ ref_levels = 53.0000
Calculating Reference QoR...
ref_lut = 5917.0000/ ref_levels = 53.0000
Calculating Reference QoR...
ref_lut = 5917.0000/ ref_levels = 53.0000
Calculating Reference QoR...
ref_lut = 5917.0000/ ref_levels = 53.0000
Calculating Reference QoR...
ref_lut = 5917.0000/ ref_levels = 53.0000
Calculating Reference QoR...
ref_lut = 5917.0000/ ref_levels = 53.0000
    Best Score This Iteration: 1.586777 improve 20.66 %
[INFO] Iteration 88/100 — << EXPLORATION >>
Calculating Reference QoR...
ref_lut = 5917.0000/ ref_levels = 53.0000
Calculating Reference QoR...
ref_lut = 5917.0000/ ref_levels = 53.0000
Calculating Reference QoR...
ref_lut = 5917.0000/ ref_levels = 53.0000
Calculating Reference QoR...
ref_lut = 5917.0000/ ref_levels = 53.0000
Calculating Reference QoR...
ref_lut = 5917.0000/ ref_levels = 53.0000
Calculating Reference QoR...
ref_lut = 5917.0000/ ref_levels = 53.0000
Calculating Reference QoR...
ref_lut = 5917.0000/ ref_levels = 53.0000
Calculating Reference QoR...
ref_lut = 5917.0000/ ref_levels = 53.0000
    Best Score This Iteration: 1.586777 improve 20.66 %
[INFO] Iteration 89/100 — << EXPLORATION >>
Calculating Reference QoR...
ref_lut = 5917.0000/ ref_levels = 53.0000
Calculating Reference QoR...
ref_lut = 5917.0000/ ref_levels = 53.0000
Calculating Reference QoR...
ref_lut = 5917.0000/ ref_levels = 53.0000
Calculating Reference QoR...
ref_lut = 5917.0000/ ref_levels = 53.0000
Calculating Reference QoR...
ref_lut = 5917.0000/ ref_levels = 53.0000
Calculating Reference QoR...
ref_lut = 5917.0000/ ref_levels = 53.0000
Calculating Reference QoR...
ref_lut = 5917.0000/ ref_levels = 53.0000
Calculating Reference QoR...
ref_lut = 5917.0000/ ref_levels = 53.0000
Calculating Reference QoR...
ref_lut = 5917.0000/ ref_levels = 53.0000
    Best Score This Iteration: 1.586777 improve 20.66 %
[INFO] Iteration 90/100 — << EXPLORATION >>
Calculating Reference QoR...
ref_lut = 5917.0000/ ref_levels = 53.0000
Calculating Reference QoR...
ref_lut = 5917.0000/ ref_levels = 53.0000
Calculating Reference QoR...
ref_lut = 5917.0000/ ref_levels = 53.0000
Calculating Reference QoR...
ref_lut = 5917.0000/ ref_levels = 53.0000
Calculating Reference QoR...
ref_lut = 5917.0000/ ref_levels = 53.0000
Calculating Reference QoR...
ref_lut = 5917.0000/ ref_levels = 53.0000
Calculating Reference QoR...
ref_lut = 5917.0000/ ref_levels = 53.0000
Calculating Reference QoR...
ref_lut = 5917.0000/ ref_levels = 53.0000
Calculating Reference QoR...
ref_lut = 5917.0000/ ref_levels = 53.0000
    Best Score This Iteration: 1.586777 improve 20.66 %
[INFO] Iteration 91/100 — << EXPLORATION >>
Calculating Reference QoR...
ref_lut = 5917.0000/ ref_levels = 53.0000
Calculating Reference QoR...
ref_lut = 5917.0000/ ref_levels = 53.0000
Calculating Reference QoR...
ref_lut = 5917.0000/ ref_levels = 53.0000
Calculating Reference QoR...
ref_lut = 5917.0000/ ref_levels = 53.0000
Calculating Reference QoR...
ref_lut = 5917.0000/ ref_levels = 53.0000
Calculating Reference QoR...
ref_lut = 5917.0000/ ref_levels = 53.0000
Calculating Reference QoR...
ref_lut = 5917.0000/ ref_levels = 53.0000
Calculating Reference QoR...
ref_lut = 5917.0000/ ref_levels = 53.0000
Calculating Reference QoR...
ref_lut = 5917.0000/ ref_levels = 53.0000
    Best Score This Iteration: 1.586777 improve 20.66 %
[INFO] Iteration 92/100 — << EXPLORATION >>
Calculating Reference QoR...
ref_lut = 5917.0000/ ref_levels = 53.0000
Calculating Reference QoR...
ref_lut = 5917.0000/ ref_levels = 53.0000
Calculating Reference QoR...
ref_lut = 5917.0000/ ref_levels = 53.0000
Calculating Reference QoR...
ref_lut = 5917.0000/ ref_levels = 53.0000
Calculating Reference QoR...
ref_lut = 5917.0000/ ref_levels = 53.0000
Calculating Reference QoR...
ref_lut = 5917.0000/ ref_levels = 53.0000
Calculating Reference QoR...
ref_lut = 5917.0000/ ref_levels = 53.0000
Calculating Reference QoR...
ref_lut = 5917.0000/ ref_levels = 53.0000
Calculating Reference QoR...
ref_lut = 5917.0000/ ref_levels = 53.0000
    Best Score This Iteration: 1.586777 improve 20.66 %
[INFO] Iteration 93/100 — << EXPLORATION >>
Calculating Reference QoR...
ref_lut = 5917.0000/ ref_levels = 53.0000
Calculating Reference QoR...
ref_lut = 5917.0000/ ref_levels = 53.0000
Calculating Reference QoR...
ref_lut = 5917.0000/ ref_levels = 53.0000
Calculating Reference QoR...
ref_lut = 5917.0000/ ref_levels = 53.0000
Calculating Reference QoR...
ref_lut = 5917.0000/ ref_levels = 53.0000
Calculating Reference QoR...
ref_lut = 5917.0000/ ref_levels = 53.0000
Calculating Reference QoR...
ref_lut = 5917.0000/ ref_levels = 53.0000
Calculating Reference QoR...
ref_lut = 5917.0000/ ref_levels = 53.0000
Calculating Reference QoR...
ref_lut = 5917.0000/ ref_levels = 53.0000
    Best Score This Iteration: 1.586777 improve 20.66 %
[INFO] Iteration 94/100 — << EXPLORATION >>
Calculating Reference QoR...
ref_lut = 5917.0000/ ref_levels = 53.0000
Calculating Reference QoR...
ref_lut = 5917.0000/ ref_levels = 53.0000
Calculating Reference QoR...
ref_lut = 5917.0000/ ref_levels = 53.0000
Calculating Reference QoR...
ref_lut = 5917.0000/ ref_levels = 53.0000
Calculating Reference QoR...
ref_lut = 5917.0000/ ref_levels = 53.0000
Calculating Reference QoR...
ref_lut = 5917.0000/ ref_levels = 53.0000
Calculating Reference QoR...
ref_lut = 5917.0000/ ref_levels = 53.0000
Calculating Reference QoR...
ref_lut = 5917.0000/ ref_levels = 53.0000
Calculating Reference QoR...
ref_lut = 5917.0000/ ref_levels = 53.0000
    Best Score This Iteration: 1.586777 improve 20.66 %
[INFO] Iteration 95/100 — << EXPLORATION >>
Calculating Reference QoR...
ref_lut = 5917.0000/ ref_levels = 53.0000
Calculating Reference QoR...
ref_lut = 5917.0000/ ref_levels = 53.0000
Calculating Reference QoR...
ref_lut = 5917.0000/ ref_levels = 53.0000
Calculating Reference QoR...
ref_lut = 5917.0000/ ref_levels = 53.0000
Calculating Reference QoR...
ref_lut = 5917.0000/ ref_levels = 53.0000
Calculating Reference QoR...
ref_lut = 5917.0000/ ref_levels = 53.0000
Calculating Reference QoR...
ref_lut = 5917.0000/ ref_levels = 53.0000
Calculating Reference QoR...
ref_lut = 5917.0000/ ref_levels = 53.0000
Calculating Reference QoR...
ref_lut = 5917.0000/ ref_levels = 53.0000
    Best Score This Iteration: 1.586777 improve 20.66 %
[INFO] Iteration 96/100 — << EXPLORATION >>
Calculating Reference QoR...
ref_lut = 5917.0000/ ref_levels = 53.0000
Calculating Reference QoR...
ref_lut = 5917.0000/ ref_levels = 53.0000
Calculating Reference QoR...
ref_lut = 5917.0000/ ref_levels = 53.0000
Calculating Reference QoR...
ref_lut = 5917.0000/ ref_levels = 53.0000
Calculating Reference QoR...
ref_lut = 5917.0000/ ref_levels = 53.0000
Calculating Reference QoR...
ref_lut = 5917.0000/ ref_levels = 53.0000
Calculating Reference QoR...
ref_lut = 5917.0000/ ref_levels = 53.0000
    Best Score This Iteration: 1.586777 improve 20.66 %
[INFO] Iteration 97/100 — << EXPLORATION >>
Calculating Reference QoR...
ref_lut = 5917.0000/ ref_levels = 53.0000
Calculating Reference QoR...
ref_lut = 5917.0000/ ref_levels = 53.0000
Calculating Reference QoR...
ref_lut = 5917.0000/ ref_levels = 53.0000
Calculating Reference QoR...
ref_lut = 5917.0000/ ref_levels = 53.0000
Calculating Reference QoR...
ref_lut = 5917.0000/ ref_levels = 53.0000
Calculating Reference QoR...
ref_lut = 5917.0000/ ref_levels = 53.0000
Calculating Reference QoR...
ref_lut = 5917.0000/ ref_levels = 53.0000
Calculating Reference QoR...
ref_lut = 5917.0000/ ref_levels = 53.0000
Calculating Reference QoR...
ref_lut = 5917.0000/ ref_levels = 53.0000
[STALL] Injecting diversity and elite memory...
    Best Score This Iteration: 1.586777 improve 20.66 %
[INFO] Iteration 98/100 — << EXPLORATION >>
Calculating Reference QoR...
ref_lut = 5917.0000/ ref_levels = 53.0000
Calculating Reference QoR...
ref_lut = 5917.0000/ ref_levels = 53.0000
Calculating Reference QoR...
ref_lut = 5917.0000/ ref_levels = 53.0000
Calculating Reference QoR...
ref_lut = 5917.0000/ ref_levels = 53.0000
Calculating Reference QoR...
ref_lut = 5917.0000/ ref_levels = 53.0000
Calculating Reference QoR...
ref_lut = 5917.0000/ ref_levels = 53.0000
Calculating Reference QoR...
ref_lut = 5917.0000/ ref_levels = 53.0000
Calculating Reference QoR...
ref_lut = 5917.0000/ ref_levels = 53.0000
Calculating Reference QoR...
ref_lut = 5917.0000/ ref_levels = 53.0000
    Best Score This Iteration: 1.586777 improve 20.66 %
[INFO] Iteration 99/100 — << EXPLORATION >>
Calculating Reference QoR...
ref_lut = 5917.0000/ ref_levels = 53.0000
Calculating Reference QoR...
ref_lut = 5917.0000/ ref_levels = 53.0000
Calculating Reference QoR...
ref_lut = 5917.0000/ ref_levels = 53.0000
Calculating Reference QoR...
ref_lut = 5917.0000/ ref_levels = 53.0000
Calculating Reference QoR...
ref_lut = 5917.0000/ ref_levels = 53.0000
Calculating Reference QoR...
ref_lut = 5917.0000/ ref_levels = 53.0000
Calculating Reference QoR...
ref_lut = 5917.0000/ ref_levels = 53.0000
Calculating Reference QoR...
ref_lut = 5917.0000/ ref_levels = 53.0000
Calculating Reference QoR...
ref_lut = 5917.0000/ ref_levels = 53.0000
    Best Score This Iteration: 1.586777 improve 20.66 %
[INFO] Iteration 100/100 — << EXPLORATION >>
Calculating Reference QoR...
ref_lut = 5917.0000/ ref_levels = 53.0000
Calculating Reference QoR...
ref_lut = 5917.0000/ ref_levels = 53.0000
Calculating Reference QoR...
ref_lut = 5917.0000/ ref_levels = 53.0000
Calculating Reference QoR...
ref_lut = 5917.0000/ ref_levels = 53.0000
Calculating Reference QoR...
ref_lut = 5917.0000/ ref_levels = 53.0000
Calculating Reference QoR...
ref_lut = 5917.0000/ ref_levels = 53.0000
Calculating Reference QoR...
ref_lut = 5917.0000/ ref_levels = 53.0000
Calculating Reference QoR...
ref_lut = 5917.0000/ ref_levels = 53.0000
Calculating Reference QoR...
ref_lut = 5917.0000/ ref_levels = 53.0000
    Best Score This Iteration: 1.586777 improve 20.66 %
[📄] Convergence CSV saved to logs/convergence.csv

[RESULTS]
Best Position (binary): 11000011110111111011101111010110101111100010111111101000101011110101011010110111
Best Score (QoR): 1.586777
QoR Improvement: 20.66%
Elapsed Time: 15116.47 seconds
----------------------------------
[📄] Results saved to logs/final_result.csv
