[STARTING] Binary PSO Optimization for benchmarks/arithmetic/hyp.blif
   Mode: COMBINED | Particles: 20 | Iterations: 100
[INFO] Iteration 1/100 — >> EXPLOITATION <<
Calculating Reference QoR...
ref_lut = 44333.0000/ ref_levels = 4191.0000
Calculating Reference QoR...
ref_lut = 44333.0000/ ref_levels = 4191.0000
Calculating Reference QoR...
ref_lut = 44333.0000/ ref_levels = 4191.0000
Calculating Reference QoR...
ref_lut = 44333.0000/ ref_levels = 4191.0000
Calculating Reference QoR...
ref_lut = 44333.0000/ ref_levels = 4191.0000
Calculating Reference QoR...
ref_lut = 44333.0000/ ref_levels = 4191.0000
Calculating Reference QoR...
ref_lut = 44333.0000/ ref_levels = 4191.0000
Calculating Reference QoR...
ref_lut = 44333.0000/ ref_levels = 4191.0000
Calculating Reference QoR...
ref_lut = 44333.0000/ ref_levels = 4191.0000
    Best Score This Iteration: 2.010546 improve -0.53 %
[INFO] Iteration 2/100 — >> EXPLOITATION <<
Calculating Reference QoR...
ref_lut = 44333.0000/ ref_levels = 4191.0000
Calculating Reference QoR...
ref_lut = 44333.0000/ ref_levels = 4191.0000
Calculating Reference QoR...
ref_lut = 44333.0000/ ref_levels = 4191.0000
Calculating Reference QoR...
ref_lut = 44333.0000/ ref_levels = 4191.0000
Calculating Reference QoR...
ref_lut = 44333.0000/ ref_levels = 4191.0000
    Best Score This Iteration: 1.989764 improve 0.51 %
[INFO] Iteration 3/100 — >> EXPLOITATION <<
Calculating Reference QoR...
ref_lut = 44333.0000/ ref_levels = 4191.0000
Calculating Reference QoR...
ref_lut = 44333.0000/ ref_levels = 4191.0000
Calculating Reference QoR...
ref_lut = 44333.0000/ ref_levels = 4191.0000
Calculating Reference QoR...
ref_lut = 44333.0000/ ref_levels = 4191.0000
Calculating Reference QoR...
ref_lut = 44333.0000/ ref_levels = 4191.0000
    Best Score This Iteration: 1.989764 improve 0.51 %
[INFO] Iteration 4/100 — >> EXPLOITATION <<
Calculating Reference QoR...
ref_lut = 44333.0000/ ref_levels = 4191.0000
Calculating Reference QoR...
ref_lut = 44333.0000/ ref_levels = 4191.0000
Calculating Reference QoR...
ref_lut = 44333.0000/ ref_levels = 4191.0000
Calculating Reference QoR...
ref_lut = 44333.0000/ ref_levels = 4191.0000
Calculating Reference QoR...
ref_lut = 44333.0000/ ref_levels = 4191.0000
Calculating Reference QoR...
ref_lut = 44333.0000/ ref_levels = 4191.0000
    Best Score This Iteration: 1.989764 improve 0.51 %
[INFO] Iteration 5/100 — >> EXPLOITATION <<
Calculating Reference QoR...
ref_lut = 44333.0000/ ref_levels = 4191.0000
Calculating Reference QoR...
ref_lut = 44333.0000/ ref_levels = 4191.0000
Calculating Reference QoR...
ref_lut = 44333.0000/ ref_levels = 4191.0000
Calculating Reference QoR...
ref_lut = 44333.0000/ ref_levels = 4191.0000
    Best Score This Iteration: 1.989764 improve 0.51 %
[INFO] Iteration 6/100 — >> EXPLOITATION <<
Calculating Reference QoR...
ref_lut = 44333.0000/ ref_levels = 4191.0000
Calculating Reference QoR...
ref_lut = 44333.0000/ ref_levels = 4191.0000
Calculating Reference QoR...
ref_lut = 44333.0000/ ref_levels = 4191.0000
Calculating Reference QoR...
ref_lut = 44333.0000/ ref_levels = 4191.0000
Calculating Reference QoR...
ref_lut = 44333.0000/ ref_levels = 4191.0000
Calculating Reference QoR...
ref_lut = 44333.0000/ ref_levels = 4191.0000
    Best Score This Iteration: 1.989764 improve 0.51 %
[INFO] Iteration 7/100 — >> EXPLOITATION <<
Calculating Reference QoR...
ref_lut = 44333.0000/ ref_levels = 4191.0000
Calculating Reference QoR...
ref_lut = 44333.0000/ ref_levels = 4191.0000
Calculating Reference QoR...
ref_lut = 44333.0000/ ref_levels = 4191.0000
Calculating Reference QoR...
ref_lut = 44333.0000/ ref_levels = 4191.0000
Calculating Reference QoR...
ref_lut = 44333.0000/ ref_levels = 4191.0000
Calculating Reference QoR...
ref_lut = 44333.0000/ ref_levels = 4191.0000
    Best Score This Iteration: 1.989764 improve 0.51 %
[INFO] Iteration 8/100 — >> EXPLOITATION <<
Calculating Reference QoR...
ref_lut = 44333.0000/ ref_levels = 4191.0000
Calculating Reference QoR...
ref_lut = 44333.0000/ ref_levels = 4191.0000
Calculating Reference QoR...
ref_lut = 44333.0000/ ref_levels = 4191.0000
Calculating Reference QoR...
ref_lut = 44333.0000/ ref_levels = 4191.0000
Calculating Reference QoR...
ref_lut = 44333.0000/ ref_levels = 4191.0000
    Best Score This Iteration: 1.989764 improve 0.51 %
[INFO] Iteration 9/100 — >> EXPLOITATION <<
Calculating Reference QoR...
ref_lut = 44333.0000/ ref_levels = 4191.0000
Calculating Reference QoR...
ref_lut = 44333.0000/ ref_levels = 4191.0000
Calculating Reference QoR...
ref_lut = 44333.0000/ ref_levels = 4191.0000
Calculating Reference QoR...
ref_lut = 44333.0000/ ref_levels = 4191.0000
Calculating Reference QoR...
ref_lut = 44333.0000/ ref_levels = 4191.0000
Calculating Reference QoR...
ref_lut = 44333.0000/ ref_levels = 4191.0000
    Best Score This Iteration: 1.989764 improve 0.51 %
[INFO] Iteration 10/100 — >> EXPLOITATION <<
Calculating Reference QoR...
ref_lut = 44333.0000/ ref_levels = 4191.0000
Calculating Reference QoR...
ref_lut = 44333.0000/ ref_levels = 4191.0000
Calculating Reference QoR...
ref_lut = 44333.0000/ ref_levels = 4191.0000
Calculating Reference QoR...
ref_lut = 44333.0000/ ref_levels = 4191.0000
Calculating Reference QoR...
ref_lut = 44333.0000/ ref_levels = 4191.0000
Calculating Reference QoR...
ref_lut = 44333.0000/ ref_levels = 4191.0000
    Best Score This Iteration: 1.985897 improve 0.71 %
[INFO] Iteration 11/100 — >> EXPLOITATION <<
Calculating Reference QoR...
ref_lut = 44333.0000/ ref_levels = 4191.0000
Calculating Reference QoR...
ref_lut = 44333.0000/ ref_levels = 4191.0000
Calculating Reference QoR...
ref_lut = 44333.0000/ ref_levels = 4191.0000
Calculating Reference QoR...
ref_lut = 44333.0000/ ref_levels = 4191.0000
Calculating Reference QoR...
ref_lut = 44333.0000/ ref_levels = 4191.0000
Calculating Reference QoR...
ref_lut = 44333.0000/ ref_levels = 4191.0000
    Best Score This Iteration: 1.985897 improve 0.71 %
[INFO] Iteration 12/100 — >> EXPLOITATION <<
Calculating Reference QoR...
ref_lut = 44333.0000/ ref_levels = 4191.0000
Calculating Reference QoR...
ref_lut = 44333.0000/ ref_levels = 4191.0000
Calculating Reference QoR...
ref_lut = 44333.0000/ ref_levels = 4191.0000
Calculating Reference QoR...
ref_lut = 44333.0000/ ref_levels = 4191.0000
Calculating Reference QoR...
ref_lut = 44333.0000/ ref_levels = 4191.0000
Calculating Reference QoR...
ref_lut = 44333.0000/ ref_levels = 4191.0000
    Best Score This Iteration: 1.985897 improve 0.71 %
[INFO] Iteration 13/100 — >> EXPLOITATION <<
Calculating Reference QoR...
ref_lut = 44333.0000/ ref_levels = 4191.0000
Calculating Reference QoR...
ref_lut = 44333.0000/ ref_levels = 4191.0000
Calculating Reference QoR...
ref_lut = 44333.0000/ ref_levels = 4191.0000
Calculating Reference QoR...
ref_lut = 44333.0000/ ref_levels = 4191.0000
    Best Score This Iteration: 1.985897 improve 0.71 %
[INFO] Iteration 14/100 — >> EXPLOITATION <<
Calculating Reference QoR...
ref_lut = 44333.0000/ ref_levels = 4191.0000
Calculating Reference QoR...
ref_lut = 44333.0000/ ref_levels = 4191.0000
Calculating Reference QoR...
ref_lut = 44333.0000/ ref_levels = 4191.0000
Calculating Reference QoR...
ref_lut = 44333.0000/ ref_levels = 4191.0000
Calculating Reference QoR...
ref_lut = 44333.0000/ ref_levels = 4191.0000
    Best Score This Iteration: 1.985897 improve 0.71 %
[INFO] Iteration 15/100 — >> EXPLOITATION <<
Calculating Reference QoR...
ref_lut = 44333.0000/ ref_levels = 4191.0000
Calculating Reference QoR...
ref_lut = 44333.0000/ ref_levels = 4191.0000
Calculating Reference QoR...
ref_lut = 44333.0000/ ref_levels = 4191.0000
Calculating Reference QoR...
ref_lut = 44333.0000/ ref_levels = 4191.0000
Calculating Reference QoR...
ref_lut = 44333.0000/ ref_levels = 4191.0000
Calculating Reference QoR...
ref_lut = 44333.0000/ ref_levels = 4191.0000
    Best Score This Iteration: 1.985897 improve 0.71 %
[INFO] Iteration 16/100 — >> EXPLOITATION <<
Calculating Reference QoR...
ref_lut = 44333.0000/ ref_levels = 4191.0000
Calculating Reference QoR...
ref_lut = 44333.0000/ ref_levels = 4191.0000
Calculating Reference QoR...
ref_lut = 44333.0000/ ref_levels = 4191.0000
Calculating Reference QoR...
ref_lut = 44333.0000/ ref_levels = 4191.0000
Calculating Reference QoR...
ref_lut = 44333.0000/ ref_levels = 4191.0000
    Best Score This Iteration: 1.985897 improve 0.71 %
[INFO] Iteration 17/100 — >> EXPLOITATION <<
Calculating Reference QoR...
ref_lut = 44333.0000/ ref_levels = 4191.0000
Calculating Reference QoR...
ref_lut = 44333.0000/ ref_levels = 4191.0000
Calculating Reference QoR...
ref_lut = 44333.0000/ ref_levels = 4191.0000
Calculating Reference QoR...
ref_lut = 44333.0000/ ref_levels = 4191.0000
    Best Score This Iteration: 1.985897 improve 0.71 %
[INFO] Iteration 18/100 — >> EXPLOITATION <<
Calculating Reference QoR...
ref_lut = 44333.0000/ ref_levels = 4191.0000
Calculating Reference QoR...
ref_lut = 44333.0000/ ref_levels = 4191.0000
Calculating Reference QoR...
ref_lut = 44333.0000/ ref_levels = 4191.0000
Calculating Reference QoR...
ref_lut = 44333.0000/ ref_levels = 4191.0000
Calculating Reference QoR...
ref_lut = 44333.0000/ ref_levels = 4191.0000
Calculating Reference QoR...
ref_lut = 44333.0000/ ref_levels = 4191.0000
    Best Score This Iteration: 1.985897 improve 0.71 %
[INFO] Iteration 19/100 — >> EXPLOITATION <<
Calculating Reference QoR...
ref_lut = 44333.0000/ ref_levels = 4191.0000
Calculating Reference QoR...
ref_lut = 44333.0000/ ref_levels = 4191.0000
Calculating Reference QoR...
ref_lut = 44333.0000/ ref_levels = 4191.0000
Calculating Reference QoR...
ref_lut = 44333.0000/ ref_levels = 4191.0000
    Best Score This Iteration: 1.985897 improve 0.71 %
[INFO] Iteration 20/100 — >> EXPLOITATION <<
Calculating Reference QoR...
ref_lut = 44333.0000/ ref_levels = 4191.0000
Calculating Reference QoR...
ref_lut = 44333.0000/ ref_levels = 4191.0000
Calculating Reference QoR...
ref_lut = 44333.0000/ ref_levels = 4191.0000
Calculating Reference QoR...
ref_lut = 44333.0000/ ref_levels = 4191.0000
Calculating Reference QoR...
ref_lut = 44333.0000/ ref_levels = 4191.0000
Calculating Reference QoR...
ref_lut = 44333.0000/ ref_levels = 4191.0000
Calculating Reference QoR...
ref_lut = 44333.0000/ ref_levels = 4191.0000
    Best Score This Iteration: 1.985897 improve 0.71 %
[INFO] Iteration 21/100 — << EXPLORATION >>
Calculating Reference QoR...
ref_lut = 44333.0000/ ref_levels = 4191.0000
Calculating Reference QoR...
ref_lut = 44333.0000/ ref_levels = 4191.0000
Calculating Reference QoR...
ref_lut = 44333.0000/ ref_levels = 4191.0000
Calculating Reference QoR...
ref_lut = 44333.0000/ ref_levels = 4191.0000
Calculating Reference QoR...
ref_lut = 44333.0000/ ref_levels = 4191.0000
Calculating Reference QoR...
ref_lut = 44333.0000/ ref_levels = 4191.0000
Calculating Reference QoR...
ref_lut = 44333.0000/ ref_levels = 4191.0000
