[STARTING] Binary PSO Optimization for benchmarks/arithmetic/div.blif
   Mode: COMBINED | Particles: 100 | Iterations: 100
[INFO] Iteration 1/100 — >> EXPLOITATION <<
Calculating Reference QoR...
ref_lut = 9924.0000/ ref_levels = 858.0000
Calculating Reference QoR...
ref_lut = 9924.0000/ ref_levels = 858.0000
Calculating Reference QoR...
ref_lut = 9924.0000/ ref_levels = 858.0000
Calculating Reference QoR...
ref_lut = 9924.0000/ ref_levels = 858.0000
Calculating Reference QoR...
ref_lut = 9924.0000/ ref_levels = 858.0000
Calculating Reference QoR...
ref_lut = 9924.0000/ ref_levels = 858.0000
Calculating Reference QoR...
ref_lut = 9924.0000/ ref_levels = 858.0000
Calculating Reference QoR...
ref_lut = 9924.0000/ ref_levels = 858.0000
Calculating Reference QoR...
ref_lut = 9924.0000/ ref_levels = 858.0000
    Best Score This Iteration: 1.165131 improve 41.74 %
[INFO] Iteration 2/100 — >> EXPLOITATION <<
Calculating Reference QoR...
ref_lut = 9924.0000/ ref_levels = 858.0000
Calculating Reference QoR...
ref_lut = 9924.0000/ ref_levels = 858.0000
Calculating Reference QoR...
ref_lut = 9924.0000/ ref_levels = 858.0000
Calculating Reference QoR...
ref_lut = 9924.0000/ ref_levels = 858.0000
Calculating Reference QoR...
ref_lut = 9924.0000/ ref_levels = 858.0000
Calculating Reference QoR...
ref_lut = 9924.0000/ ref_levels = 858.0000
Calculating Reference QoR...
ref_lut = 9924.0000/ ref_levels = 858.0000
Calculating Reference QoR...
ref_lut = 9924.0000/ ref_levels = 858.0000
Calculating Reference QoR...
ref_lut = 9924.0000/ ref_levels = 858.0000
    Best Score This Iteration: 1.147178 improve 42.64 %
[INFO] Iteration 3/100 — >> EXPLOITATION <<
Calculating Reference QoR...
ref_lut = 9924.0000/ ref_levels = 858.0000
Calculating Reference QoR...
ref_lut = 9924.0000/ ref_levels = 858.0000
Calculating Reference QoR...
ref_lut = 9924.0000/ ref_levels = 858.0000
Calculating Reference QoR...
ref_lut = 9924.0000/ ref_levels = 858.0000
Calculating Reference QoR...
ref_lut = 9924.0000/ ref_levels = 858.0000
Calculating Reference QoR...
ref_lut = 9924.0000/ ref_levels = 858.0000
Calculating Reference QoR...
ref_lut = 9924.0000/ ref_levels = 858.0000
Calculating Reference QoR...
ref_lut = 9924.0000/ ref_levels = 858.0000
Calculating Reference QoR...
ref_lut = 9924.0000/ ref_levels = 858.0000
    Best Score This Iteration: 1.119773 improve 44.01 %
[INFO] Iteration 4/100 — >> EXPLOITATION <<
Calculating Reference QoR...
ref_lut = 9924.0000/ ref_levels = 858.0000
Calculating Reference QoR...
ref_lut = 9924.0000/ ref_levels = 858.0000
Calculating Reference QoR...
ref_lut = 9924.0000/ ref_levels = 858.0000
Calculating Reference QoR...
ref_lut = 9924.0000/ ref_levels = 858.0000
Calculating Reference QoR...
ref_lut = 9924.0000/ ref_levels = 858.0000
Calculating Reference QoR...
ref_lut = 9924.0000/ ref_levels = 858.0000
Calculating Reference QoR...
ref_lut = 9924.0000/ ref_levels = 858.0000
Calculating Reference QoR...
ref_lut = 9924.0000/ ref_levels = 858.0000
Calculating Reference QoR...
ref_lut = 9924.0000/ ref_levels = 858.0000
    Best Score This Iteration: 1.119773 improve 44.01 %
[INFO] Iteration 5/100 — >> EXPLOITATION <<
Calculating Reference QoR...
ref_lut = 9924.0000/ ref_levels = 858.0000
Calculating Reference QoR...
ref_lut = 9924.0000/ ref_levels = 858.0000
Calculating Reference QoR...
ref_lut = 9924.0000/ ref_levels = 858.0000
Calculating Reference QoR...
ref_lut = 9924.0000/ ref_levels = 858.0000
Calculating Reference QoR...
ref_lut = 9924.0000/ ref_levels = 858.0000
Calculating Reference QoR...
ref_lut = 9924.0000/ ref_levels = 858.0000
Calculating Reference QoR...
ref_lut = 9924.0000/ ref_levels = 858.0000
Calculating Reference QoR...
ref_lut = 9924.0000/ ref_levels = 858.0000
Calculating Reference QoR...
ref_lut = 9924.0000/ ref_levels = 858.0000
    Best Score This Iteration: 1.118782 improve 44.06 %
[INFO] Iteration 6/100 — >> EXPLOITATION <<
Calculating Reference QoR...
ref_lut = 9924.0000/ ref_levels = 858.0000
Calculating Reference QoR...
ref_lut = 9924.0000/ ref_levels = 858.0000
Calculating Reference QoR...
ref_lut = 9924.0000/ ref_levels = 858.0000
Calculating Reference QoR...
ref_lut = 9924.0000/ ref_levels = 858.0000
Calculating Reference QoR...
ref_lut = 9924.0000/ ref_levels = 858.0000
Calculating Reference QoR...
ref_lut = 9924.0000/ ref_levels = 858.0000
Calculating Reference QoR...
ref_lut = 9924.0000/ ref_levels = 858.0000
Calculating Reference QoR...
ref_lut = 9924.0000/ ref_levels = 858.0000
Calculating Reference QoR...
ref_lut = 9924.0000/ ref_levels = 858.0000
    Best Score This Iteration: 1.118782 improve 44.06 %
[INFO] Iteration 7/100 — >> EXPLOITATION <<
Calculating Reference QoR...
ref_lut = 9924.0000/ ref_levels = 858.0000
Calculating Reference QoR...
ref_lut = 9924.0000/ ref_levels = 858.0000
Calculating Reference QoR...
ref_lut = 9924.0000/ ref_levels = 858.0000
Calculating Reference QoR...
ref_lut = 9924.0000/ ref_levels = 858.0000
Calculating Reference QoR...
ref_lut = 9924.0000/ ref_levels = 858.0000
Calculating Reference QoR...
ref_lut = 9924.0000/ ref_levels = 858.0000
Calculating Reference QoR...
ref_lut = 9924.0000/ ref_levels = 858.0000
Calculating Reference QoR...
ref_lut = 9924.0000/ ref_levels = 858.0000
Calculating Reference QoR...
ref_lut = 9924.0000/ ref_levels = 858.0000
    Best Score This Iteration: 1.118782 improve 44.06 %
[INFO] Iteration 8/100 — >> EXPLOITATION <<
Calculating Reference QoR...
ref_lut = 9924.0000/ ref_levels = 858.0000
Calculating Reference QoR...
ref_lut = 9924.0000/ ref_levels = 858.0000
Calculating Reference QoR...
ref_lut = 9924.0000/ ref_levels = 858.0000
Calculating Reference QoR...
ref_lut = 9924.0000/ ref_levels = 858.0000
Calculating Reference QoR...
ref_lut = 9924.0000/ ref_levels = 858.0000
Calculating Reference QoR...
ref_lut = 9924.0000/ ref_levels = 858.0000
Calculating Reference QoR...
ref_lut = 9924.0000/ ref_levels = 858.0000
Calculating Reference QoR...
ref_lut = 9924.0000/ ref_levels = 858.0000
Calculating Reference QoR...
ref_lut = 9924.0000/ ref_levels = 858.0000
    Best Score This Iteration: 1.118782 improve 44.06 %
[INFO] Iteration 9/100 — >> EXPLOITATION <<
Calculating Reference QoR...
ref_lut = 9924.0000/ ref_levels = 858.0000
Calculating Reference QoR...
ref_lut = 9924.0000/ ref_levels = 858.0000
Calculating Reference QoR...
ref_lut = 9924.0000/ ref_levels = 858.0000
Calculating Reference QoR...
ref_lut = 9924.0000/ ref_levels = 858.0000
Calculating Reference QoR...
ref_lut = 9924.0000/ ref_levels = 858.0000
Calculating Reference QoR...
ref_lut = 9924.0000/ ref_levels = 858.0000
Calculating Reference QoR...
ref_lut = 9924.0000/ ref_levels = 858.0000
Calculating Reference QoR...
ref_lut = 9924.0000/ ref_levels = 858.0000
Calculating Reference QoR...
ref_lut = 9924.0000/ ref_levels = 858.0000
    Best Score This Iteration: 1.118782 improve 44.06 %
[INFO] Iteration 10/100 — >> EXPLOITATION <<
Calculating Reference QoR...
ref_lut = 9924.0000/ ref_levels = 858.0000
Calculating Reference QoR...
ref_lut = 9924.0000/ ref_levels = 858.0000
Calculating Reference QoR...
ref_lut = 9924.0000/ ref_levels = 858.0000
Calculating Reference QoR...
ref_lut = 9924.0000/ ref_levels = 858.0000
Calculating Reference QoR...
ref_lut = 9924.0000/ ref_levels = 858.0000
Calculating Reference QoR...
ref_lut = 9924.0000/ ref_levels = 858.0000
Calculating Reference QoR...
ref_lut = 9924.0000/ ref_levels = 858.0000
Calculating Reference QoR...
ref_lut = 9924.0000/ ref_levels = 858.0000
    Best Score This Iteration: 1.118782 improve 44.06 %
[INFO] Iteration 11/100 — >> EXPLOITATION <<
Calculating Reference QoR...
ref_lut = 9924.0000/ ref_levels = 858.0000
Calculating Reference QoR...
ref_lut = 9924.0000/ ref_levels = 858.0000
Calculating Reference QoR...
ref_lut = 9924.0000/ ref_levels = 858.0000
Calculating Reference QoR...
ref_lut = 9924.0000/ ref_levels = 858.0000
Calculating Reference QoR...
ref_lut = 9924.0000/ ref_levels = 858.0000
Calculating Reference QoR...
ref_lut = 9924.0000/ ref_levels = 858.0000
Calculating Reference QoR...
ref_lut = 9924.0000/ ref_levels = 858.0000
Calculating Reference QoR...
ref_lut = 9924.0000/ ref_levels = 858.0000
Calculating Refer    Best Score This Iteration: 1.118782 improve 44.06 %
[INFO] Iteration 12/100 — >> EXPLOITATION <<
Calculating Reference QoR...
ref_lut = 9924.0000/ ref_levels = 858.0000
Calculating Reference QoR...
ref_lut = 9924.0000/ ref_levels = 858.0000
Calculating Reference QoR...
ref_lut = 9924.0000/ ref_levels = 858.0000
Calculating Reference QoR...
ref_lut = 9924.0000/ ref_levels = 858.0000
Calculating Reference QoR...
ref_lut = 9924.0000/ ref_levels = 858.0000
Calculating Reference QoR...
ref_lut = 9924.0000/ ref_levels = 858.0000
Calculating Reference QoR...
ref_lut = 9924.0000/ ref_levels = 858.0000
Calculating Reference QoR...
ref_lut = 9924.0000/ ref_levels = 858.0000
Calculating Reference QoR...
ref_lut = 9924.0000/ ref_levels = 858.0000
    Best Score This Iteration: 1.118782 improve 44.06 %
[INFO] Iteration 13/100 — >> EXPLOITATION <<
Calculating Reference QoR...
ref_lut = 9924.0000/ ref_levels = 858.0000
Calculating Reference QoR...
ref_lut = 9924.0000/ ref_levels = 858.0000
Calculating Reference QoR...
ref_lut = 9924.0000/ ref_levels = 858.0000
Calculating Reference QoR...
ref_lut = 9924.0000/ ref_levels = 858.0000
Calculating Reference QoR...
ref_lut = 9924.0000/ ref_levels = 858.0000
Calculating Reference QoR...
ref_lut = 9924.0000/ ref_levels = 858.0000
Calculating Reference QoR...
ref_lut = 9924.0000/ ref_levels = 858.0000
Calculating Reference QoR...
ref_lut = 9924.0000/ ref_levels = 858.0000
Calculating Reference QoR...
ref_lut = 9924.0000/ ref_levels = 858.0000
    Best Score This Iteration: 1.118782 improve 44.06 %
[INFO] Iteration 14/100 — >> EXPLOITATION <<
Calculating Reference QoR...
ref_lut = 9924.0000/ ref_levels = 858.0000
Calculating Reference QoR...
ref_lut = 9924.0000/ ref_levels = 858.0000
Calculating Reference QoR...
ref_lut = 9924.0000/ ref_levels = 858.0000
Calculating Reference QoR...
ref_lut = 9924.0000/ ref_levels = 858.0000
Calculating Reference QoR...
ref_lut = 9924.0000/ ref_levels = 858.0000
Calculating Reference QoR...
ref_lut = 9924.0000/ ref_levels = 858.0000
Calculating Reference QoR...
ref_lut = 9924.0000/ ref_levels = 858.0000
Calculating Reference QoR...
ref_lut = 9924.0000/ ref_levels = 858.0000
Calculating Reference QoR...
ref_lut = 9924.0000/ ref_levels = 858.0000
    Best Score This Iteration: 1.118782 improve 44.06 %
[INFO] Iteration 15/100 — >> EXPLOITATION <<
Calculating Reference QoR...
ref_lut = 9924.0000/ ref_levels = 858.0000
Calculating Reference QoR...
ref_lut = 9924.0000/ ref_levels = 858.0000
Calculating Reference QoR...
ref_lut = 9924.0000/ ref_levels = 858.0000
Calculating Reference QoR...
ref_lut = 9924.0000/ ref_levels = 858.0000
Calculating Reference QoR...
ref_lut = 9924.0000/ ref_levels = 858.0000
Calculating Reference QoR...
ref_lut = 9924.0000/ ref_levels = 858.0000
Calculating Reference QoR...
ref_lut = 9924.0000/ ref_levels = 858.0000
Calculating Reference QoR...
ref_lut = 9924.0000/ ref_levels = 858.0000
Calculating Reference QoR...
ref_lut = 9924.0000/ ref_levels = 858.0000
    Best Score This Iteration: 1.118782 improve 44.06 %
[INFO] Iteration 16/100 — << EXPLORATION >>
Calculating Reference QoR...
ref_lut = 9924.0000/ ref_levels = 858.0000
Calculating Reference QoR...
ref_lut = 9924.0000/ ref_levels = 858.0000
Calculating Reference QoR...
ref_lut = 9924.0000/ ref_levels = 858.0000
Calculating Reference QoR...
ref_lut = 9924.0000/ ref_levels = 858.0000
Calculating Reference QoR...
ref_lut = 9924.0000/ ref_levels = 858.0000
Calculating Reference QoR...
ref_lut = 9924.0000/ ref_levels = 858.0000
Calculating Reference QoR...
ref_lut = 9924.0000/ ref_levels = 858.0000
Calculating Reference QoR...
ref_lut = 9924.0000/ ref_levels = 858.0000
Calculating Reference QoR...
ref_lut = 9924.0000/ ref_levels = 858.0000
    Best Score This Iteration: 1.118782 improve 44.06 %
[INFO] Iteration 17/100 — << EXPLORATION >>
Calculating Reference QoR...
ref_lut = 9924.0000/ ref_levels = 858.0000
Calculating Reference QoR...
ref_lut = 9924.0000/ ref_levels = 858.0000
Calculating Reference QoR...
ref_lut = 9924.0000/ ref_levels = 858.0000
Calculating Reference QoR...
ref_lut = 9924.0000/ ref_levels = 858.0000
Calculating Reference QoR...
ref_lut = 9924.0000/ ref_levels = 858.0000
Calculating Reference QoR...
ref_lut = 9924.0000/ ref_levels = 858.0000
Calculating Reference QoR...
ref_lut = 9924.0000/ ref_levels = 858.0000
Calculating Reference QoR...
ref_lut = 9924.0000/ ref_levels = 858.0000
Calculating Reference QoR...
ref_lut = 9924.0000/ ref_levels = 858.0000
    Best Score This Iteration: 1.118782 improve 44.06 %
[INFO] Iteration 18/100 — << EXPLORATION >>
Calculating Reference QoR...
ref_lut = 9924.0000/ ref_levels = 858.0000
Calculating Reference QoR...
ref_lut = 9924.0000/ ref_levels = 858.0000
Calculating Reference QoR...
ref_lut = 9924.0000/ ref_levels = 858.0000
Calculating Reference QoR...
ref_lut = 9924.0000/ ref_levels = 858.0000
Calculating Reference QoR...
ref_lut = 9924.0000/ ref_levels = 858.0000
Calculating Reference QoR...
ref_lut = 9924.0000/ ref_levels = 858.0000
Calculating Reference QoR...
ref_lut = 9924.0000/ ref_levels = 858.0000
Calculating Reference QoR...
ref_lut = 9924.0000/ ref_levels = 858.0000
    Best Score This Iteration: 1.118782 improve 44.06 %
[INFO] Iteration 19/100 — << EXPLORATION >>
Calculating Reference QoR...
ref_lut = 9924.0000/ ref_levels = 858.0000
Calculating Reference QoR...
ref_lut = 9924.0000/ ref_levels = 858.0000
Calculating Reference QoR...
ref_lut = 9924.0000/ ref_levels = 858.0000
Calculating Reference QoR...
ref_lut = 9924.0000/ ref_levels = 858.0000
Calculating Reference QoR...
ref_lut = 9924.0000/ ref_levels = 858.0000
Calculating Reference QoR...
ref_lut = 9924.0000/ ref_levels = 858.0000
Calculating Reference QoR...
ref_lut = 9924.0000/ ref_levels = 858.0000
Calculating Reference QoR...
ref_lut = 9924.0000/ ref_levels = 858.0000
Calculating Reference QoR...
ref_lut = 9924.0000/ ref_levels = 858.0000
    Best Score This Iteration: 1.118782 improve 44.06 %
[INFO] Iteration 20/100 — << EXPLORATION >>
Calculating Reference QoR...
ref_lut = 9924.0000/ ref_levels = 858.0000
Calculating Reference QoR...
ref_lut = 9924.0000/ ref_levels = 858.0000
Calculating Reference QoR...
ref_lut = 9924.0000/ ref_levels = 858.0000
Calculating Reference QoR...
ref_lut = 9924.0000/ ref_levels = 858.0000
Calculating Reference QoR...
ref_lut = 9924.0000/ ref_levels = 858.0000
Calculating Reference QoR...
ref_lut = 9924.0000/ ref_levels = 858.0000
Calculating Reference QoR...
ref_lut = 9924.0000/ ref_levels = 858.0000
Calculating Reference QoR...
ref_lut = 9924.0000/ ref_levels = 858.0000
Calculating Reference QoR...
ref_lut = 9924.0000/ ref_levels = 858.0000
[STALL] Injecting diversity and elite memory...
    Best Score This Iteration: 1.118782 improve 44.06 %
[INFO] Iteration 21/100 — << EXPLORATION >>
Calculating Reference QoR...
ref_lut = 9924.0000/ ref_levels = 858.0000
Calculating Reference QoR...
ref_lut = 9924.0000/ ref_levels = 858.0000
Calculating Reference QoR...
ref_lut = 9924.0000/ ref_levels = 858.0000
Calculating Reference QoR...
ref_lut = 9924.0000/ ref_levels = 858.0000
Calculating Reference QoR...
ref_lut = 9924.0000/ ref_levels = 858.0000
Calculating Reference QoR...
ref_lut = 9924.0000/ ref_levels = 858.0000
Calculating Reference QoR...
ref_lut = 9924.0000/ ref_levels = 858.0000
Calculating Reference QoR...
ref_lut = 9924.0000/ ref_levels = 858.0000
Calculating Reference QoR...
ref_lut = 9924.0000/ ref_levels = 858.0000
    Best Score This Iteration: 1.118782 improve 44.06 %
[INFO] Iteration 22/100 — << EXPLORATION >>
Calculating Reference QoR...
ref_lut = 9924.0000/ ref_levels = 858.0000
Calculating Reference QoR...
ref_lut = 9924.0000/ ref_levels = 858.0000
Calculating Reference QoR...
ref_lut = 9924.0000/ ref_levels = 858.0000
Calculating Reference QoR...
ref_lut = 9924.0000/ ref_levels = 858.0000
Calculating Reference QoR...
ref_lut = 9924.0000/ ref_levels = 858.0000
Calculating Reference QoR...
ref_lut = 9924.0000/ ref_levels = 858.0000
Calculating Reference QoR...
ref_lut = 9924.0000/ ref_levels = 858.0000
Calculating Reference QoR...
ref_lut = 9924.0000/ ref_levels = 858.0000
Calculating Reference QoR...
ref_l    Best Score This Iteration: 1.118782 improve 44.06 %
[INFO] Iteration 23/100 — << EXPLORATION >>
Calculating Reference QoR...
ref_lut = 9924.0000/ ref_levels = 858.0000
Calculating Reference QoR...
ref_lut = 9924.0000/ ref_levels = 858.0000
Calculating Reference QoR...
ref_lut = 9924.0000/ ref_levels = 858.0000
Calculating Reference QoR...
ref_lut = 9924.0000/ ref_levels = 858.0000
Calculating Reference QoR...
ref_lut = 9924.0000/ ref_levels = 858.0000
    Best Score This Iteration: 1.074818 improve 46.26 %
[INFO] Iteration 24/100 — >> EXPLOITATION <<
Calculating Reference QoR...
ref_lut = 9924.0000/ ref_levels = 858.0000
Calculating Reference QoR...
ref_lut = 9924.0000/ ref_levels = 858.0000
Calculating Reference QoR...
ref_lut = 9924.0000/ ref_levels = 858.0000
Calculating Reference QoR...
ref_lut = 9924.0000/ ref_levels = 858.0000
Calculating Reference QoR...
ref_lut = 9924.0000/ ref_levels = 858.0000
Calculating Reference QoR...
ref_lut = 9924.0000/ ref_levels = 858.0000
    Best Score This Iteration: 1.074818 improve 46.26 %
[INFO] Iteration 25/100 — >> EXPLOITATION <<
Calculating Reference QoR...
ref_lut = 9924.0000/ ref_levels = 858.0000
Calculating Reference QoR...
ref_lut = 9924.0000/ ref_levels = 858.0000
Calculating Reference QoR...
ref_lut = 9924.0000/ ref_levels = 858.0000
Calculating Reference QoR...
ref_lut = 9924.0000/ ref_levels = 858.0000
Calculating Reference QoR...
ref_lut = 9924.0000/ ref_levels = 858.0000
Calculating Reference QoR...
ref_lut = 9924.0000/ ref_levels = 858.0000
Calculating Reference QoR...
ref_lut = 9924.0000/ ref_levels = 858.0000
    Best Score This Iteration: 1.074818 improve 46.26 %
[INFO] Iteration 26/100 — >> EXPLOITATION <<
Calculating Reference QoR...
ref_lut = 9924.0000/ ref_levels = 858.0000
Calculating Reference QoR...
ref_lut = 9924.0000/ ref_levels = 858.0000
Calculating Reference QoR...
ref_lut = 9924.0000/ ref_levels = 858.0000
Calculating Reference QoR...
ref_lut = 9924.0000/ ref_levels = 858.0000
Calculating Reference QoR...
ref_lut = 9924.0000/ ref_levels = 858.0000
Calculating Reference QoR...
ref_lut = 9924.0000/ ref_levels = 858.0000
Calculating Reference QoR...
ref_lut = 9924.0000/ ref_levels = 858.0000
Calculating Reference QoR...
ref_lut = 9924.0000/ ref_levels = 858.0000
Calculating Reference QoR...
ref_lut = 9924.0000/ ref_levels = 858.0000
    Best Score This Iteration: 1.074818 improve 46.26 %
[INFO] Iteration 27/100 — >> EXPLOITATION <<
Calculating Reference QoR...
ref_lut = 9924.0000/ ref_levels = 858.0000
Calculating Reference QoR...
ref_lut = 9924.0000/ ref_levels = 858.0000
Calculating Reference QoR...
ref_lut = 9924.0000/ ref_levels = 858.0000
Calculating Reference QoR...
ref_lut = 9924.0000/ ref_levels = 858.0000
Calculating Reference QoR...
ref_lut = 9924.0000/ ref_levels = 858.0000
Calculating Reference QoR...
ref_lut = 9924.0000/ ref_levels = 858.0000
Calculating Reference QoR...
ref_lut = 9924.0000/ ref_levels = 858.0000
Calculating Reference QoR...
ref_lut = 9924.0000/ ref_levels = 858.0000
Calculating Reference QoR...
ref_lut = 9924.0000/ ref_levels = 858.0000
    Best Score This Iteration: 1.074818 improve 46.26 %
[INFO] Iteration 28/100 — >> EXPLOITATION <<
Calculating Reference QoR...
ref_lut = 9924.0000/ ref_levels = 858.0000
Calculating Reference QoR...
ref_lut = 9924.0000/ ref_levels = 858.0000
Calculating Reference QoR...
ref_lut = 9924.0000/ ref_levels = 858.0000
Calculating Reference QoR...
ref_lut = 9924.0000/ ref_levels = 858.0000
Calculating Reference QoR...
ref_lut = 9924.0000/ ref_levels = 858.0000
Calculating Reference QoR...
ref_lut = 9924.0000/ ref_levels = 858.0000
Calculating Reference QoR...
ref_lut = 9924.0000/ ref_levels = 858.0000
Calculating Reference QoR...
ref_lut = 9924.0000/ ref_levels = 858.0000
Calculating Reference QoR...
ref_lut = 9924.0000/ ref_levels = 858.0000
    Best Score This Iteration: 1.074818 improve 46.26 %
[INFO] Iteration 29/100 — >> EXPLOITATION <<
Calculating Reference QoR...
ref_lut = 9924.0000/ ref_levels = 858.0000
Calculating Reference QoR...
ref_lut = 9924.0000/ ref_levels = 858.0000
Calculating Reference QoR...
ref_lut = 9924.0000/ ref_levels = 858.0000
Calculating Reference QoR...
ref_lut = 9924.0000/ ref_levels = 858.0000
Calculating Reference QoR...
ref_lut = 9924.0000/ ref_levels = 858.0000
Calculating Reference QoR...
ref_lut = 9924.0000/ ref_levels = 858.0000
Calculating Reference QoR...
ref_lut = 9924.0000/ ref_levels = 858.0000
Calculating Reference QoR...
ref_lut = 9924.0000/ ref_levels = 858.0000
Calculating Reference QoR...
ref_lut = 9924.0000/ ref_levels = 858.0000
    Best Score This Iteration: 1.074818 improve 46.26 %
[INFO] Iteration 30/100 — >> EXPLOITATION <<
Calculating Reference QoR...
ref_lut = 9924.0000/ ref_levels = 858.0000
Calculating Reference QoR...
ref_lut = 9924.0000/ ref_levels = 858.0000
Calculating Reference QoR...
ref_lut = 9924.0000/ ref_levels = 858.0000
Calculating Reference QoR...
ref_lut = 9924.0000/ ref_levels = 858.0000
Calculating Reference QoR...
ref_lut = 9924.0000/ ref_levels = 858.0000
Calculating Reference QoR...
ref_lut = 9924.0000/ ref_levels = 858.0000
Calculating Reference QoR...
ref_lut = 9924.0000/ ref_levels = 858.0000
Calculating Reference QoR...
ref_lut = 9924.0000/ ref_levels = 858.0000
    Best Score This Iteration: 1.074818 improve 46.26 %
[INFO] Iteration 31/100 — >> EXPLOITATION <<
Calculating Reference QoR...
ref_lut = 9924.0000/ ref_levels = 858.0000
Calculating Reference QoR...
ref_lut = 9924.0000/ ref_levels = 858.0000
Calculating Reference QoR...
ref_lut = 9924.0000/ ref_levels = 858.0000
Calculating Reference QoR...
ref_lut = 9924.0000/ ref_levels = 858.0000
Calculating Reference QoR...
ref_lut = 9924.0000/ ref_levels = 858.0000
    Best Score This Iteration: 1.074818 improve 46.26 %
[INFO] Iteration 32/100 — >> EXPLOITATION <<
Calculating Reference QoR...
ref_lut = 9924.0000/ ref_levels = 858.0000
Calculating Reference QoR...
ref_lut = 9924.0000/ ref_levels = 858.0000
Calculating Reference QoR...
ref_lut = 9924.0000/ ref_levels = 858.0000
Calculating Reference QoR...
ref_lut = 9924.0000/ ref_levels = 858.0000
Calculating Reference QoR...
ref_lut = 9924.0000/ ref_levels = 858.0000
    Best Score This Iteration: 1.074818 improve 46.26 %
[INFO] Iteration 33/100 — >> EXPLOITATION <<
Calculating Reference QoR...
ref_lut = 9924.0000/ ref_levels = 858.0000
Calculating Reference QoR...
ref_lut = 9924.0000/ ref_levels = 858.0000
Calculating Reference QoR...
ref_lut = 9924.0000/ ref_levels = 858.0000
Calculating Reference QoR...
ref_lut = 9924.0000/ ref_levels = 858.0000
Calculating Reference QoR...
ref_lut = 9924.0000/ ref_levels = 858.0000
Calculating Reference QoR...
ref_lut = 9924.0000/ ref_levels = 858.0000
    Best Score This Iteration: 1.074818 improve 46.26 %
[INFO] Iteration 34/100 — << EXPLORATION >>
Calculating Reference QoR...
ref_lut = 9924.0000/ ref_levels = 858.0000
Calculating Reference QoR...
ref_lut = 9924.0000/ ref_levels = 858.0000
Calculating Reference QoR...
ref_lut = 9924.0000/ ref_levels = 858.0000
Calculating Reference QoR...
ref_lut = 9924.0000/ ref_levels = 858.0000
Calculating Reference QoR...
ref_lut = 9924.0000/ ref_levels = 858.0000
Calculating Reference QoR...
ref_lut = 9924.0000/ ref_levels = 858.0000
Calculating Reference QoR...
ref_lut = 9924.0000/ ref_levels = 858.0000
    Best Score This Iteration: 1.074818 improve 46.26 %
[INFO] Iteration 35/100 — << EXPLORATION >>
Calculating Reference QoR...
ref_lut = 9924.0000/ ref_levels = 858.0000
Calculating Reference QoR...
ref_lut = 9924.0000/ ref_levels = 858.0000
Calculating Reference QoR...
ref_lut = 9924.0000/ ref_levels = 858.0000
Calculating Reference QoR...
ref_lut = 9924.0000/ ref_levels = 858.0000
Calculating Reference QoR...
ref_lut = 9924.0000/ ref_levels = 858.0000
Calculating Reference QoR...
ref_lut = 9924.0000/ ref_levels = 858.0000
Calculating Reference QoR...
ref_lut = 9924.0000/ ref_levels = 858.0000
Calculating Reference QoR...
ref_lut = 9924.0000/ ref_levels = 858.0000
Calculating Reference QoR...
ref_lut = 9924.0000/ ref_levels = 858.0000
    Best Score This Iteration: 1.074818 improve 46.26 %
[INFO] Iteration 36/100 — << EXPLORATION >>
Calculating Reference QoR...
ref_lut = 9924.0000/ ref_levels = 858.0000
Calculating Reference QoR...
ref_lut = 9924.0000/ ref_levels = 858.0000
Calculating Reference QoR...
ref_lut = 9924.0000/ ref_levels = 858.0000
Calculating Reference QoR...
ref_lut = 9924.0000/ ref_levels = 858.0000
Calculating Reference QoR...
ref_lut = 9924.0000/ ref_levels = 858.0000
Calculating Reference QoR...
ref_lut = 9924.0000/ ref_levels = 858.0000
Calculating Reference QoR...
ref_lut = 9924.0000/ ref_levels = 858.0000
Calculating Reference QoR...
ref_lut = 9924.0000/ ref_levels = 858.0000
Calculating Reference QoR...
ref_lut = 9924.0000/ ref_levels = 858.0000
    Best Score This Iteration: 1.074818 improve 46.26 %
[INFO] Iteration 37/100 — << EXPLORATION >>
Calculating Reference QoR...
ref_lut = 9924.0000/ ref_levels = 858.0000
Calculating Reference QoR...
ref_lut = 9924.0000/ ref_levels = 858.0000
Calculating Reference QoR...
ref_lut = 9924.0000/ ref_levels = 858.0000
Calculating Reference QoR...
ref_lut = 9924.0000/ ref_levels = 858.0000
Calculating Reference QoR...
ref_lut = 9924.0000/ ref_levels = 858.0000
Calculating Reference QoR...
ref_lut = 9924.0000/ ref_levels = 858.0000
Calculating Reference QoR...
ref_lut = 9924.0000/ ref_levels = 858.0000
Calculating Reference QoR...
ref_lut = 9924.0000/ ref_levels = 858.0000
Calculating Reference QoR...
ref_lut = 9924.0000/ ref_levels = 858.0000
    Best Score This Iteration: 1.074818 improve 46.26 %
[INFO] Iteration 38/100 — << EXPLORATION >>
Calculating Reference QoR...
ref_lut = 9924.0000/ ref_levels = 858.0000
Calculating Reference QoR...
ref_lut = 9924.0000/ ref_levels = 858.0000
Calculating Reference QoR...
ref_lut = 9924.0000/ ref_levels = 858.0000
Calculating Reference QoR...
ref_lut = 9924.0000/ ref_levels = 858.0000
Calculating Reference QoR...
ref_lut = 9924.0000/ ref_levels = 858.0000
Calculating Reference QoR...
ref_lut = 9924.0000/ ref_levels = 858.0000
Calculating Reference QoR...
ref_lut = 9924.0000/ ref_levels = 858.0000
Calculating Reference QoR...
ref_lut = 9924.0000/ ref_levels = 858.0000
Calculating Reference QoR...
ref_lut = 9924.0000/ ref_levels = 858.0000
[STALL] Injecting diversity and elite memory...
    Best Score This Iteration: 1.074818 improve 46.26 %
[INFO] Iteration 39/100 — << EXPLORATION >>
Calculating Reference QoR...
ref_lut = 9924.0000/ ref_levels = 858.0000
Calculating Reference QoR...
ref_lut = 9924.0000/ ref_levels = 858.0000
Calculating Reference QoR...
ref_lut = 9924.0000/ ref_levels = 858.0000
Calculating Reference QoR...
ref_lut = 9924.0000/ ref_levels = 858.0000
Calculating Reference QoR...
ref_lut = 9924.0000/ ref_levels = 858.0000
Calculating Reference QoR...
ref_lut = 9924.0000/ ref_levels = 858.0000
Calculating Reference QoR...
ref_lut = 9924.0000/ ref_levels = 858.0000
Calculating Reference QoR...
ref_lut = 9924.0000/ ref_levels = 858.0000
Calculating Reference QoR...
ref_lut = 9924.0000/ ref_levels = 858.0000
    Best Score This Iteration: 1.074818 improve 46.26 %
[INFO] Iteration 40/100 — << EXPLORATION >>
Calculating Reference QoR...
ref_lut = 9924.0000/ ref_levels = 858.0000
Calculating Reference QoR...
ref_lut = 9924.0000/ ref_levels = 858.0000
Calculating Reference QoR...
ref_lut = 9924.0000/ ref_levels = 858.0000
Calculating Reference QoR...
ref_lut = 9924.0000/ ref_levels = 858.0000
Calculating Reference QoR...
ref_lut = 9924.0000/ ref_levels = 858.0000
Calculating Reference QoR...
ref_lut = 9924.0000/ ref_levels = 858.0000
Calculating Reference QoR...
ref_lut = 9924.0000/ ref_levels = 858.0000
Calculating Reference QoR...
ref_lut = 9924.0000/ ref_levels = 858.0000
Calculating Reference QoR...
ref_lut = 9924.0000/ ref_levels = 858.0000
    Best Score This Iteration: 1.074818 improve 46.26 %
[INFO] Iteration 41/100 — << EXPLORATION >>
Calculating Reference QoR...
ref_lut = 9924.0000/ ref_levels = 858.0000
Calculating Reference QoR...
ref_lut = 9924.0000/ ref_levels = 858.0000
Calculating Reference QoR...
ref_lut = 9924.0000/ ref_levels = 858.0000
Calculating Reference QoR...
ref_lut = 9924.0000/ ref_levels = 858.0000
Calculating Reference QoR...
ref_lut = 9924.0000/ ref_levels = 858.0000
Calculating Reference QoR...
ref_lut = 9924.0000/ ref_levels = 858.0000
Calculating Reference QoR...
ref_lut = 9924.0000/ ref_levels = 858.0000
Calculating Reference QoR...
ref_lut = 9924.0000/ ref_levels = 858.0000
Calculating Reference QoR...
ref_lut = 9924.0000/ ref_levels = 858.0000
    Best Score This Iteration: 1.074818 improve 46.26 %
[INFO] Iteration 42/100 — << EXPLORATION >>
Calculating Reference QoR...
ref_lut = 9924.0000/ ref_levels = 858.0000
Calculating Reference QoR...
ref_lut = 9924.0000/ ref_levels = 858.0000
Calculating Reference QoR...
ref_lut = 9924.0000/ ref_levels = 858.0000
Calculating Reference QoR...
ref_lut = 9924.0000/ ref_levels = 858.0000
Calculating Reference QoR...
ref_lut = 9924.0000/ ref_levels = 858.0000
Calculating Reference QoR...
ref_lut = 9924.0000/ ref_levels = 858.0000
Calculating Reference QoR...
ref_lut = 9924.0000/ ref_levels = 858.0000
Calculating Reference QoR...
ref_lut = 9924.0000/ ref_levels = 858.0000
Calculating Reference QoR...
ref_lut = 9924.0000/ ref_levels = 858.0000
    Best Score This Iteration: 1.074818 improve 46.26 %
[INFO] Iteration 43/100 — << EXPLORATION >>
Calculating Reference QoR...
ref_lut = 9924.0000/ ref_levels = 858.0000
Calculating Reference QoR...
ref_lut = 9924.0000/ ref_levels = 858.0000
Calculating Reference QoR...
ref_lut = 9924.0000/ ref_levels = 858.0000
Calculating Reference QoR...
ref_lut = 9924.0000/ ref_levels = 858.0000
Calculating Reference QoR...
ref_lut = 9924.0000/ ref_levels = 858.0000
Calculating Reference QoR...
ref_lut = 9924.0000/ ref_levels = 858.0000
Calculating Reference QoR...
ref_lut = 9924.0000/ ref_levels = 858.0000
Calculating Reference QoR...
ref_lut = 9924.0000/ ref_levels = 858.0000
Calculating Reference QoR...
ref_lut = 9924.0000/ ref_levels = 858.0000
    Best Score This Iteration: 1.074818 improve 46.26 %
[INFO] Iteration 44/100 — << EXPLORATION >>
Calculating Reference QoR...
ref_lut = 9924.0000/ ref_levels = 858.0000
Calculating Reference QoR...
ref_lut = 9924.0000/ ref_levels = 858.0000
Calculating Reference QoR...
ref_lut = 9924.0000/ ref_levels = 858.0000
Calculating Reference QoR...
ref_lut = 9924.0000/ ref_levels = 858.0000
Calculating Reference QoR...
ref_lut = 9924.0000/ ref_levels = 858.0000
Calculating Reference QoR...
ref_lut = 9924.0000/ ref_levels = 858.0000
Calculating Reference QoR...
ref_lut = 9924.0000/ ref_levels = 858.0000
    Best Score This Iteration: 1.074818 improve 46.26 %
[INFO] Iteration 45/100 — << EXPLORATION >>
Calculating Reference QoR...
ref_lut = 9924.0000/ ref_levels = 858.0000
Calculating Reference QoR...
ref_lut = 9924.0000/ ref_levels = 858.0000
Calculating Reference QoR...
ref_lut = 9924.0000/ ref_levels = 858.0000
Calculating Reference QoR...
ref_lut = 9924.0000/ ref_levels = 858.0000
Calculating Reference QoR...
ref_lut = 9924.0000/ ref_levels = 858.0000
Calculating Reference QoR...
ref_lut = 9924.0000/ ref_levels = 858.0000
Calculating Reference QoR...
ref_lut = 9924.0000/ ref_levels = 858.0000
    Best Score This Iteration: 1.074818 improve 46.26 %
[INFO] Iteration 46/100 — << EXPLORATION >>
Calculating Reference QoR...
ref_lut = 9924.0000/ ref_levels = 858.0000
Calculating Reference QoR...
ref_lut = 9924.0000/ ref_levels = 858.0000
Calculating Reference QoR...
ref_lut = 9924.0000/ ref_levels = 858.0000
Calculating Reference QoR...
ref_lut = 9924.0000/ ref_levels = 858.0000
Calculating Reference QoR...
ref_lut = 9924.0000/ ref_levels = 858.0000
Calculating Reference QoR...
ref_lut = 9924.0000/ ref_levels = 858.0000
    Best Score This Iteration: 1.074818 improve 46.26 %
[INFO] Iteration 47/100 — << EXPLORATION >>
Calculating Reference QoR...
ref_lut = 9924.0000/ ref_levels = 858.0000
Calculating Reference QoR...
ref_lut = 9924.0000/ ref_levels = 858.0000
Calculating Reference QoR...
ref_lut = 9924.0000/ ref_levels = 858.0000
Calculating Reference QoR...
ref_lut = 9924.0000/ ref_levels = 858.0000
Calculating Reference QoR...
ref_lut = 9924.0000/ ref_levels = 858.0000
Calculating Reference QoR...
ref_lut = 9924.0000/ ref_levels = 858.0000
Calculating Reference QoR...
ref_lut = 9924.0000/ ref_levels = 858.0000
Calculating Reference QoR...
ref_lut = 9924.0000/ ref_levels = 858.0000
Calculating Reference QoR...
ref_lut = 9924.0000/ ref_levels = 858.0000
    Best Score This Iteration: 1.074818 improve 46.26 %
[INFO] Iteration 48/100 — << EXPLORATION >>
Calculating Reference QoR...
ref_lut = 9924.0000/ ref_levels = 858.0000
Calculating Reference QoR...
ref_lut = 9924.0000/ ref_levels = 858.0000
Calculating Reference QoR...
ref_lut = 9924.0000/ ref_levels = 858.0000
Calculating Reference QoR...
ref_lut = 9924.0000/ ref_levels = 858.0000
Calculating Reference QoR...
ref_lut = 9924.0000/ ref_levels = 858.0000
Calculating Reference QoR...
ref_lut = 9924.0000/ ref_levels = 858.0000
Calculating Reference QoR...
ref_lut = 9924.0000/ ref_levels = 858.0000
Calculating Reference QoR...
ref_lut = 9924.0000/ ref_levels = 858.0000
Calculating Reference QoR...
ref_lut = 9924.0000/ ref_levels = 858.0000
    Best Score This Iteration: 1.074818 improve 46.26 %
[INFO] Iteration 49/100 — << EXPLORATION >>
Calculating Reference QoR...
ref_lut = 9924.0000/ ref_levels = 858.0000
Calculating Reference QoR...
ref_lut = 9924.0000/ ref_levels = 858.0000
Calculating Reference QoR...
ref_lut = 9924.0000/ ref_levels = 858.0000
Calculating Reference QoR...
ref_lut = 9924.0000/ ref_levels = 858.0000
Calculating Reference QoR...
ref_lut = 9924.0000/ ref_levels = 858.0000
Calculating Reference QoR...
ref_lut = 9924.0000/ ref_levels = 858.0000
Calculating Reference QoR...
ref_lut = 9924.0000/ ref_levels = 858.0000
Calculating Reference QoR...
ref_lut = 9924.0000/ ref_levels = 858.0000
Calculating Reference QoR...
ref_lut = 9924.0000/ ref_levels = 858.0000
    Best Score This Iteration: 1.074818 improve 46.26 %
[INFO] Iteration 50/100 — << EXPLORATION >>
Calculating Reference QoR...
ref_lut = 9924.0000/ ref_levels = 858.0000
Calculating Reference QoR...
ref_lut = 9924.0000/ ref_levels = 858.0000
Calculating Reference QoR...
ref_lut = 9924.0000/ ref_levels = 858.0000
Calculating Reference QoR...
ref_lut = 9924.0000/ ref_levels = 858.0000
Calculating Reference QoR...
ref_lut = 9924.0000/ ref_levels = 858.0000
Calculating Reference QoR...
ref_lut = 9924.0000/ ref_levels = 858.0000
    Best Score This Iteration: 1.074818 improve 46.26 %
[INFO] Iteration 51/100 — << EXPLORATION >>
Calculating Reference QoR...
ref_lut = 9924.0000/ ref_levels = 858.0000
Calculating Reference QoR...
ref_lut = 9924.0000/ ref_levels = 858.0000
Calculating Reference QoR...
ref_lut = 9924.0000/ ref_levels = 858.0000
Calculating Reference QoR...
ref_lut = 9924.0000/ ref_levels = 858.0000
Calculating Reference QoR...
ref_lut = 9924.0000/ ref_levels = 858.0000
Calculating Reference QoR...
ref_lut = 9924.0000/ ref_levels = 858.0000
Calculating Reference QoR...
ref_lut = 9924.0000/ ref_levels = 858.0000
Calculating Reference QoR...
ref_lut = 9924.0000/ ref_levels = 858.0000
Calculating Reference QoR...
ref_lut = 9924.0000/ ref_levels = 858.0000
    Best Score This Iteration: 1.074818 improve 46.26 %
[INFO] Iteration 52/100 — << EXPLORATION >>
Calculating Reference QoR...
ref_lut = 9924.0000/ ref_levels = 858.0000
Calculating Reference QoR...
ref_lut = 9924.0000/ ref_levels = 858.0000
Calculating Reference QoR...
ref_lut = 9924.0000/ ref_levels = 858.0000
Calculating Reference QoR...
ref_lut = 9924.0000/ ref_levels = 858.0000
Calculating Reference QoR...
ref_lut = 9924.0000/ ref_levels = 858.0000
Calculating Reference QoR...
ref_lut = 9924.0000/ ref_levels = 858.0000
Calculating Reference QoR...
ref_lut = 9924.0000/ ref_levels = 858.0000
Calculating Reference QoR...
ref_lut = 9924.0000/ ref_levels = 858.0000
Calculating Reference QoR...
ref_lut = 9924.0000/ ref_levels = 858.0000
    Best Score This Iteration: 1.074818 improve 46.26 %
[INFO] Iteration 53/100 — << EXPLORATION >>
Calculating Reference QoR...
ref_lut = 9924.0000/ ref_levels = 858.0000
Calculating Reference QoR...
ref_lut = 9924.0000/ ref_levels = 858.0000
Calculating Reference QoR...
ref_lut = 9924.0000/ ref_levels = 858.0000
Calculating Reference QoR...
ref_lut = 9924.0000/ ref_levels = 858.0000
Calculating Reference QoR...
ref_lut = 9924.0000/ ref_levels = 858.0000
Calculating Reference QoR...
ref_lut = 9924.0000/ ref_levels = 858.0000
Calculating Reference QoR...
ref_lut = 9924.0000/ ref_levels = 858.0000
Calculating Reference QoR...
ref_lut = 9924.0000/ ref_levels = 858.0000
Calculating Reference QoR...
ref_lut = 9924.0000/ ref_levels = 858.0000
[STALL] Injecting diversity and elite memory...
    Best Score This Iteration: 1.074818 improve 46.26 %
[INFO] Iteration 54/100 — << EXPLORATION >>
Calculating Reference QoR...
ref_lut = 9924.0000/ ref_levels = 858.0000
Calculating Reference QoR...
ref_lut = 9924.0000/ ref_levels = 858.0000
Calculating Reference QoR...
ref_lut = 9924.0000/ ref_levels = 858.0000
Calculating Reference QoR...
ref_lut = 9924.0000/ ref_levels = 858.0000
Calculating Reference QoR...
ref_lut = 9924.0000/ ref_levels = 858.0000
    Best Score This Iteration: 1.074818 improve 46.26 %
[INFO] Iteration 55/100 — << EXPLORATION >>
Calculating Reference QoR...
ref_lut = 9924.0000/ ref_levels = 858.0000
Calculating Reference QoR...
ref_lut = 9924.0000/ ref_levels = 858.0000
Calculating Reference QoR...
ref_lut = 9924.0000/ ref_levels = 858.0000
    Best Score This Iteration: 1.074818 improve 46.26 %
[INFO] Iteration 56/100 — << EXPLORATION >>
Calculating Reference QoR...
ref_lut = 9924.0000/ ref_levels = 858.0000
Calculating Reference QoR...
ref_lut = 9924.0000/ ref_levels = 858.0000
Calculating Reference QoR...
ref_lut = 9924.0000/ ref_levels = 858.0000
Calculating Reference QoR...
ref_lut = 9924.0000/ ref_levels = 858.0000
Calculating Reference QoR...
ref_lut = 9924.0000/ ref_levels = 858.0000
Calculating Reference QoR...
ref_lut = 9924.0000/ ref_levels = 858.0000
Calculating Reference QoR...
ref_lut = 9924.0000/ ref_levels = 858.0000
Calculating Reference QoR...
ref_lut = 9924.0000/ ref_levels = 858.0000
    Best Score This Iteration: 1.074818 improve 46.26 %
[INFO] Iteration 57/100 — << EXPLORATION >>
Calculating Reference QoR...
ref_lut = 9924.0000/ ref_levels = 858.0000
Calculating Reference QoR...
ref_lut = 9924.0000/ ref_levels = 858.0000
Calculating Reference QoR...
ref_lut = 9924.0000/ ref_levels = 858.0000
Calculating Reference QoR...
ref_lut = 9924.0000/ ref_levels = 858.0000
Calculating Reference QoR...
ref_lut = 9924.0000/ ref_levels = 858.0000
Calculating Reference QoR...
ref_lut = 9924.0000/ ref_levels = 858.0000
    Best Score This Iteration: 1.074818 improve 46.26 %
[INFO] Iteration 58/100 — << EXPLORATION >>
Calculating Reference QoR...
ref_lut = 9924.0000/ ref_levels = 858.0000
Calculating Reference QoR...
ref_lut = 9924.0000/ ref_levels = 858.0000
Calculating Reference QoR...
ref_lut = 9924.0000/ ref_levels = 858.0000
Calculating Reference QoR...
ref_lut = 9924.0000/ ref_levels = 858.0000
Calculating Reference QoR...
ref_lut = 9924.0000/ ref_levels = 858.0000
Calculating Reference QoR...
ref_lut = 9924.0000/ ref_levels = 858.0000
Calculating Reference QoR...
ref_lut = 9924.0000/ ref_levels = 858.0000
Calculating Reference QoR...
ref_lut = 9924.0000/ ref_levels = 858.0000
Calculating Reference QoR...
ref_lut = 9924.0000/ ref_levels = 858.0000
    Best Score This Iteration: 1.074818 improve 46.26 %
[INFO] Iteration 59/100 — << EXPLORATION >>
Calculating Reference QoR...
ref_lut = 9924.0000/ ref_levels = 858.0000
Calculating Reference QoR...
ref_lut = 9924.0000/ ref_levels = 858.0000
Calculating Reference QoR...
ref_lut = 9924.0000/ ref_levels = 858.0000
Calculating Reference QoR...
ref_lut = 9924.0000/ ref_levels = 858.0000
Calculating Reference QoR...
ref_lut = 9924.0000/ ref_levels = 858.0000
Calculating Reference QoR...
ref_lut = 9924.0000/ ref_levels = 858.0000
Calculating Reference QoR...
ref_lut = 9924.0000/ ref_levels = 858.0000
Calculating Reference QoR...
ref_lut = 9924.0000/ ref_levels = 858.0000
Calculating Reference QoR...
ref_lut = 9924.0000/ ref_levels = 858.0000
    Best Score This Iteration: 1.074818 improve 46.26 %
[INFO] Iteration 60/100 — << EXPLORATION >>
Calculating Reference QoR...
ref_lut = 9924.0000/ ref_levels = 858.0000
Calculating Reference QoR...
ref_lut = 9924.0000/ ref_levels = 858.0000
Calculating Reference QoR...
ref_lut = 9924.0000/ ref_levels = 858.0000
Calculating Reference QoR...
ref_lut = 9924.0000/ ref_levels = 858.0000
Calculating Reference QoR...
ref_lut = 9924.0000/ ref_levels = 858.0000
Calculating Reference QoR...
ref_lut = 9924.0000/ ref_levels = 858.0000
Calculating Reference QoR...
ref_lut = 9924.0000/ ref_levels = 858.0000
Calculating Reference QoR...
ref_lut = 9924.0000/ ref_levels = 858.0000
Calculating Reference QoR...
ref_lut = 9924.0000/ ref_levels = 858.0000
    Best Score This Iteration: 1.074818 improve 46.26 %
[INFO] Iteration 61/100 — << EXPLORATION >>
Calculating Reference QoR...
ref_lut = 9924.0000/ ref_levels = 858.0000
Calculating Reference QoR...
ref_lut = 9924.0000/ ref_levels = 858.0000
Calculating Reference QoR...
ref_lut = 9924.0000/ ref_levels = 858.0000
Calculating Reference QoR...
ref_lut = 9924.0000/ ref_levels = 858.0000
Calculating Reference QoR...
ref_lut = 9924.0000/ ref_levels = 858.0000
Calculating Reference QoR...
ref_lut = 9924.0000/ ref_levels = 858.0000
Calculating Reference QoR...
ref_lut = 9924.0000/ ref_levels = 858.0000
Calculating Reference QoR...
ref_lut = 9924.0000/ ref_levels = 858.0000
Calculating Reference QoR...
ref_lut = 9924.0000/ ref_levels = 858.0000
    Best Score This Iteration: 1.074818 improve 46.26 %
[INFO] Iteration 62/100 — << EXPLORATION >>
Calculating Reference QoR...
ref_lut = 9924.0000/ ref_levels = 858.0000
Calculating Reference QoR...
ref_lut = 9924.0000/ ref_levels = 858.0000
Calculating Reference QoR...
ref_lut = 9924.0000/ ref_levels = 858.0000
Calculating Reference QoR...
ref_lut = 9924.0000/ ref_levels = 858.0000
Calculating Reference QoR...
ref_lut = 9924.0000/ ref_levels = 858.0000
Calculating Reference QoR...
ref_lut = 9924.0000/ ref_levels = 858.0000
Calculating Reference QoR...
ref_lut = 9924.0000/ ref_levels = 858.0000
Calculating Reference QoR...
ref_lut = 9924.0000/ ref_levels = 858.0000
Calculating Reference QoR...
ref_lut = 9924.0000/ ref_levels = 858.0000
    Best Score This Iteration: 1.074818 improve 46.26 %
[INFO] Iteration 63/100 — << EXPLORATION >>
Calculating Reference QoR...
ref_lut = 9924.0000/ ref_levels = 858.0000
Calculating Reference QoR...
ref_lut = 9924.0000/ ref_levels = 858.0000
Calculating Reference QoR...
ref_lut = 9924.0000/ ref_levels = 858.0000
Calculating Reference QoR...
ref_lut = 9924.0000/ ref_levels = 858.0000
Calculating Reference QoR...
ref_lut = 9924.0000/ ref_levels = 858.0000
Calculating Reference QoR...
ref_lut = 9924.0000/ ref_levels = 858.0000
Calculating Reference QoR...
ref_lut = 9924.0000/ ref_levels = 858.0000
Calculating Reference QoR...
ref_lut = 9924.0000/ ref_levels = 858.0000
Calculating Reference QoR...
ref_lut = 9924.0000/ ref_levels = 858.0000
    Best Score This Iteration: 1.074818 improve 46.26 %
[INFO] Iteration 64/100 — << EXPLORATION >>
Calculating Reference QoR...
ref_lut = 9924.0000/ ref_levels = 858.0000
Calculating Reference QoR...
ref_lut = 9924.0000/ ref_levels = 858.0000
Calculating Reference QoR...
ref_lut = 9924.0000/ ref_levels = 858.0000
Calculating Reference QoR...
ref_lut = 9924.0000/ ref_levels = 858.0000
Calculating Reference QoR...
ref_lut = 9924.0000/ ref_levels = 858.0000
Calculating Reference QoR...
ref_lut = 9924.0000/ ref_levels = 858.0000
Calculating Reference QoR...
ref_lut = 9924.0000/ ref_levels = 858.0000
Calculating Reference QoR...
ref_lut = 9924.0000/ ref_levels = 858.0000
Calculating Reference QoR...
ref_lut = 9924.0000/ ref_levels = 858.0000
    Best Score This Iteration: 1.074818 improve 46.26 %
[INFO] Iteration 65/100 — << EXPLORATION >>
Calculating Reference QoR...
ref_lut = 9924.0000/ ref_levels = 858.0000
Calculating Reference QoR...
ref_lut = 9924.0000/ ref_levels = 858.0000
Calculating Reference QoR...
ref_lut = 9924.0000/ ref_levels = 858.0000
Calculating Reference QoR...
ref_lut = 9924.0000/ ref_levels = 858.0000
Calculating Reference QoR...
ref_lut = 9924.0000/ ref_levels = 858.0000
Calculating Reference QoR...
ref_lut = 9924.0000/ ref_levels = 858.0000
Calculating Reference QoR...
ref_lut = 9924.0000/ ref_levels = 858.0000
Calculating Reference QoR...
ref_lut = 9924.0000/ ref_levels = 858.0000
Calculating Reference QoR...
ref_lut = 9924.0000/ ref_levels = 858.0000
    Best Score This Iteration: 1.074818 improve 46.26 %
[INFO] Iteration 66/100 — << EXPLORATION >>
Calculating Reference QoR...
ref_lut = 9924.0000/ ref_levels = 858.0000
Calculating Reference QoR...
ref_lut = 9924.0000/ ref_levels = 858.0000
Calculating Reference QoR...
ref_lut = 9924.0000/ ref_levels = 858.0000
Calculating Reference QoR...
ref_lut = 9924.0000/ ref_levels = 858.0000
Calculating Reference QoR...
ref_lut = 9924.0000/ ref_levels = 858.0000
Calculating Reference QoR...
ref_lut = 9924.0000/ ref_levels = 858.0000
Calculating Reference QoR...
ref_lut = 9924.0000/ ref_levels = 858.0000
Calculating Reference QoR...
ref_lut = 9924.0000/ ref_levels = 858.0000
Calculating Reference QoR...
ref_lut = 9924.0000/ ref_levels = 858.0000
    Best Score This Iteration: 1.074069 improve 46.30 %
[INFO] Iteration 67/100 — >> EXPLOITATION <<
Calculating Reference QoR...
ref_lut = 9924.0000/ ref_levels = 858.0000
Calculating Reference QoR...
ref_lut = 9924.0000/ ref_levels = 858.0000
Calculating Reference QoR...
ref_lut = 9924.0000/ ref_levels = 858.0000
Calculating Reference QoR...
ref_lut = 9924.0000/ ref_levels = 858.0000
Calculating Reference QoR...
ref_lut = 9924.0000/ ref_levels = 858.0000
Calculating Reference QoR...
ref_lut = 9924.0000/ ref_levels = 858.0000
Calculating Reference QoR...
ref_lut = 9924.0000/ ref_levels = 858.0000
Calculating Reference QoR...
ref_lut = 9924.0000/ ref_levels = 858.0000
Calculating Reference QoR...
ref_lut = 9924.0000/ ref_levels = 858.0000
    Best Score This Iteration: 1.074069 improve 46.30 %
[INFO] Iteration 68/100 — >> EXPLOITATION <<
Calculating Reference QoR...
ref_lut = 9924.0000/ ref_levels = 858.0000
Calculating Reference QoR...
ref_lut = 9924.0000/ ref_levels = 858.0000
Calculating Reference QoR...
ref_lut = 9924.0000/ ref_levels = 858.0000
Calculating Reference QoR...
ref_lut = 9924.0000/ ref_levels = 858.0000
Calculating Reference QoR...
ref_lut = 9924.0000/ ref_levels = 858.0000
Calculating Reference QoR...
ref_lut = 9924.0000/ ref_levels = 858.0000
Calculating Reference QoR...
ref_lut = 9924.0000/ ref_levels = 858.0000
Calculating Reference QoR...
ref_lut = 9924.0000/ ref_levels = 858.0000
Calculating Reference QoR...
ref_lut = 9924.0000/ ref_levels = 858.0000
    Best Score This Iteration: 1.074069 improve 46.30 %
[INFO] Iteration 69/100 — >> EXPLOITATION <<
Calculating Reference QoR...
ref_lut = 9924.0000/ ref_levels = 858.0000
Calculating Reference QoR...
ref_lut = 9924.0000/ ref_levels = 858.0000
Calculating Reference QoR...
ref_lut = 9924.0000/ ref_levels = 858.0000
Calculating Reference QoR...
ref_lut = 9924.0000/ ref_levels = 858.0000
Calculating Reference QoR...
ref_lut = 9924.0000/ ref_levels = 858.0000
Calculating Reference QoR...
ref_lut = 9924.0000/ ref_levels = 858.0000
Calculating Reference QoR...
ref_lut = 9924.0000/ ref_levels = 858.0000
Calculating Reference QoR...
ref_lut = 9924.0000/ ref_levels = 858.0000
    Best Score This Iteration: 1.074069 improve 46.30 %
[INFO] Iteration 70/100 — >> EXPLOITATION <<
Calculating Reference QoR...
ref_lut = 9924.0000/ ref_levels = 858.0000
Calculating Reference QoR...
ref_lut = 9924.0000/ ref_levels = 858.0000
Calculating Reference QoR...
ref_lut = 9924.0000/ ref_levels = 858.0000
Calculating Reference QoR...
ref_lut = 9924.0000/ ref_levels = 858.0000
Calculating Reference QoR...
ref_lut = 9924.0000/ ref_levels = 858.0000
Calculating Reference QoR...
ref_lut = 9924.0000/ ref_levels = 858.0000
Calculating Reference QoR...
ref_lut = 9924.0000/ ref_levels = 858.0000
Calculating Reference QoR...
ref_lut = 9924.0000/ ref_levels = 858.0000
    Best Score This Iteration: 1.074069 improve 46.30 %
[INFO] Iteration 71/100 — >> EXPLOITATION <<
Calculating Reference QoR...
ref_lut = 9924.0000/ ref_levels = 858.0000
Calculating Reference QoR...
ref_lut = 9924.0000/ ref_levels = 858.0000
Calculating Reference QoR...
ref_lut = 9924.0000/ ref_levels = 858.0000
Calculating Reference QoR...
ref_lut = 9924.0000/ ref_levels = 858.0000
Calculating Reference QoR...
ref_lut = 9924.0000/ ref_levels = 858.0000
Calculating Reference QoR...
ref_lut = 9924.0000/ ref_levels = 858.0000
    Best Score This Iteration: 1.074069 improve 46.30 %
[INFO] Iteration 72/100 — >> EXPLOITATION <<
Calculating Reference QoR...
ref_lut = 9924.0000/ ref_levels = 858.0000
Calculating Reference QoR...
ref_lut = 9924.0000/ ref_levels = 858.0000
Calculating Reference QoR...
ref_lut = 9924.0000/ ref_levels = 858.0000
Calculating Reference QoR...
ref_lut = 9924.0000/ ref_levels = 858.0000
Calculating Reference QoR...
ref_lut = 9924.0000/ ref_levels = 858.0000
Calculating Reference QoR...
ref_lut = 9924.0000/ ref_levels = 858.0000
    Best Score This Iteration: 1.074069 improve 46.30 %
[INFO] Iteration 73/100 — >> EXPLOITATION <<
Calculating Reference QoR...
ref_lut = 9924.0000/ ref_levels = 858.0000
Calculating Reference QoR...
ref_lut = 9924.0000/ ref_levels = 858.0000
Calculating Reference QoR...
ref_lut = 9924.0000/ ref_levels = 858.0000
Calculating Reference QoR...
ref_lut = 9924.0000/ ref_levels = 858.0000
Calculating Reference QoR...
ref_lut = 9924.0000/ ref_levels = 858.0000
Calculating Reference QoR...
ref_lut = 9924.0000/ ref_levels = 858.0000
    Best Score This Iteration: 1.074069 improve 46.30 %
[INFO] Iteration 74/100 — >> EXPLOITATION <<
Calculating Reference QoR...
ref_lut = 9924.0000/ ref_levels = 858.0000
Calculating Reference QoR...
ref_lut = 9924.0000/ ref_levels = 858.0000
Calculating Reference QoR...
ref_lut = 9924.0000/ ref_levels = 858.0000
Calculating Reference QoR...
ref_lut = 9924.0000/ ref_levels = 858.0000
Calculating Reference QoR...
ref_lut = 9924.0000/ ref_levels = 858.0000
Calculating Reference QoR...
ref_lut = 9924.0000/ ref_levels = 858.0000
Calculating Reference QoR...
ref_lut = 9924.0000/ ref_levels = 858.0000
Calculating Reference QoR...
ref_lut = 9924.0000/ ref_levels = 858.0000
Calculating Reference QoR...
ref_lut = 9924.0000/ ref_levels = 858.0000
    Best Score This Iteration: 1.074069 improve 46.30 %
[INFO] Iteration 75/100 — >> EXPLOITATION <<
Calculating Reference QoR...
ref_lut = 9924.0000/ ref_levels = 858.0000
Calculating Reference QoR...
ref_lut = 9924.0000/ ref_levels = 858.0000
Calculating Reference QoR...
ref_lut = 9924.0000/ ref_levels = 858.0000
Calculating Reference QoR...
ref_lut = 9924.0000/ ref_levels = 858.0000
Calculating Reference QoR...
ref_lut = 9924.0000/ ref_levels = 858.0000
Calculating Reference QoR...
ref_lut = 9924.0000/ ref_levels = 858.0000
    Best Score This Iteration: 1.070666 improve 46.47 %
[INFO] Iteration 76/100 — >> EXPLOITATION <<
Calculating Reference QoR...
ref_lut = 9924.0000/ ref_levels = 858.0000
Calculating Reference QoR...
ref_lut = 9924.0000/ ref_levels = 858.0000
Calculating Reference QoR...
ref_lut = 9924.0000/ ref_levels = 858.0000
Calculating Reference QoR...
ref_lut = 9924.0000/ ref_levels = 858.0000
Calculating Reference QoR...
ref_lut = 9924.0000/ ref_levels = 858.0000
Calculating Reference QoR...
ref_lut = 9924.0000/ ref_levels = 858.0000
    Best Score This Iteration: 1.069290 improve 46.54 %
[INFO] Iteration 77/100 — >> EXPLOITATION <<
Calculating Reference QoR...
ref_lut = 9924.0000/ ref_levels = 858.0000
Calculating Reference QoR...
ref_lut = 9924.0000/ ref_levels = 858.0000
Calculating Reference QoR...
ref_lut = 9924.0000/ ref_levels = 858.0000
Calculating Reference QoR...
ref_lut = 9924.0000/ ref_levels = 858.0000
Calculating Reference QoR...
ref_lut = 9924.0000/ ref_levels = 858.0000
Calculating Reference QoR...
ref_lut = 9924.0000/ ref_levels = 858.0000
Calculating Reference QoR...
ref_lut = 9924.0000/ ref_levels = 858.0000
Calculating Reference QoR...
ref_lut = 9924.0000/ ref_levels = 858.0000
Calculating Reference QoR...
ref_lut = 9924.0000/ ref_levels = 858.0000
    Best Score This Iteration: 1.069290 improve 46.54 %
[INFO] Iteration 78/100 — >> EXPLOITATION <<
Calculating Reference QoR...
ref_lut = 9924.0000/ ref_levels = 858.0000
Calculating Reference QoR...
ref_lut = 9924.0000/ ref_levels = 858.0000
Calculating Reference QoR...
ref_lut = 9924.0000/ ref_levels = 858.0000
Calculating Reference QoR...
ref_lut = 9924.0000/ ref_levels = 858.0000
Calculating Reference QoR...
ref_lut = 9924.0000/ ref_levels = 858.0000
Calculating Reference QoR...
ref_lut = 9924.0000/ ref_levels = 858.0000
    Best Score This Iteration: 1.069290 improve 46.54 %
[INFO] Iteration 79/100 — >> EXPLOITATION <<
Calculating Reference QoR...
ref_lut = 9924.0000/ ref_levels = 858.0000
Calculating Reference QoR...
ref_lut = 9924.0000/ ref_levels = 858.0000
Calculating Reference QoR...
ref_lut = 9924.0000/ ref_levels = 858.0000
Calculating Reference QoR...
ref_lut = 9924.0000/ ref_levels = 858.0000
Calculating Reference QoR...
ref_lut = 9924.0000/ ref_levels = 858.0000
Calculating Reference QoR...
ref_lut = 9924.0000/ ref_levels = 858.0000
    Best Score This Iteration: 1.069290 improve 46.54 %
[INFO] Iteration 80/100 — >> EXPLOITATION <<
Calculating Reference QoR...
ref_lut = 9924.0000/ ref_levels = 858.0000
Calculating Reference QoR...
ref_lut = 9924.0000/ ref_levels = 858.0000
Calculating Reference QoR...
ref_lut = 9924.0000/ ref_levels = 858.0000
Calculating Reference QoR...
ref_lut = 9924.0000/ ref_levels = 858.0000
Calculating Reference QoR...
ref_lut = 9924.0000/ ref_levels = 858.0000
    Best Score This Iteration: 1.069290 improve 46.54 %
[INFO] Iteration 81/100 — >> EXPLOITATION <<
Calculating Reference QoR...
ref_lut = 9924.0000/ ref_levels = 858.0000
Calculating Reference QoR...
ref_lut = 9924.0000/ ref_levels = 858.0000
Calculating Reference QoR...
ref_lut = 9924.0000/ ref_levels = 858.0000
Calculating Reference QoR...
ref_lut = 9924.0000/ ref_levels = 858.0000
Calculating Reference QoR...
ref_lut = 9924.0000/ ref_levels = 858.0000
Calculating Reference QoR...
ref_lut = 9924.0000/ ref_levels = 858.0000
Calculating Reference QoR...
ref_lut = 9924.0000/ ref_levels = 858.0000
Calculating Reference QoR...
ref_lut = 9924.0000/ ref_levels = 858.0000
Calculating Reference QoR...
ref_lut = 9924.0000/ ref_levels = 858.0000
    Best Score This Iteration: 1.069290 improve 46.54 %
[INFO] Iteration 82/100 — >> EXPLOITATION <<
Calculating Reference QoR...
ref_lut = 9924.0000/ ref_levels = 858.0000
Calculating Reference QoR...
ref_lut = 9924.0000/ ref_levels = 858.0000
Calculating Reference QoR...
ref_lut = 9924.0000/ ref_levels = 858.0000
Calculating Reference QoR...
ref_lut = 9924.0000/ ref_levels = 858.0000
Calculating Reference QoR...
ref_lut = 9924.0000/ ref_levels = 858.0000
Calculating Reference QoR...
ref_lut = 9924.0000/ ref_levels = 858.0000
Calculating Reference QoR...
ref_lut = 9924.0000/ ref_levels = 858.0000
Calculating Reference QoR...
ref_lut = 9924.0000/ ref_levels = 858.0000
Calculating Reference QoR...
ref_lut = 9924.0000/ ref_levels = 858.0000
    Best Score This Iteration: 1.069290 improve 46.54 %
[INFO] Iteration 83/100 — >> EXPLOITATION <<
Calculating Reference QoR...
ref_lut = 9924.0000/ ref_levels = 858.0000
Calculating Reference QoR...
ref_lut = 9924.0000/ ref_levels = 858.0000
Calculating Reference QoR...
ref_lut = 9924.0000/ ref_levels = 858.0000
Calculating Reference QoR...
ref_lut = 9924.0000/ ref_levels = 858.0000
Calculating Reference QoR...
ref_lut = 9924.0000/ ref_levels = 858.0000
Calculating Reference QoR...
ref_lut = 9924.0000/ ref_levels = 858.0000
    Best Score This Iteration: 1.069290 improve 46.54 %
[INFO] Iteration 84/100 — >> EXPLOITATION <<
Calculating Reference QoR...
ref_lut = 9924.0000/ ref_levels = 858.0000
Calculating Reference QoR...
ref_lut = 9924.0000/ ref_levels = 858.0000
Calculating Reference QoR...
ref_lut = 9924.0000/ ref_levels = 858.0000
Calculating Reference QoR...
ref_lut = 9924.0000/ ref_levels = 858.0000
Calculating Reference QoR...
ref_lut = 9924.0000/ ref_levels = 858.0000
    Best Score This Iteration: 1.069290 improve 46.54 %
[INFO] Iteration 85/100 — >> EXPLOITATION <<
Calculating Reference QoR...
ref_lut = 9924.0000/ ref_levels = 858.0000
Calculating Reference QoR...
ref_lut = 9924.0000/ ref_levels = 858.0000
Calculating Reference QoR...
ref_lut = 9924.0000/ ref_levels = 858.0000
Calculating Reference QoR...
ref_lut = 9924.0000/ ref_levels = 858.0000
Calculating Reference QoR...
ref_lut = 9924.0000/ ref_levels = 858.0000
    Best Score This Iteration: 1.069290 improve 46.54 %
[INFO] Iteration 86/100 — >> EXPLOITATION <<
Calculating Reference QoR...
ref_lut = 9924.0000/ ref_levels = 858.0000
Calculating Reference QoR...
ref_lut = 9924.0000/ ref_levels = 858.0000
Calculating Reference QoR...
ref_lut = 9924.0000/ ref_levels = 858.0000
Calculating Reference QoR...
ref_lut = 9924.0000/ ref_levels = 858.0000
Calculating Reference QoR...
ref_lut = 9924.0000/ ref_levels = 858.0000
Calculating Reference QoR...
ref_lut = 9924.0000/ ref_levels = 858.0000
    Best Score This Iteration: 1.069290 improve 46.54 %
[INFO] Iteration 87/100 — << EXPLORATION >>
Calculating Reference QoR...
ref_lut = 9924.0000/ ref_levels = 858.0000
Calculating Reference QoR...
ref_lut = 9924.0000/ ref_levels = 858.0000
Calculating Reference QoR...
ref_lut = 9924.0000/ ref_levels = 858.0000
Calculating Reference QoR...
ref_lut = 9924.0000/ ref_levels = 858.0000
Calculating Reference QoR...
ref_lut = 9924.0000/ ref_levels = 858.0000
    Best Score This Iteration: 1.069290 improve 46.54 %
[INFO] Iteration 88/100 — << EXPLORATION >>
Calculating Reference QoR...
ref_lut = 9924.0000/ ref_levels = 858.0000
Calculating Reference QoR...
ref_lut = 9924.0000/ ref_levels = 858.0000
Calculating Reference QoR...
ref_lut = 9924.0000/ ref_levels = 858.0000
Calculating Reference QoR...
ref_lut = 9924.0000/ ref_levels = 858.0000
Calculating Reference QoR...
ref_lut = 9924.0000/ ref_levels = 858.0000
Calculating Reference QoR...
ref_lut = 9924.0000/ ref_levels = 858.0000
Calculating Reference QoR...
ref_lut = 9924.0000/ ref_levels = 858.0000
Calculating Reference QoR...
ref_lut = 9924.0000/ ref_levels = 858.0000
Calculating Reference QoR...
ref_lut = 9924.0000/ ref_levels = 858.0000
    Best Score This Iteration: 1.069290 improve 46.54 %
[INFO] Iteration 89/100 — << EXPLORATION >>
Calculating Reference QoR...
ref_lut = 9924.0000/ ref_levels = 858.0000
Calculating Reference QoR...
ref_lut = 9924.0000/ ref_levels = 858.0000
Calculating Reference QoR...
ref_lut = 9924.0000/ ref_levels = 858.0000
Calculating Reference QoR...
ref_lut = 9924.0000/ ref_levels = 858.0000
Calculating Reference QoR...
ref_lut = 9924.0000/ ref_levels = 858.0000
Calculating Reference QoR...
ref_lut = 9924.0000/ ref_levels = 858.0000
Calculating Reference QoR...
ref_lut = 9924.0000/ ref_levels = 858.0000
Calculating Reference QoR...
ref_lut = 9924.0000/ ref_levels = 858.0000
    Best Score This Iteration: 1.069290 improve 46.54 %
[INFO] Iteration 90/100 — << EXPLORATION >>
Calculating Reference QoR...
ref_lut = 9924.0000/ ref_levels = 858.0000
Calculating Reference QoR...
ref_lut = 9924.0000/ ref_levels = 858.0000
Calculating Reference QoR...
ref_lut = 9924.0000/ ref_levels = 858.0000
Calculating Reference QoR...
ref_lut = 9924.0000/ ref_levels = 858.0000
Calculating Reference QoR...
ref_lut = 9924.0000/ ref_levels = 858.0000
Calculating Reference QoR...
ref_lut = 9924.0000/ ref_levels = 858.0000
Calculating Reference QoR...
ref_lut = 9924.0000/ ref_levels = 858.0000
Calculating Reference QoR...
ref_lut = 9924.0000/ ref_levels = 858.0000
Calculating Reference QoR...
ref_lut = 9924.0000/ ref_levels = 858.0000
    Best Score This Iteration: 1.069290 improve 46.54 %
[INFO] Iteration 91/100 — << EXPLORATION >>
Calculating Reference QoR...
ref_lut = 9924.0000/ ref_levels = 858.0000
Calculating Reference QoR...
ref_lut = 9924.0000/ ref_levels = 858.0000
Calculating Reference QoR...
ref_lut = 9924.0000/ ref_levels = 858.0000
Calculating Reference QoR...
ref_lut = 9924.0000/ ref_levels = 858.0000
Calculating Reference QoR...
ref_lut = 9924.0000/ ref_levels = 858.0000
Calculating Reference QoR...
ref_lut = 9924.0000/ ref_levels = 858.0000
Calculating Reference QoR...
ref_lut = 9924.0000/ ref_levels = 858.0000
Calculating Reference QoR...
ref_lut = 9924.0000/ ref_levels = 858.0000
Calculating Reference QoR...
ref_lut = 9924.0000/ ref_levels = 858.0000
[STALL] Injecting diversity and elite memory...
    Best Score This Iteration: 1.069290 improve 46.54 %
[INFO] Iteration 92/100 — << EXPLORATION >>
Calculating Reference QoR...
ref_lut = 9924.0000/ ref_levels = 858.0000
Calculating Reference QoR...
ref_lut = 9924.0000/ ref_levels = 858.0000
Calculating Reference QoR...
ref_lut = 9924.0000/ ref_levels = 858.0000
Calculating Reference QoR...
ref_lut = 9924.0000/ ref_levels = 858.0000
Calculating Reference QoR...
ref_lut = 9924.0000/ ref_levels = 858.0000
Calculating Reference QoR...
ref_lut = 9924.0000/ ref_levels = 858.0000
Calculating Reference QoR...
ref_lut = 9924.0000/ ref_levels = 858.0000
Calculating Reference QoR...
ref_lut = 9924.0000/ ref_levels = 858.0000
    Best Score This Iteration: 1.069290 improve 46.54 %
[INFO] Iteration 93/100 — << EXPLORATION >>
Calculating Reference QoR...
ref_lut = 9924.0000/ ref_levels = 858.0000
Calculating Reference QoR...
ref_lut = 9924.0000/ ref_levels = 858.0000
Calculating Reference QoR...
ref_lut = 9924.0000/ ref_levels = 858.0000
Calculating Reference QoR...
ref_lut = 9924.0000/ ref_levels = 858.0000
Calculating Reference QoR...
ref_lut = 9924.0000/ ref_levels = 858.0000
Calculating Reference QoR...
ref_lut = 9924.0000/ ref_levels = 858.0000
Calculating Reference QoR...
ref_lut = 9924.0000/ ref_levels = 858.0000
Calculating Reference QoR...
ref_lut = 9924.0000/ ref_levels = 858.0000
Calculating Reference QoR...
ref_lut = 9924.0000/ ref_levels = 858.0000
    Best Score This Iteration: 1.069290 improve 46.54 %
[INFO] Iteration 94/100 — << EXPLORATION >>
Calculating Reference QoR...
ref_lut = 9924.0000/ ref_levels = 858.0000
Calculating Reference QoR...
ref_lut = 9924.0000/ ref_levels = 858.0000
Calculating Reference QoR...
ref_lut = 9924.0000/ ref_levels = 858.0000
Calculating Reference QoR...
ref_lut = 9924.0000/ ref_levels = 858.0000
Calculating Reference QoR...
ref_lut = 9924.0000/ ref_levels = 858.0000
Calculating Reference QoR...
ref_lut = 9924.0000/ ref_levels = 858.0000
Calculating Reference QoR...
ref_lut = 9924.0000/ ref_levels = 858.0000
Calculating Reference QoR...
ref_lut = 9924.0000/ ref_levels = 858.0000
    Best Score This Iteration: 1.069290 improve 46.54 %
[INFO] Iteration 95/100 — << EXPLORATION >>
Calculating Reference QoR...
ref_lut = 9924.0000/ ref_levels = 858.0000
Calculating Reference QoR...
ref_lut = 9924.0000/ ref_levels = 858.0000
Calculating Reference QoR...
ref_lut = 9924.0000/ ref_levels = 858.0000
Calculating Reference QoR...
ref_lut = 9924.0000/ ref_levels = 858.0000
Calculating Reference QoR...
ref_lut = 9924.0000/ ref_levels = 858.0000
Calculating Reference QoR...
ref_lut = 9924.0000/ ref_levels = 858.0000
Calculating Reference QoR...
ref_lut = 9924.0000/ ref_levels = 858.0000
Calculating Reference QoR...
ref_lut = 9924.0000/ ref_levels = 858.0000
Calculating Reference QoR...
ref_lut = 9924.0000/ ref_levels = 858.0000
    Best Score This Iteration: 1.069290 improve 46.54 %
[INFO] Iteration 96/100 — << EXPLORATION >>
Calculating Reference QoR...
ref_lut = 9924.0000/ ref_levels = 858.0000
Calculating Reference QoR...
ref_lut = 9924.0000/ ref_levels = 858.0000
Calculating Reference QoR...
ref_lut = 9924.0000/ ref_levels = 858.0000
Calculating Reference QoR...
ref_lut = 9924.0000/ ref_levels = 858.0000
Calculating Reference QoR...
ref_lut = 9924.0000/ ref_levels = 858.0000
    Best Score This Iteration: 1.069290 improve 46.54 %
[INFO] Iteration 97/100 — << EXPLORATION >>
Calculating Reference QoR...
ref_lut = 9924.0000/ ref_levels = 858.0000
Calculating Reference QoR...
ref_lut = 9924.0000/ ref_levels = 858.0000
Calculating Reference QoR...
ref_lut = 9924.0000/ ref_levels = 858.0000
Calculating Reference QoR...
ref_lut = 9924.0000/ ref_levels = 858.0000
Calculating Reference QoR...
ref_lut = 9924.0000/ ref_levels = 858.0000
Calculating Reference QoR...
ref_lut = 9924.0000/ ref_levels = 858.0000
    Best Score This Iteration: 1.069290 improve 46.54 %
[INFO] Iteration 98/100 — << EXPLORATION >>
Calculating Reference QoR...
ref_lut = 9924.0000/ ref_levels = 858.0000
Calculating Reference QoR...
ref_lut = 9924.0000/ ref_levels = 858.0000
Calculating Reference QoR...
ref_lut = 9924.0000/ ref_levels = 858.0000
Calculating Reference QoR...
ref_lut = 9924.0000/ ref_levels = 858.0000
Calculating Reference QoR...
ref_lut = 9924.0000/ ref_levels = 858.0000
    Best Score This Iteration: 1.069290 improve 46.54 %
[INFO] Iteration 99/100 — << EXPLORATION >>
Calculating Reference QoR...
ref_lut = 9924.0000/ ref_levels = 858.0000
Calculating Reference QoR...
ref_lut = 9924.0000/ ref_levels = 858.0000
Calculating Reference QoR...
ref_lut = 9924.0000/ ref_levels = 858.0000
Calculating Reference QoR...
ref_lut = 9924.0000/ ref_levels = 858.0000
Calculating Reference QoR...
ref_lut = 9924.0000/ ref_levels = 858.0000
    Best Score This Iteration: 1.069290 improve 46.54 %
[INFO] Iteration 100/100 — << EXPLORATION >>
Calculating Reference QoR...
ref_lut = 9924.0000/ ref_levels = 858.0000
Calculating Reference QoR...
ref_lut = 9924.0000/ ref_levels = 858.0000
Calculating Reference QoR...
ref_lut = 9924.0000/ ref_levels = 858.0000
Calculating Reference QoR...
ref_lut = 9924.0000/ ref_levels = 858.0000
Calculating Reference QoR...
ref_lut = 9924.0000/ ref_levels = 858.0000
Calculating Reference QoR...
ref_lut = 9924.0000/ ref_levels = 858.0000
Calculating Reference QoR...
ref_lut = 9924.0000/ ref_levels = 858.0000
Calculating Reference QoR...
ref_lut = 9924.0000/ ref_levels = 858.0000
Calculating Reference QoR...
ref_lut = 9924.0000/ ref_levels = 858.0000
    Best Score This Iteration: 1.069290 improve 46.54 %
[📄] Convergence CSV saved to logs/convergence.csv

[RESULTS]
Best Position (binary): 10110000101000111011011110001100010111110010110001001001110101110010111110001000
Best Score (QoR): 1.069290
QoR Improvement: 46.54%
Elapsed Time: 38296.55 seconds
----------------------------------
[📄] Results saved to logs/final_result.csv
